Archive member included to satisfy reference by file (symbol)

p:/raspberrypicosdk/gcc-arm-none-eabi/bin/../lib/gcc/arm-none-eabi/10.3.1/thumb/v6-m/nofp\libgcc.a(_dvmd_tls.o)
                              src/CMakeFiles/picow_ble_temp_sensor.dir/P_/RaspberryPicoSDK/pico-sdk/src/rp2_common/pico_divider/divider.S.obj (__aeabi_idiv0)
p:/raspberrypicosdk/gcc-arm-none-eabi/bin/../lib/gcc/arm-none-eabi/10.3.1/../../../../arm-none-eabi/lib/thumb/v6-m/nofp\libg.a(lib_a-calloc.o)
                              src/CMakeFiles/picow_ble_temp_sensor.dir/P_/RaspberryPicoSDK/pico-sdk/src/rp2_common/pico_malloc/pico_malloc.c.obj (calloc)
p:/raspberrypicosdk/gcc-arm-none-eabi/bin/../lib/gcc/arm-none-eabi/10.3.1/../../../../arm-none-eabi/lib/thumb/v6-m/nofp\libg.a(lib_a-callocr.o)
                              p:/raspberrypicosdk/gcc-arm-none-eabi/bin/../lib/gcc/arm-none-eabi/10.3.1/../../../../arm-none-eabi/lib/thumb/v6-m/nofp\libg.a(lib_a-calloc.o) (_calloc_r)
p:/raspberrypicosdk/gcc-arm-none-eabi/bin/../lib/gcc/arm-none-eabi/10.3.1/../../../../arm-none-eabi/lib/thumb/v6-m/nofp\libg.a(lib_a-errno.o)
                              p:/raspberrypicosdk/gcc-arm-none-eabi/bin/../lib/gcc/arm-none-eabi/10.3.1/../../../../arm-none-eabi/lib/thumb/v6-m/nofp\libg.a(lib_a-callocr.o) (__errno)
p:/raspberrypicosdk/gcc-arm-none-eabi/bin/../lib/gcc/arm-none-eabi/10.3.1/../../../../arm-none-eabi/lib/thumb/v6-m/nofp\libg.a(lib_a-impure.o)
                              p:/raspberrypicosdk/gcc-arm-none-eabi/bin/../lib/gcc/arm-none-eabi/10.3.1/../../../../arm-none-eabi/lib/thumb/v6-m/nofp\libg.a(lib_a-calloc.o) (_impure_ptr)
p:/raspberrypicosdk/gcc-arm-none-eabi/bin/../lib/gcc/arm-none-eabi/10.3.1/../../../../arm-none-eabi/lib/thumb/v6-m/nofp\libg.a(lib_a-init.o)
                              p:/raspberrypicosdk/gcc-arm-none-eabi/bin/../lib/gcc/arm-none-eabi/10.3.1/../../../../arm-none-eabi/lib/thumb/v6-m/nofp/crt0.o (__libc_init_array)
p:/raspberrypicosdk/gcc-arm-none-eabi/bin/../lib/gcc/arm-none-eabi/10.3.1/../../../../arm-none-eabi/lib/thumb/v6-m/nofp\libg.a(lib_a-malloc.o)
                              src/CMakeFiles/picow_ble_temp_sensor.dir/P_/RaspberryPicoSDK/pico-sdk/src/rp2_common/pico_malloc/pico_malloc.c.obj (malloc)
p:/raspberrypicosdk/gcc-arm-none-eabi/bin/../lib/gcc/arm-none-eabi/10.3.1/../../../../arm-none-eabi/lib/thumb/v6-m/nofp\libg.a(lib_a-mallocr.o)
                              p:/raspberrypicosdk/gcc-arm-none-eabi/bin/../lib/gcc/arm-none-eabi/10.3.1/../../../../arm-none-eabi/lib/thumb/v6-m/nofp\libg.a(lib_a-callocr.o) (_malloc_r)
p:/raspberrypicosdk/gcc-arm-none-eabi/bin/../lib/gcc/arm-none-eabi/10.3.1/../../../../arm-none-eabi/lib/thumb/v6-m/nofp\libg.a(lib_a-memcmp.o)
                              src/CMakeFiles/picow_ble_temp_sensor.dir/P_/RaspberryPicoSDK/pico-sdk/lib/btstack/src/ble/att_db.c.obj (memcmp)
p:/raspberrypicosdk/gcc-arm-none-eabi/bin/../lib/gcc/arm-none-eabi/10.3.1/../../../../arm-none-eabi/lib/thumb/v6-m/nofp\libg.a(lib_a-memmove.o)
                              src/CMakeFiles/picow_ble_temp_sensor.dir/P_/RaspberryPicoSDK/pico-sdk/lib/btstack/src/ble/gatt-service/hids_client.c.obj (memmove)
p:/raspberrypicosdk/gcc-arm-none-eabi/bin/../lib/gcc/arm-none-eabi/10.3.1/../../../../arm-none-eabi/lib/thumb/v6-m/nofp\libg.a(lib_a-mlock.o)
                              p:/raspberrypicosdk/gcc-arm-none-eabi/bin/../lib/gcc/arm-none-eabi/10.3.1/../../../../arm-none-eabi/lib/thumb/v6-m/nofp\libg.a(lib_a-mallocr.o) (__malloc_lock)
p:/raspberrypicosdk/gcc-arm-none-eabi/bin/../lib/gcc/arm-none-eabi/10.3.1/../../../../arm-none-eabi/lib/thumb/v6-m/nofp\libg.a(lib_a-realloc.o)
                              src/CMakeFiles/picow_ble_temp_sensor.dir/P_/RaspberryPicoSDK/pico-sdk/src/rp2_common/pico_malloc/pico_malloc.c.obj (realloc)
p:/raspberrypicosdk/gcc-arm-none-eabi/bin/../lib/gcc/arm-none-eabi/10.3.1/../../../../arm-none-eabi/lib/thumb/v6-m/nofp\libg.a(lib_a-reallocr.o)
                              p:/raspberrypicosdk/gcc-arm-none-eabi/bin/../lib/gcc/arm-none-eabi/10.3.1/../../../../arm-none-eabi/lib/thumb/v6-m/nofp\libg.a(lib_a-realloc.o) (_realloc_r)
p:/raspberrypicosdk/gcc-arm-none-eabi/bin/../lib/gcc/arm-none-eabi/10.3.1/../../../../arm-none-eabi/lib/thumb/v6-m/nofp\libg.a(lib_a-sbrkr.o)
                              p:/raspberrypicosdk/gcc-arm-none-eabi/bin/../lib/gcc/arm-none-eabi/10.3.1/../../../../arm-none-eabi/lib/thumb/v6-m/nofp\libg.a(lib_a-mallocr.o) (_sbrk_r)
p:/raspberrypicosdk/gcc-arm-none-eabi/bin/../lib/gcc/arm-none-eabi/10.3.1/../../../../arm-none-eabi/lib/thumb/v6-m/nofp\libg.a(lib_a-strlen-stub.o)
                              src/CMakeFiles/picow_ble_temp_sensor.dir/P_/RaspberryPicoSDK/pico-sdk/src/rp2_common/pico_stdio/stdio.c.obj (strlen)
p:/raspberrypicosdk/gcc-arm-none-eabi/bin/../lib/gcc/arm-none-eabi/10.3.1/../../../../arm-none-eabi/lib/thumb/v6-m/nofp\libg.a(lib_a-strncmp.o)
[...]
Memory Configuration

Name             Origin             Length             Attributes
FLASH            0x10000000         0x00200000         xr
RAM              0x20000000         0x00040000         xrw
SCRATCH_X        0x20040000         0x00001000         xrw
SCRATCH_Y        0x20041000         0x00001000         xrw
*default*        0x00000000         0xffffffff

Linker script and memory map

LOAD p:/raspberrypicosdk/gcc-arm-none-eabi/bin/../lib/gcc/arm-none-eabi/10.3.1/thumb/v6-m/nofp/crti.o
LOAD p:/raspberrypicosdk/gcc-arm-none-eabi/bin/../lib/gcc/arm-none-eabi/10.3.1/thumb/v6-m/nofp/crtbegin.o
LOAD p:/raspberrypicosdk/gcc-arm-none-eabi/bin/../lib/gcc/arm-none-eabi/10.3.1/../../../../arm-none-eabi/lib/thumb/v6-m/nofp/crt0.o

.flash_begin    0x10000000        0x0
                0x10000000                __flash_binary_start = .

.boot2          0x10000000      0x100
                0x10000000                __boot2_start__ = .
 *(.boot2)
 .boot2         0x10000000      0x100 C:\Users\noe\AppData\Local\Temp\ccmWMn26.o
                0x10000100                __boot2_end__ = .
                0x00000001                ASSERT (((__boot2_end__ - __boot2_start__) == 0x100), ERROR: Pico second stage bootloader must be 256 bytes in size)

.text           0x10000100    0x16a70
                0x10000100                __logical_binary_start = .
 *(.vectors)
 .vectors       0x10000100       0xd4 src/CMakeFiles/picow_ble_temp_sensor.dir/P_/RaspberryPicoSDK/pico-sdk/src/rp2_common/pico_standard_link/crt0.S.obj
                0x10000100                __VECTOR_TABLE
                0x10000100                __vectors
                0x100001c0                isr_invalid
                0x100001c0                __default_isrs_start
                0x100001c2                isr_nmi
                0x100001c4                isr_hardfault
                0x100001c6                isr_svcall
                0x100001c8                isr_pendsv
                0x100001ca                isr_systick
                0x100001cc                isr_irq23
                0x100001cc                isr_irq18
                0x100001cc                isr_irq11
                0x100001cc                isr_irq28
                0x100001cc                isr_irq19
                0x100001cc                isr_irq0
                0x100001cc                isr_irq6
                0x100001cc                isr_irq5
                0x100001cc                isr_irq12
                0x100001cc                isr_irq22
                0x100001cc                isr_irq31
                0x100001cc                isr_irq17
                0x100001cc                isr_irq27
                0x100001cc                isr_irq30
                0x100001cc                isr_irq2
                0x100001cc                isr_irq10
                0x100001cc                isr_irq8
                0x100001cc                isr_irq24
                0x100001cc                isr_irq1
                0x100001cc                isr_irq7
                0x100001cc                isr_irq21
                0x100001cc                isr_irq20
                0x100001cc                isr_irq15
                0x100001cc                isr_irq25
                0x100001cc                isr_irq13
                0x100001cc                __unhandled_user_irq
                0x100001cc                isr_irq4
                0x100001cc                isr_irq16
                0x100001cc                isr_irq29
                0x100001cc                isr_irq26
                0x100001cc                __default_isrs_end
                0x100001cc                isr_irq3
                0x100001cc                isr_irq14
                0x100001cc                isr_irq9
                0x100001d2                unhandled_user_irq_num_in_r0
 *(.binary_info_header)
 .binary_info_header
                0x100001d4       0x14 src/CMakeFiles/picow_ble_temp_sensor.dir/P_/RaspberryPicoSDK/pico-sdk/src/rp2_common/pico_standard_link/crt0.S.obj
                0x100001e8                __binary_info_header_end = .
 *(.reset)
 .reset         0x100001e8       0xa0 src/CMakeFiles/picow_ble_temp_sensor.dir/P_/RaspberryPicoSDK/pico-sdk/src/rp2_common/pico_standard_link/crt0.S.obj
                0x100001e8                _entry_point
 .reset         0x10000288       0x30 src/CMakeFiles/picow_ble_temp_sensor.dir/P_/RaspberryPicoSDK/pico-sdk/src/rp2_common/pico_standard_link/binary_info.c.obj
 *(.init)
 .init          0x100002b8        0x4 p:/raspberrypicosdk/gcc-arm-none-eabi/bin/../lib/gcc/arm-none-eabi/10.3.1/thumb/v6-m/nofp/crti.o
                0x100002b8                _init
 *(EXCLUDE_FILE(*libm.a: *libc.a:*lib_a-mem*.o *libgcc.a:) .text*)
 .text          0x100002bc       0x48 p:/raspberrypicosdk/gcc-arm-none-eabi/bin/../lib/gcc/arm-none-eabi/10.3.1/thumb/v6-m/nofp/crtbegin.o
 .text.heartbeat_handler
                0x10000304       0x60 src/CMakeFiles/picow_ble_temp_sensor.dir/server.c.obj
 .text.main     0x10000364       0xac src/CMakeFiles/picow_ble_temp_sensor.dir/server.c.obj
                0x10000364                main
 .text.att_read_callback
                0x10000410       0x24 src/CMakeFiles/picow_ble_temp_sensor.dir/server_common.c.obj
                0x10000410                att_read_callback
 .text.att_write_callback
                0x10000434       0x38 src/CMakeFiles/picow_ble_temp_sensor.dir/server_common.c.obj
                0x10000434                att_write_callback
 .text.poll_temp
                0x1000046c       0xb4 src/CMakeFiles/picow_ble_temp_sensor.dir/server_common.c.obj
                0x1000046c                poll_temp
 .text.packet_handler
                0x10000520       0x98 src/CMakeFiles/picow_ble_temp_sensor.dir/server_common.c.obj
                0x10000520                packet_handler
 .text.gpio_set_function
                0x100005b8       0x30 src/CMakeFiles/picow_ble_temp_sensor.dir/P_/RaspberryPicoSDK/pico-sdk/src/rp2_common/hardware_gpio/gpio.c.obj
                0x100005b8                gpio_set_function
 .text.gpio_set_pulls
                0x100005e8       0x34 src/CMakeFiles/picow_ble_temp_sensor.dir/P_/RaspberryPicoSDK/pico-sdk/src/rp2_common/hardware_gpio/gpio.c.obj
                0x100005e8                gpio_set_pulls
 .text.gpio_set_input_hysteresis_enabled
                0x1000061c       0x30 src/CMakeFiles/picow_ble_temp_sensor.dir/P_/RaspberryPicoSDK/pico-sdk/src/rp2_common/hardware_gpio/gpio.c.obj
                0x1000061c                gpio_set_input_hysteresis_enabled
 .text.gpio_add_raw_irq_handler_with_order_priority_masked
                0x1000064c       0x40 src/CMakeFiles/picow_ble_temp_sensor.dir/P_/RaspberryPicoSDK/pico-sdk/src/rp2_common/hardware_gpio/gpio.c.obj
                0x1000064c                gpio_add_raw_irq_handler_with_order_priority_masked
 .text.gpio_remove_raw_irq_handler_masked
                0x1000068c       0x48 src/CMakeFiles/picow_ble_temp_sensor.dir/P_/RaspberryPicoSDK/pico-sdk/src/rp2_common/hardware_gpio/gpio.c.obj
                0x1000068c                gpio_remove_raw_irq_handler_masked
 .text.gpio_acknowledge_irq
                0x100006d4       0x18 src/CMakeFiles/picow_ble_temp_sensor.dir/P_/RaspberryPicoSDK/pico-sdk/src/rp2_common/hardware_gpio/gpio.c.obj
                0x100006d4                gpio_acknowledge_irq
 .text._gpio_set_irq_enabled
                0x100006ec       0x34 src/CMakeFiles/picow_ble_temp_sensor.dir/P_/RaspberryPicoSDK/pico-sdk/src/rp2_common/hardware_gpio/gpio.c.obj
 .text.gpio_set_irq_enabled
                0x10000720       0x20 src/CMakeFiles/picow_ble_temp_sensor.dir/P_/RaspberryPicoSDK/pico-sdk/src/rp2_common/hardware_gpio/gpio.c.obj
                0x10000720                gpio_set_irq_enabled
 .text.gpio_init
                0x10000740       0x16 src/CMakeFiles/picow_ble_temp_sensor.dir/P_/RaspberryPicoSDK/pico-sdk/src/rp2_common/hardware_gpio/gpio.c.obj
                0x10000740                gpio_init
 *fill*         0x10000756        0x2 
 .text.running_on_fpga
                0x10000758       0x14 src/CMakeFiles/picow_ble_temp_sensor.dir/P_/RaspberryPicoSDK/pico-sdk/src/rp2_common/pico_platform/platform.c.obj
                0x10000758                running_on_fpga
 .text.hw_claim_lock
                0x1000076c       0x18 src/CMakeFiles/picow_ble_temp_sensor.dir/P_/RaspberryPicoSDK/pico-sdk/src/rp2_common/hardware_claim/claim.c.obj
                0x1000076c                hw_claim_lock
 .text.hw_claim_unlock
                0x10000784       0x14 src/CMakeFiles/picow_ble_temp_sensor.dir/P_/RaspberryPicoSDK/pico-sdk/src/rp2_common/hardware_claim/claim.c.obj
                0x10000784                hw_claim_unlock
 .text.hw_claim_or_assert
                0x10000798       0x32 src/CMakeFiles/picow_ble_temp_sensor.dir/P_/RaspberryPicoSDK/pico-sdk/src/rp2_common/hardware_claim/claim.c.obj
                0x10000798                hw_claim_or_assert
 .text.hw_claim_unused_from_range
                0x100007ca       0x50 src/CMakeFiles/picow_ble_temp_sensor.dir/P_/RaspberryPicoSDK/pico-sdk/src/rp2_common/hardware_claim/claim.c.obj
                0x100007ca                hw_claim_unused_from_range
 *fill*         0x1000081a        0x2 
 .text.hw_claim_clear
                0x1000081c       0x40 src/CMakeFiles/picow_ble_temp_sensor.dir/P_/RaspberryPicoSDK/pico-sdk/src/rp2_common/hardware_claim/claim.c.obj
                0x1000081c                hw_claim_clear
 .text.spin_locks_reset
                0x1000085c       0x20 src/CMakeFiles/picow_ble_temp_sensor.dir/P_/RaspberryPicoSDK/pico-sdk/src/rp2_common/hardware_sync/sync.c.obj
                0x1000085c                spin_locks_reset
 .text.next_striped_spin_lock_num
                0x1000087c       0x1c src/CMakeFiles/picow_ble_temp_sensor.dir/P_/RaspberryPicoSDK/pico-sdk/src/rp2_common/hardware_sync/sync.c.obj
                0x1000087c                next_striped_spin_lock_num
 .text.set_raw_irq_handler_and_unlock
                0x10000898       0x28 src/CMakeFiles/picow_ble_temp_sensor.dir/P_/RaspberryPicoSDK/pico-sdk/src/rp2_common/hardware_irq/irq.c.obj
 .text.get_user_irq_claim_index
                0x100008c0        0x6 src/CMakeFiles/picow_ble_temp_sensor.dir/P_/RaspberryPicoSDK/pico-sdk/src/rp2_common/hardware_irq/irq.c.obj
 *fill*         0x100008c6        0x2 
 .text.make_branch
                0x100008c8       0x48 src/CMakeFiles/picow_ble_temp_sensor.dir/P_/RaspberryPicoSDK/pico-sdk/src/rp2_common/hardware_irq/irq.c.obj
 .text.insert_branch_and_link
                0x10000910       0x40 src/CMakeFiles/picow_ble_temp_sensor.dir/P_/RaspberryPicoSDK/pico-sdk/src/rp2_common/hardware_irq/irq.c.obj
 .text.irq_is_enabled
                0x10000950       0x18 src/CMakeFiles/picow_ble_temp_sensor.dir/P_/RaspberryPicoSDK/pico-sdk/src/rp2_common/hardware_irq/irq.c.obj
                0x10000950                irq_is_enabled
 .text.irq_set_mask_enabled
                0x10000968       0x20 src/CMakeFiles/picow_ble_temp_sensor.dir/P_/RaspberryPicoSDK/pico-sdk/src/rp2_common/hardware_irq/irq.c.obj
                0x10000968                irq_set_mask_enabled
 .text.irq_set_enabled
                0x10000988        0xe src/CMakeFiles/picow_ble_temp_sensor.dir/P_/RaspberryPicoSDK/pico-sdk/src/rp2_common/hardware_irq/irq.c.obj
                0x10000988                irq_set_enabled
 *fill*         0x10000996        0x2 
 .text.irq_set_pending
                0x10000998       0x10 src/CMakeFiles/picow_ble_temp_sensor.dir/P_/RaspberryPicoSDK/pico-sdk/src/rp2_common/hardware_irq/irq.c.obj
                0x10000998                irq_set_pending
 .text.irq_get_vtable_handler
                0x100009a8       0x10 src/CMakeFiles/picow_ble_temp_sensor.dir/P_/RaspberryPicoSDK/pico-sdk/src/rp2_common/hardware_irq/irq.c.obj
                0x100009a8                irq_get_vtable_handler
 .text.irq_set_exclusive_handler
                0x100009b8       0x54 src/CMakeFiles/picow_ble_temp_sensor.dir/P_/RaspberryPicoSDK/pico-sdk/src/rp2_common/hardware_irq/irq.c.obj
                0x100009b8                irq_set_exclusive_handler
 .text.irq_add_shared_handler
                0x10000a0c      0x234 src/CMakeFiles/picow_ble_temp_sensor.dir/P_/RaspberryPicoSDK/pico-sdk/src/rp2_common/hardware_irq/irq.c.obj
                0x10000a0c                irq_add_shared_handler
 .text.irq_remove_handler
                0x10000c40      0x1ac src/CMakeFiles/picow_ble_temp_sensor.dir/P_/RaspberryPicoSDK/pico-sdk/src/rp2_common/hardware_irq/irq.c.obj
                0x10000c40                irq_remove_handler
 .text.irq_set_priority
                0x10000dec       0x28 src/CMakeFiles/picow_ble_temp_sensor.dir/P_/RaspberryPicoSDK/pico-sdk/src/rp2_common/hardware_irq/irq.c.obj
                0x10000dec                irq_set_priority
 .text.irq_add_tail_to_free_list
                0x10000e14       0xf0 src/CMakeFiles/picow_ble_temp_sensor.dir/P_/RaspberryPicoSDK/pico-sdk/src/rp2_common/hardware_irq/irq.c.obj
                0x10000e14                irq_add_tail_to_free_list
 .text.irq_init_priorities
                0x10000f04       0x1c src/CMakeFiles/picow_ble_temp_sensor.dir/P_/RaspberryPicoSDK/pico-sdk/src/rp2_common/hardware_irq/irq.c.obj
                0x10000f04                irq_init_priorities
 .text.user_irq_unclaim
                0x10000f20       0x14 src/CMakeFiles/picow_ble_temp_sensor.dir/P_/RaspberryPicoSDK/pico-sdk/src/rp2_common/hardware_irq/irq.c.obj
                0x10000f20                user_irq_unclaim
 .text.user_irq_claim_unused
                0x10000f34       0x28 src/CMakeFiles/picow_ble_temp_sensor.dir/P_/RaspberryPicoSDK/pico-sdk/src/rp2_common/hardware_irq/irq.c.obj
                0x10000f34                user_irq_claim_unused
 .text.sem_init
                0x10000f5c       0x1e src/CMakeFiles/picow_ble_temp_sensor.dir/P_/RaspberryPicoSDK/pico-sdk/src/common/pico_sync/sem.c.obj
                0x10000f5c                sem_init
 *fill*         0x10000f7a        0x2 
 .text.lock_init
                0x10000f7c       0x10 src/CMakeFiles/picow_ble_temp_sensor.dir/P_/RaspberryPicoSDK/pico-sdk/src/common/pico_sync/lock_core.c.obj
                0x10000f7c                lock_init
 .text.mutex_init
                0x10000f8c       0x1a src/CMakeFiles/picow_ble_temp_sensor.dir/P_/RaspberryPicoSDK/pico-sdk/src/common/pico_sync/mutex.c.obj
                0x10000f8c                mutex_init
 .text.recursive_mutex_init
                0x10000fa6       0x1e src/CMakeFiles/picow_ble_temp_sensor.dir/P_/RaspberryPicoSDK/pico-sdk/src/common/pico_sync/mutex.c.obj
                0x10000fa6                recursive_mutex_init
 .text.alarm_pool_post_alloc_init
                0x10000fc4       0x40 src/CMakeFiles/picow_ble_temp_sensor.dir/P_/RaspberryPicoSDK/pico-sdk/src/common/pico_time/time.c.obj
 .text.sleep_until_callback
                0x10001004       0x30 src/CMakeFiles/picow_ble_temp_sensor.dir/P_/RaspberryPicoSDK/pico-sdk/src/common/pico_time/time.c.obj
 .text.timer_pool_entry_comparator
                0x10001034       0x7c src/CMakeFiles/picow_ble_temp_sensor.dir/P_/RaspberryPicoSDK/pico-sdk/src/common/pico_time/time.c.obj
                0x10001034                timer_pool_entry_comparator
 .text.ph_add_child_node
                0x100010b0       0xa4 src/CMakeFiles/picow_ble_temp_sensor.dir/P_/RaspberryPicoSDK/pico-sdk/src/common/pico_time/time.c.obj
 .text.ph_merge_nodes
                0x10001154       0x3e src/CMakeFiles/picow_ble_temp_sensor.dir/P_/RaspberryPicoSDK/pico-sdk/src/common/pico_time/time.c.obj
 *fill*         0x10001192        0x2 
 .text.add_alarm_under_lock
                0x10001194      0x174 src/CMakeFiles/picow_ble_temp_sensor.dir/P_/RaspberryPicoSDK/pico-sdk/src/common/pico_time/time.c.obj
 .text.alarm_pool_alarm_callback
                0x10001308      0x33c src/CMakeFiles/picow_ble_temp_sensor.dir/P_/RaspberryPicoSDK/pico-sdk/src/common/pico_time/time.c.obj
 .text.alarm_pool_init_default
                0x10001644       0x40 src/CMakeFiles/picow_ble_temp_sensor.dir/P_/RaspberryPicoSDK/pico-sdk/src/common/pico_time/time.c.obj
                0x10001644                alarm_pool_init_default
 .text.alarm_pool_get_default
                0x10001684       0x2c src/CMakeFiles/picow_ble_temp_sensor.dir/P_/RaspberryPicoSDK/pico-sdk/src/common/pico_time/time.c.obj
                0x10001684                alarm_pool_get_default
 .text.alarm_pool_add_alarm_at
                0x100016b0      0x168 src/CMakeFiles/picow_ble_temp_sensor.dir/P_/RaspberryPicoSDK/pico-sdk/src/common/pico_time/time.c.obj
                0x100016b0                alarm_pool_add_alarm_at
 .text.alarm_pool_cancel_alarm
                0x10001818       0xf8 src/CMakeFiles/picow_ble_temp_sensor.dir/P_/RaspberryPicoSDK/pico-sdk/src/common/pico_time/time.c.obj
                0x10001818                alarm_pool_cancel_alarm
 .text.alarm_pool_core_num
                0x10001910        0x4 src/CMakeFiles/picow_ble_temp_sensor.dir/P_/RaspberryPicoSDK/pico-sdk/src/common/pico_time/time.c.obj
                0x10001910                alarm_pool_core_num
 .text.sleep_until
                0x10001914       0xfc src/CMakeFiles/picow_ble_temp_sensor.dir/P_/RaspberryPicoSDK/pico-sdk/src/common/pico_time/time.c.obj
                0x10001914                sleep_until
 .text.sleep_us
                0x10001a10       0x58 src/CMakeFiles/picow_ble_temp_sensor.dir/P_/RaspberryPicoSDK/pico-sdk/src/common/pico_time/time.c.obj
                0x10001a10                sleep_us
 .text.sleep_ms
                0x10001a68       0x14 src/CMakeFiles/picow_ble_temp_sensor.dir/P_/RaspberryPicoSDK/pico-sdk/src/common/pico_time/time.c.obj
                0x10001a68                sleep_ms
 .text.best_effort_wfe_or_timeout
                0x10001a7c       0xac src/CMakeFiles/picow_ble_temp_sensor.dir/P_/RaspberryPicoSDK/pico-sdk/src/common/pico_time/time.c.obj
                0x10001a7c                best_effort_wfe_or_timeout
 .text.hardware_alarm_irq_handler
                0x10001b28       0x90 src/CMakeFiles/picow_ble_temp_sensor.dir/P_/RaspberryPicoSDK/pico-sdk/src/rp2_common/hardware_timer/timer.c.obj
 .text.hardware_alarm_claim
                0x10001bb8       0x18 src/CMakeFiles/picow_ble_temp_sensor.dir/P_/RaspberryPicoSDK/pico-sdk/src/rp2_common/hardware_timer/timer.c.obj
                0x10001bb8                hardware_alarm_claim
 .text.time_us_64
                0x10001bd0       0x18 src/CMakeFiles/picow_ble_temp_sensor.dir/P_/RaspberryPicoSDK/pico-sdk/src/rp2_common/hardware_timer/timer.c.obj
                0x10001bd0                time_us_64
 .text.busy_wait_until
                0x10001be8       0x28 src/CMakeFiles/picow_ble_temp_sensor.dir/P_/RaspberryPicoSDK/pico-sdk/src/rp2_common/hardware_timer/timer.c.obj
                0x10001be8                busy_wait_until
 .text.busy_wait_us
                0x10001c10       0x48 src/CMakeFiles/picow_ble_temp_sensor.dir/P_/RaspberryPicoSDK/pico-sdk/src/rp2_common/hardware_timer/timer.c.obj
                0x10001c10                busy_wait_us
 .text.hardware_alarm_set_callback
                0x10001c58       0x90 src/CMakeFiles/picow_ble_temp_sensor.dir/P_/RaspberryPicoSDK/pico-sdk/src/rp2_common/hardware_timer/timer.c.obj
                0x10001c58                hardware_alarm_set_callback
 .text.hardware_alarm_set_target
                0x10001ce8       0xe8 src/CMakeFiles/picow_ble_temp_sensor.dir/P_/RaspberryPicoSDK/pico-sdk/src/rp2_common/hardware_timer/timer.c.obj
                0x10001ce8                hardware_alarm_set_target
 .text.hardware_alarm_cancel
                0x10001dd0       0x40 src/CMakeFiles/picow_ble_temp_sensor.dir/P_/RaspberryPicoSDK/pico-sdk/src/rp2_common/hardware_timer/timer.c.obj
                0x10001dd0                hardware_alarm_cancel
 .text.ph_add_child_node
                0x10001e10       0xa4 src/CMakeFiles/picow_ble_temp_sensor.dir/P_/RaspberryPicoSDK/pico-sdk/src/common/pico_util/pheap.c.obj
 .text.ph_merge_nodes
                0x10001eb4       0x3e src/CMakeFiles/picow_ble_temp_sensor.dir/P_/RaspberryPicoSDK/pico-sdk/src/common/pico_util/pheap.c.obj
 *fill*         0x10001ef2        0x2 
 .text.ph_clear
                0x10001ef4       0x70 src/CMakeFiles/picow_ble_temp_sensor.dir/P_/RaspberryPicoSDK/pico-sdk/src/common/pico_util/pheap.c.obj
                0x10001ef4                ph_clear
 .text.ph_post_alloc_init
                0x10001f64        0xe src/CMakeFiles/picow_ble_temp_sensor.dir/P_/RaspberryPicoSDK/pico-sdk/src/common/pico_util/pheap.c.obj
                0x10001f64                ph_post_alloc_init
 *fill*         0x10001f72        0x2 
 .text.ph_merge_two_pass
                0x10001f74       0xa8 src/CMakeFiles/picow_ble_temp_sensor.dir/P_/RaspberryPicoSDK/pico-sdk/src/common/pico_util/pheap.c.obj
                0x10001f74                ph_merge_two_pass
 .text.ph_remove_any_head
                0x1000201c      0x128 src/CMakeFiles/picow_ble_temp_sensor.dir/P_/RaspberryPicoSDK/pico-sdk/src/common/pico_util/pheap.c.obj
 .text.ph_remove_head
                0x10002144       0x14 src/CMakeFiles/picow_ble_temp_sensor.dir/P_/RaspberryPicoSDK/pico-sdk/src/common/pico_util/pheap.c.obj
                0x10002144                ph_remove_head
 .text.ph_remove_and_free_node
                0x10002158       0xf8 src/CMakeFiles/picow_ble_temp_sensor.dir/P_/RaspberryPicoSDK/pico-sdk/src/common/pico_util/pheap.c.obj
                0x10002158                ph_remove_and_free_node
 .text.uart_disable_before_lcr_write
                0x10002250       0x48 src/CMakeFiles/picow_ble_temp_sensor.dir/P_/RaspberryPicoSDK/pico-sdk/src/rp2_common/hardware_uart/uart.c.obj
 .text.uart_write_lcr_bits_masked
                0x10002298       0x22 src/CMakeFiles/picow_ble_temp_sensor.dir/P_/RaspberryPicoSDK/pico-sdk/src/rp2_common/hardware_uart/uart.c.obj
 *fill*         0x100022ba        0x2 
 .text.uart_set_baudrate
                0x100022bc       0x5c src/CMakeFiles/picow_ble_temp_sensor.dir/P_/RaspberryPicoSDK/pico-sdk/src/rp2_common/hardware_uart/uart.c.obj
                0x100022bc                uart_set_baudrate
 .text.uart_set_format
                0x10002318       0x2c src/CMakeFiles/picow_ble_temp_sensor.dir/P_/RaspberryPicoSDK/pico-sdk/src/rp2_common/hardware_uart/uart.c.obj
                0x10002318                uart_set_format
 .text.uart_set_translate_crlf
                0x10002344       0x28 src/CMakeFiles/picow_ble_temp_sensor.dir/P_/RaspberryPicoSDK/pico-sdk/src/rp2_common/hardware_uart/uart.c.obj
                0x10002344                uart_set_translate_crlf
 .text.uart_init
                0x1000236c       0x80 src/CMakeFiles/picow_ble_temp_sensor.dir/P_/RaspberryPicoSDK/pico-sdk/src/rp2_common/hardware_uart/uart.c.obj
                0x1000236c                uart_init
 .text.clock_configure
                0x100023ec      0x108 src/CMakeFiles/picow_ble_temp_sensor.dir/P_/RaspberryPicoSDK/pico-sdk/src/rp2_common/hardware_clocks/clocks.c.obj
                0x100023ec                clock_configure
 .text.clocks_init
                0x100024f4      0x100 src/CMakeFiles/picow_ble_temp_sensor.dir/P_/RaspberryPicoSDK/pico-sdk/src/rp2_common/hardware_clocks/clocks.c.obj
                0x100024f4                clocks_init
 .text.clock_get_hz
                0x100025f4        0xc src/CMakeFiles/picow_ble_temp_sensor.dir/P_/RaspberryPicoSDK/pico-sdk/src/rp2_common/hardware_clocks/clocks.c.obj
                0x100025f4                clock_get_hz
 .text.pll_init
                0x10002600      0x120 src/CMakeFiles/picow_ble_temp_sensor.dir/P_/RaspberryPicoSDK/pico-sdk/src/rp2_common/hardware_pll/pll.c.obj
                0x10002600                pll_init
 .text.watchdog_start_tick
                0x10002720       0x10 src/CMakeFiles/picow_ble_temp_sensor.dir/P_/RaspberryPicoSDK/pico-sdk/src/rp2_common/hardware_watchdog/watchdog.c.obj
                0x10002720                watchdog_start_tick
 .text.xosc_init
                0x10002730       0x28 src/CMakeFiles/picow_ble_temp_sensor.dir/P_/RaspberryPicoSDK/pico-sdk/src/rp2_common/hardware_xosc/xosc.c.obj
                0x10002730                xosc_init
 .text._exit    0x10002758        0x4 src/CMakeFiles/picow_ble_temp_sensor.dir/P_/RaspberryPicoSDK/pico-sdk/src/rp2_common/pico_runtime/runtime.c.obj
                0x10002758                _exit
 .text._sbrk    0x1000275c       0x38 src/CMakeFiles/picow_ble_temp_sensor.dir/P_/RaspberryPicoSDK/pico-sdk/src/rp2_common/pico_runtime/runtime.c.obj
                0x1000275c                _sbrk
 .text.exit     0x10002794        0x6 src/CMakeFiles/picow_ble_temp_sensor.dir/P_/RaspberryPicoSDK/pico-sdk/src/rp2_common/pico_runtime/runtime.c.obj
                0x10002794                exit
 *fill*         0x1000279a        0x2 
 .text.__assert_func
                0x1000279c       0x3c src/CMakeFiles/picow_ble_temp_sensor.dir/P_/RaspberryPicoSDK/pico-sdk/src/rp2_common/pico_runtime/runtime.c.obj
                0x1000279c                __assert_func
 .text.runtime_init
                0x100027d8       0xf8 src/CMakeFiles/picow_ble_temp_sensor.dir/P_/RaspberryPicoSDK/pico-sdk/src/rp2_common/pico_runtime/runtime.c.obj
                0x100027d8                runtime_init
 .text.panic    0x100028d0       0x30 src/CMakeFiles/picow_ble_temp_sensor.dir/P_/RaspberryPicoSDK/pico-sdk/src/rp2_common/pico_runtime/runtime.c.obj
                0x100028d0                panic
 .text.panic_unsupported
                0x10002900        0xc src/CMakeFiles/picow_ble_temp_sensor.dir/P_/RaspberryPicoSDK/pico-sdk/src/rp2_common/pico_runtime/runtime.c.obj
                0x10002900                panic_unsupported
 .text._out_null
                0x1000290c        0x2 src/CMakeFiles/picow_ble_temp_sensor.dir/P_/RaspberryPicoSDK/pico-sdk/src/rp2_common/pico_printf/printf.c.obj
 .text._out_fct
                0x1000290e        0xe src/CMakeFiles/picow_ble_temp_sensor.dir/P_/RaspberryPicoSDK/pico-sdk/src/rp2_common/pico_printf/printf.c.obj
 .text._atoi    0x1000291c       0x24 src/CMakeFiles/picow_ble_temp_sensor.dir/P_/RaspberryPicoSDK/pico-sdk/src/rp2_common/pico_printf/printf.c.obj
 .text._out_rev
                0x10002940       0xae src/CMakeFiles/picow_ble_temp_sensor.dir/P_/RaspberryPicoSDK/pico-sdk/src/rp2_common/pico_printf/printf.c.obj
 .text._ntoa_format
                0x100029ee      0x112 src/CMakeFiles/picow_ble_temp_sensor.dir/P_/RaspberryPicoSDK/pico-sdk/src/rp2_common/pico_printf/printf.c.obj
 .text._ntoa_long
                0x10002b00       0xbc src/CMakeFiles/picow_ble_temp_sensor.dir/P_/RaspberryPicoSDK/pico-sdk/src/rp2_common/pico_printf/printf.c.obj
 .text._ntoa_long_long
                0x10002bbc       0xe2 src/CMakeFiles/picow_ble_temp_sensor.dir/P_/RaspberryPicoSDK/pico-sdk/src/rp2_common/pico_printf/printf.c.obj
 *fill*         0x10002c9e        0x2 
 .text._etoa    0x10002ca0      0x414 src/CMakeFiles/picow_ble_temp_sensor.dir/P_/RaspberryPicoSDK/pico-sdk/src/rp2_common/pico_printf/printf.c.obj
 .text._ftoa    0x100030b4      0x354 src/CMakeFiles/picow_ble_temp_sensor.dir/P_/RaspberryPicoSDK/pico-sdk/src/rp2_common/pico_printf/printf.c.obj
 .text._vsnprintf
                0x10003408      0x624 src/CMakeFiles/picow_ble_temp_sensor.dir/P_/RaspberryPicoSDK/pico-sdk/src/rp2_common/pico_printf/printf.c.obj
 .text.vfctprintf
                0x10003a2c       0x20 src/CMakeFiles/picow_ble_temp_sensor.dir/P_/RaspberryPicoSDK/pico-sdk/src/rp2_common/pico_printf/printf.c.obj
                0x10003a2c                vfctprintf
 .text          0x10003a4c       0x10 src/CMakeFiles/picow_ble_temp_sensor.dir/P_/RaspberryPicoSDK/pico-sdk/src/rp2_common/pico_bit_ops/bit_ops_aeabi.S.obj
 .text.ctzsi    0x10003a5c        0xc src/CMakeFiles/picow_ble_temp_sensor.dir/P_/RaspberryPicoSDK/pico-sdk/src/rp2_common/pico_bit_ops/bit_ops_aeabi.S.obj
                0x10003a5c                __wrap___ctzsi2
 .text.rom_func_lookup
                0x10003a68       0x10 src/CMakeFiles/picow_ble_temp_sensor.dir/P_/RaspberryPicoSDK/pico-sdk/src/rp2_common/pico_bootrom/bootrom.c.obj
                0x10003a68                rom_func_lookup
 .text.rom_data_lookup
                0x10003a78       0x10 src/CMakeFiles/picow_ble_temp_sensor.dir/P_/RaspberryPicoSDK/pico-sdk/src/rp2_common/pico_bootrom/bootrom.c.obj
                0x10003a78                rom_data_lookup
 .text.rom_funcs_lookup
                0x10003a88       0x36 src/CMakeFiles/picow_ble_temp_sensor.dir/P_/RaspberryPicoSDK/pico-sdk/src/rp2_common/pico_bootrom/bootrom.c.obj
                0x10003a88                rom_funcs_lookup
 *fill*         0x10003abe        0x2 
 .text.__wrap___aeabi_idiv
                0x10003ac0       0x50 src/CMakeFiles/picow_ble_temp_sensor.dir/P_/RaspberryPicoSDK/pico-sdk/src/rp2_common/pico_divider/divider.S.obj
                0x10003ac0                __wrap___aeabi_idivmod
                0x10003ac0                divmod_s32s32
                0x10003ac0                div_s32s32
                0x10003ac0                __wrap___aeabi_idiv
                0x10003ac8                divmod_s32s32_unsafe
                0x10003af4                divmod_s32s32_savestate
 .text.__wrap___aeabi_uidiv
                0x10003b10       0x4c src/CMakeFiles/picow_ble_temp_sensor.dir/P_/RaspberryPicoSDK/pico-sdk/src/rp2_common/pico_divider/divider.S.obj
                0x10003b10                __wrap___aeabi_uidiv
                0x10003b10                __wrap___aeabi_uidivmod
                0x10003b10                div_u32u32
                0x10003b10                divmod_u32u32
                0x10003b18                divmod_u32u32_unsafe
                0x10003b40                divmod_u32u32_savestate
 .text.__wrap___aeabi_ldiv
                0x10003b5c      0x424 src/CMakeFiles/picow_ble_temp_sensor.dir/P_/RaspberryPicoSDK/pico-sdk/src/rp2_common/pico_divider/divider.S.obj
                0x10003b5c                div_s64s64
                0x10003b5c                divmod_s64s64
                0x10003b5c                __wrap___aeabi_ldivmod
                0x10003b8c                divmod_u64u64
                0x10003b8c                div_u64u64
                0x10003b8c                __wrap___aeabi_uldivmod
                0x10003b9c                divmod_u64u64_savestate
                0x10003bbc                divmod_s64s64_unsafe
                0x10003c44                divmod_u64u64_unsafe
 .text.__wrap___aeabi_darithmetic
                0x10003f80       0x60 src/CMakeFiles/picow_ble_temp_sensor.dir/P_/RaspberryPicoSDK/pico-sdk/src/rp2_common/pico_double/double_aeabi.S.obj
                0x10003f80                __wrap___aeabi_drsub
                0x10003f86                __wrap___aeabi_dsub
                0x10003f90                __wrap___aeabi_dadd
                0x10003f9a                __wrap___aeabi_ddiv
                0x10003fce                __wrap___aeabi_dmul
 .text.__wrap___aeabi_cdcmple
                0x10003fe0       0x6c src/CMakeFiles/picow_ble_temp_sensor.dir/P_/RaspberryPicoSDK/pico-sdk/src/rp2_common/pico_double/double_aeabi.S.obj
                0x10003fe0                __wrap___aeabi_cdrcmple
                0x10003ff0                __wrap___aeabi_cdcmpeq
                0x10003ff0                __wrap___aeabi_cdcmple
 .text.__wrap___aeabi_dcmplt
                0x1000404c        0xc src/CMakeFiles/picow_ble_temp_sensor.dir/P_/RaspberryPicoSDK/pico-sdk/src/rp2_common/pico_double/double_aeabi.S.obj
                0x1000404c                __wrap___aeabi_dcmplt
 .text.__wrap___aeabi_dcmple
                0x10004058       0x10 src/CMakeFiles/picow_ble_temp_sensor.dir/P_/RaspberryPicoSDK/pico-sdk/src/rp2_common/pico_double/double_aeabi.S.obj
                0x10004058                __wrap___aeabi_dcmple
 .text.__wrap___aeabi_dcmpge
                0x10004068       0x10 src/CMakeFiles/picow_ble_temp_sensor.dir/P_/RaspberryPicoSDK/pico-sdk/src/rp2_common/pico_double/double_aeabi.S.obj
                0x10004068                __wrap___aeabi_dcmpge
 .text.__wrap___aeabi_dcmpgt
                0x10004078        0xa src/CMakeFiles/picow_ble_temp_sensor.dir/P_/RaspberryPicoSDK/pico-sdk/src/rp2_common/pico_double/double_aeabi.S.obj
                0x10004078                __wrap___aeabi_dcmpgt
 .text.__wrap___aeabi_dcmpun
                0x10004082       0x1c src/CMakeFiles/picow_ble_temp_sensor.dir/P_/RaspberryPicoSDK/pico-sdk/src/rp2_common/pico_double/double_aeabi.S.obj
                0x10004082                __wrap___aeabi_dcmpun
 *fill*         0x1000409e        0x2 
 .text.__wrap___aeabi_i2d
                0x100040a0       0x38 src/CMakeFiles/picow_ble_temp_sensor.dir/P_/RaspberryPicoSDK/pico-sdk/src/rp2_common/pico_double/double_aeabi.S.obj
                0x100040a0                __wrap___aeabi_ui2d
                0x100040a8                __wrap___aeabi_i2d
 .text.__wrap___aeabi_d2iz
                0x100040d8       0x48 src/CMakeFiles/picow_ble_temp_sensor.dir/P_/RaspberryPicoSDK/pico-sdk/src/rp2_common/pico_double/double_aeabi.S.obj
                0x100040d8                double2int_z
                0x100040d8                __wrap___aeabi_d2iz
 .text.__wrap___aeabi_d2uiz
                0x10004120       0x10 src/CMakeFiles/picow_ble_temp_sensor.dir/P_/RaspberryPicoSDK/pico-sdk/src/rp2_common/pico_double/double_aeabi.S.obj
                0x10004120                __wrap___aeabi_d2uiz
                0x10004120                double2uint
 .text.__wrap___aeabi_d2f
                0x10004130       0x10 src/CMakeFiles/picow_ble_temp_sensor.dir/P_/RaspberryPicoSDK/pico-sdk/src/rp2_common/pico_double/double_aeabi.S.obj
                0x10004130                __wrap___aeabi_d2f
 .text.missing_double_func_shim
                0x10004140        0xc src/CMakeFiles/picow_ble_temp_sensor.dir/P_/RaspberryPicoSDK/pico-sdk/src/rp2_common/pico_double/double_init_rom.c.obj
 .text.__aeabi_double_init
                0x1000414c       0xcc src/CMakeFiles/picow_ble_temp_sensor.dir/P_/RaspberryPicoSDK/pico-sdk/src/rp2_common/pico_double/double_init_rom.c.obj
                0x1000414c                __aeabi_double_init
 .text.double_table_shim_on_use_helper
                0x10004218       0x34 src/CMakeFiles/picow_ble_temp_sensor.dir/P_/RaspberryPicoSDK/pico-sdk/src/rp2_common/pico_double/double_v1_rom_shim.S.obj
                0x10004218                double_table_shim_on_use_helper
 .text.__aeabi_lmul
                0x1000424c       0x32 src/CMakeFiles/picow_ble_temp_sensor.dir/P_/RaspberryPicoSDK/pico-sdk/src/rp2_common/pico_int64_ops/pico_int64_ops_aeabi.S.obj
                0x1000424c                __wrap___aeabi_lmul
 *fill*         0x1000427e        0x2 
 .text.__wrap___aeabi_farithmetic
                0x10004280       0x48 src/CMakeFiles/picow_ble_temp_sensor.dir/P_/RaspberryPicoSDK/pico-sdk/src/rp2_common/pico_float/float_aeabi.S.obj
                0x10004280                __wrap___aeabi_frsub
                0x10004286                __wrap___aeabi_fsub
                0x1000428c                __wrap___aeabi_fadd
                0x10004292                __wrap___aeabi_fdiv
                0x100042ba                __wrap___aeabi_fmul
 .text.__wrap___aeabi_i2f
                0x100042c8       0x44 src/CMakeFiles/picow_ble_temp_sensor.dir/P_/RaspberryPicoSDK/pico-sdk/src/rp2_common/pico_float/float_aeabi.S.obj
                0x100042c8                __wrap___aeabi_i2f
 .text.__wrap___aeabi_f2uiz
                0x1000430c        0xc src/CMakeFiles/picow_ble_temp_sensor.dir/P_/RaspberryPicoSDK/pico-sdk/src/rp2_common/pico_float/float_aeabi.S.obj
                0x1000430c                __wrap___aeabi_f2uiz
 .text.__wrap___aeabi_f2d
                0x10004318        0xc src/CMakeFiles/picow_ble_temp_sensor.dir/P_/RaspberryPicoSDK/pico-sdk/src/rp2_common/pico_float/float_aeabi.S.obj
                0x10004318                __wrap___aeabi_f2d
 .text.missing_float_func_shim
                0x10004324        0xc src/CMakeFiles/picow_ble_temp_sensor.dir/P_/RaspberryPicoSDK/pico-sdk/src/rp2_common/pico_float/float_init_rom.c.obj
 .text.__aeabi_float_init
                0x10004330       0x88 src/CMakeFiles/picow_ble_temp_sensor.dir/P_/RaspberryPicoSDK/pico-sdk/src/rp2_common/pico_float/float_init_rom.c.obj
                0x10004330                __aeabi_float_init
 .text.__wrap_malloc
                0x100043b8       0x24 src/CMakeFiles/picow_ble_temp_sensor.dir/P_/RaspberryPicoSDK/pico-sdk/src/rp2_common/pico_malloc/pico_malloc.c.obj
                0x100043b8                __wrap_malloc
 .text.__wrap_free
                0x100043dc        0x8 src/CMakeFiles/picow_ble_temp_sensor.dir/P_/RaspberryPicoSDK/pico-sdk/src/rp2_common/pico_malloc/pico_malloc.c.obj
                0x100043dc                __wrap_free
 .text          0x100043e4       0x10 src/CMakeFiles/picow_ble_temp_sensor.dir/P_/RaspberryPicoSDK/pico-sdk/src/rp2_common/pico_mem_ops/mem_ops_aeabi.S.obj
                0x100043e4                __aeabi_mem_init
 .text.memset   0x100043f4        0xc src/CMakeFiles/picow_ble_temp_sensor.dir/P_/RaspberryPicoSDK/pico-sdk/src/rp2_common/pico_mem_ops/mem_ops_aeabi.S.obj
                0x100043f4                __wrap_memset
 .text.memcpy   0x10004400        0xc src/CMakeFiles/picow_ble_temp_sensor.dir/P_/RaspberryPicoSDK/pico-sdk/src/rp2_common/pico_mem_ops/mem_ops_aeabi.S.obj
                0x10004400                __wrap_memcpy
                0x10004400                __wrap___aeabi_memcpy
 .text.stdio_out_chars_no_crlf
                0x1000440c        0xe src/CMakeFiles/picow_ble_temp_sensor.dir/P_/RaspberryPicoSDK/pico-sdk/src/rp2_common/pico_stdio/stdio.c.obj
 *fill*         0x1000441a        0x2 
 .text.stdio_out_chars_crlf
                0x1000441c       0x80 src/CMakeFiles/picow_ble_temp_sensor.dir/P_/RaspberryPicoSDK/pico-sdk/src/rp2_common/pico_stdio/stdio.c.obj
 .text.stdio_stack_buffer_flush
                0x1000449c       0x44 src/CMakeFiles/picow_ble_temp_sensor.dir/P_/RaspberryPicoSDK/pico-sdk/src/rp2_common/pico_stdio/stdio.c.obj
 .text.stdio_buffered_printer
                0x100044e0       0x20 src/CMakeFiles/picow_ble_temp_sensor.dir/P_/RaspberryPicoSDK/pico-sdk/src/rp2_common/pico_stdio/stdio.c.obj
 .text.stdout_serialize_begin
                0x10004500       0x5c src/CMakeFiles/picow_ble_temp_sensor.dir/P_/RaspberryPicoSDK/pico-sdk/src/rp2_common/pico_stdio/stdio.c.obj
                0x10004500                stdout_serialize_begin
 .text.stdout_serialize_end
                0x1000455c       0x10 src/CMakeFiles/picow_ble_temp_sensor.dir/P_/RaspberryPicoSDK/pico-sdk/src/rp2_common/pico_stdio/stdio.c.obj
                0x1000455c                stdout_serialize_end
 .text.stdio_put_string
                0x1000456c       0x98 src/CMakeFiles/picow_ble_temp_sensor.dir/P_/RaspberryPicoSDK/pico-sdk/src/rp2_common/pico_stdio/stdio.c.obj
 .text.stdio_set_driver_enabled
                0x10004604       0x2c src/CMakeFiles/picow_ble_temp_sensor.dir/P_/RaspberryPicoSDK/pico-sdk/src/rp2_common/pico_stdio/stdio.c.obj
                0x10004604                stdio_set_driver_enabled
 .text.stdio_flush
                0x10004630       0x20 src/CMakeFiles/picow_ble_temp_sensor.dir/P_/RaspberryPicoSDK/pico-sdk/src/rp2_common/pico_stdio/stdio.c.obj
                0x10004630                stdio_flush
 .text.__wrap_puts
                0x10004650       0x1e src/CMakeFiles/picow_ble_temp_sensor.dir/P_/RaspberryPicoSDK/pico-sdk/src/rp2_common/pico_stdio/stdio.c.obj
                0x10004650                __wrap_puts
 *fill*         0x1000466e        0x2 
 .text.__wrap_vprintf
                0x10004670       0x40 src/CMakeFiles/picow_ble_temp_sensor.dir/P_/RaspberryPicoSDK/pico-sdk/src/rp2_common/pico_stdio/stdio.c.obj
                0x10004670                __wrap_vprintf
 .text.__wrap_printf
                0x100046b0       0x18 src/CMakeFiles/picow_ble_temp_sensor.dir/P_/RaspberryPicoSDK/pico-sdk/src/rp2_common/pico_stdio/stdio.c.obj
                0x100046b0                __wrap_printf
 .text.stdio_init_all
                0x100046c8        0xa src/CMakeFiles/picow_ble_temp_sensor.dir/P_/RaspberryPicoSDK/pico-sdk/src/rp2_common/pico_stdio/stdio.c.obj
                0x100046c8                stdio_init_all
 *fill*         0x100046d2        0x2 
 .text.stdio_uart_out_chars
                0x100046d4       0x74 src/CMakeFiles/picow_ble_temp_sensor.dir/P_/RaspberryPicoSDK/pico-sdk/src/rp2_common/pico_stdio_uart/stdio_uart.c.obj
 .text.stdio_uart_in_chars
                0x10004748       0x80 src/CMakeFiles/picow_ble_temp_sensor.dir/P_/RaspberryPicoSDK/pico-sdk/src/rp2_common/pico_stdio_uart/stdio_uart.c.obj
                0x10004748                stdio_uart_in_chars
 .text.on_uart_rx
                0x100047c8       0x28 src/CMakeFiles/picow_ble_temp_sensor.dir/P_/RaspberryPicoSDK/pico-sdk/src/rp2_common/pico_stdio_uart/stdio_uart.c.obj
 .text.stdio_uart_set_chars_available_callback
                0x100047f0       0x8c src/CMakeFiles/picow_ble_temp_sensor.dir/P_/RaspberryPicoSDK/pico-sdk/src/rp2_common/pico_stdio_uart/stdio_uart.c.obj
 .text.stdio_uart_init_full
                0x1000487c       0x44 src/CMakeFiles/picow_ble_temp_sensor.dir/P_/RaspberryPicoSDK/pico-sdk/src/rp2_common/pico_stdio_uart/stdio_uart.c.obj
                0x1000487c                stdio_uart_init_full
 .text.stdio_uart_init
                0x100048c0       0x28 src/CMakeFiles/picow_ble_temp_sensor.dir/P_/RaspberryPicoSDK/pico-sdk/src/rp2_common/pico_stdio_uart/stdio_uart.c.obj
                0x100048c0                stdio_uart_init
 .text.att_iterator_init
                0x100048e8        0xc src/CMakeFiles/picow_ble_temp_sensor.dir/P_/RaspberryPicoSDK/pico-sdk/lib/btstack/src/ble/att_db.c.obj
 .text.att_iterator_has_next
                0x100048f4        0xa src/CMakeFiles/picow_ble_temp_sensor.dir/P_/RaspberryPicoSDK/pico-sdk/lib/btstack/src/ble/att_db.c.obj
 *fill*         0x100048fe        0x2 
 .text.att_update_value_len
                0x10004900       0x2c src/CMakeFiles/picow_ble_temp_sensor.dir/P_/RaspberryPicoSDK/pico-sdk/lib/btstack/src/ble/att_db.c.obj
 .text.att_prepare_write_reset
                0x1000492c       0x14 src/CMakeFiles/picow_ble_temp_sensor.dir/P_/RaspberryPicoSDK/pico-sdk/lib/btstack/src/ble/att_db.c.obj
 .text.att_prepare_write_update_errors
                0x10004940       0x38 src/CMakeFiles/picow_ble_temp_sensor.dir/P_/RaspberryPicoSDK/pico-sdk/lib/btstack/src/ble/att_db.c.obj
 .text.att_iterator_fetch_next
                0x10004978       0x64 src/CMakeFiles/picow_ble_temp_sensor.dir/P_/RaspberryPicoSDK/pico-sdk/lib/btstack/src/ble/att_db.c.obj
 .text.att_find_handle
                0x100049dc       0x2a src/CMakeFiles/picow_ble_temp_sensor.dir/P_/RaspberryPicoSDK/pico-sdk/lib/btstack/src/ble/att_db.c.obj
 *fill*         0x10004a06        0x2 
 .text.att_persistent_ccc_cache
                0x10004a08       0x2c src/CMakeFiles/picow_ble_temp_sensor.dir/P_/RaspberryPicoSDK/pico-sdk/lib/btstack/src/ble/att_db.c.obj
 .text.setup_error
                0x10004a34       0x18 src/CMakeFiles/picow_ble_temp_sensor.dir/P_/RaspberryPicoSDK/pico-sdk/lib/btstack/src/ble/att_db.c.obj
 .text.prepare_handle_value
                0x10004a4c       0x32 src/CMakeFiles/picow_ble_temp_sensor.dir/P_/RaspberryPicoSDK/pico-sdk/lib/btstack/src/ble/att_db.c.obj
 *fill*         0x10004a7e        0x2 
 .text.handle_find_information_request2
                0x10004a80      0x104 src/CMakeFiles/picow_ble_temp_sensor.dir/P_/RaspberryPicoSDK/pico-sdk/lib/btstack/src/ble/att_db.c.obj
 .text.handle_find_information_request
                0x10004b84       0x4c src/CMakeFiles/picow_ble_temp_sensor.dir/P_/RaspberryPicoSDK/pico-sdk/lib/btstack/src/ble/att_db.c.obj
 .text.att_copy_value
                0x10004bd0       0x48 src/CMakeFiles/picow_ble_temp_sensor.dir/P_/RaspberryPicoSDK/pico-sdk/lib/btstack/src/ble/att_db.c.obj
 .text.handle_exchange_mtu_request
                0x10004c18       0x4a src/CMakeFiles/picow_ble_temp_sensor.dir/P_/RaspberryPicoSDK/pico-sdk/lib/btstack/src/ble/att_db.c.obj
 *fill*         0x10004c62        0x2 
 .text.is_Bluetooth_Base_UUID
                0x10004c64       0x30 src/CMakeFiles/picow_ble_temp_sensor.dir/P_/RaspberryPicoSDK/pico-sdk/lib/btstack/src/ble/att_db.c.obj
 .text.att_iterator_match_uuid16
                0x10004c94       0x40 src/CMakeFiles/picow_ble_temp_sensor.dir/P_/RaspberryPicoSDK/pico-sdk/lib/btstack/src/ble/att_db.c.obj
 .text.uuid16_from_uuid
                0x10004cd4       0x2a src/CMakeFiles/picow_ble_temp_sensor.dir/P_/RaspberryPicoSDK/pico-sdk/lib/btstack/src/ble/att_db.c.obj
 *fill*         0x10004cfe        0x2 
 .text.handle_find_by_type_value_request
                0x10004d00      0x19c src/CMakeFiles/picow_ble_temp_sensor.dir/P_/RaspberryPicoSDK/pico-sdk/lib/btstack/src/ble/att_db.c.obj
 .text.att_iterator_match_uuid
                0x10004e9c       0x5e src/CMakeFiles/picow_ble_temp_sensor.dir/P_/RaspberryPicoSDK/pico-sdk/lib/btstack/src/ble/att_db.c.obj
 *fill*         0x10004efa        0x2 
 .text.handle_read_by_group_type_request2
                0x10004efc      0x198 src/CMakeFiles/picow_ble_temp_sensor.dir/P_/RaspberryPicoSDK/pico-sdk/lib/btstack/src/ble/att_db.c.obj
 .text.handle_read_by_group_type_request
                0x10005094       0x5c src/CMakeFiles/picow_ble_temp_sensor.dir/P_/RaspberryPicoSDK/pico-sdk/lib/btstack/src/ble/att_db.c.obj
 .text.att_validate_security_get_settings
                0x100050f0       0x74 src/CMakeFiles/picow_ble_temp_sensor.dir/P_/RaspberryPicoSDK/pico-sdk/lib/btstack/src/ble/att_db.c.obj
 .text.att_validate_security
                0x10005164       0x8e src/CMakeFiles/picow_ble_temp_sensor.dir/P_/RaspberryPicoSDK/pico-sdk/lib/btstack/src/ble/att_db.c.obj
 *fill*         0x100051f2        0x2 
 .text.handle_read_by_type_request2
                0x100051f4      0x194 src/CMakeFiles/picow_ble_temp_sensor.dir/P_/RaspberryPicoSDK/pico-sdk/lib/btstack/src/ble/att_db.c.obj
 .text.handle_read_by_type_request
                0x10005388       0x5c src/CMakeFiles/picow_ble_temp_sensor.dir/P_/RaspberryPicoSDK/pico-sdk/lib/btstack/src/ble/att_db.c.obj
 .text.handle_read_request2
                0x100053e4       0xb4 src/CMakeFiles/picow_ble_temp_sensor.dir/P_/RaspberryPicoSDK/pico-sdk/lib/btstack/src/ble/att_db.c.obj
 .text.handle_read_request
                0x10005498       0x32 src/CMakeFiles/picow_ble_temp_sensor.dir/P_/RaspberryPicoSDK/pico-sdk/lib/btstack/src/ble/att_db.c.obj
 *fill*         0x100054ca        0x2 
 .text.handle_read_blob_request2
                0x100054cc       0xe8 src/CMakeFiles/picow_ble_temp_sensor.dir/P_/RaspberryPicoSDK/pico-sdk/lib/btstack/src/ble/att_db.c.obj
 .text.handle_read_blob_request
                0x100055b4       0x4c src/CMakeFiles/picow_ble_temp_sensor.dir/P_/RaspberryPicoSDK/pico-sdk/lib/btstack/src/ble/att_db.c.obj
 .text.handle_read_multiple_request2
                0x10005600       0xfc src/CMakeFiles/picow_ble_temp_sensor.dir/P_/RaspberryPicoSDK/pico-sdk/lib/btstack/src/ble/att_db.c.obj
 .text.handle_read_multiple_request
                0x100056fc       0x38 src/CMakeFiles/picow_ble_temp_sensor.dir/P_/RaspberryPicoSDK/pico-sdk/lib/btstack/src/ble/att_db.c.obj
 .text.handle_write_request
                0x10005734       0xdc src/CMakeFiles/picow_ble_temp_sensor.dir/P_/RaspberryPicoSDK/pico-sdk/lib/btstack/src/ble/att_db.c.obj
 .text.handle_prepare_write_request
                0x10005810      0x114 src/CMakeFiles/picow_ble_temp_sensor.dir/P_/RaspberryPicoSDK/pico-sdk/lib/btstack/src/ble/att_db.c.obj
 .text.handle_write_command
                0x10005924       0x74 src/CMakeFiles/picow_ble_temp_sensor.dir/P_/RaspberryPicoSDK/pico-sdk/lib/btstack/src/ble/att_db.c.obj
 .text.att_set_db
                0x10005998       0x44 src/CMakeFiles/picow_ble_temp_sensor.dir/P_/RaspberryPicoSDK/pico-sdk/lib/btstack/src/ble/att_db.c.obj
                0x10005998                att_set_db
 .text.att_set_read_callback
                0x100059dc        0xc src/CMakeFiles/picow_ble_temp_sensor.dir/P_/RaspberryPicoSDK/pico-sdk/lib/btstack/src/ble/att_db.c.obj
                0x100059dc                att_set_read_callback
 .text.att_set_write_callback
                0x100059e8        0xc src/CMakeFiles/picow_ble_temp_sensor.dir/P_/RaspberryPicoSDK/pico-sdk/lib/btstack/src/ble/att_db.c.obj
                0x100059e8                att_set_write_callback
 .text.att_clear_transaction_queue
                0x100059f4       0x20 src/CMakeFiles/picow_ble_temp_sensor.dir/P_/RaspberryPicoSDK/pico-sdk/lib/btstack/src/ble/att_db.c.obj
                0x100059f4                att_clear_transaction_queue
 .text.handle_execute_write_request
                0x10005a14       0xa8 src/CMakeFiles/picow_ble_temp_sensor.dir/P_/RaspberryPicoSDK/pico-sdk/lib/btstack/src/ble/att_db.c.obj
 .text.att_prepare_handle_value_notification
                0x10005abc       0x14 src/CMakeFiles/picow_ble_temp_sensor.dir/P_/RaspberryPicoSDK/pico-sdk/lib/btstack/src/ble/att_db.c.obj
                0x10005abc                att_prepare_handle_value_notification
 .text.att_handle_request
                0x10005ad0       0xa0 src/CMakeFiles/picow_ble_temp_sensor.dir/P_/RaspberryPicoSDK/pico-sdk/lib/btstack/src/ble/att_db.c.obj
                0x10005ad0                att_handle_request
 .text.att_is_persistent_ccc
                0x10005b70       0x40 src/CMakeFiles/picow_ble_temp_sensor.dir/P_/RaspberryPicoSDK/pico-sdk/lib/btstack/src/ble/att_db.c.obj
                0x10005b70                att_is_persistent_ccc
 .text.att_read_callback_handle_blob
                0x10005bb0       0x54 src/CMakeFiles/picow_ble_temp_sensor.dir/P_/RaspberryPicoSDK/pico-sdk/lib/btstack/src/ble/att_db.c.obj
                0x10005bb0                att_read_callback_handle_blob
 .text.att_packet_handler
                0x10005c04       0xfc src/CMakeFiles/picow_ble_temp_sensor.dir/P_/RaspberryPicoSDK/pico-sdk/lib/btstack/src/ble/att_dispatch.c.obj
 .text.emit_mtu_exchange_complete
                0x10005d00       0x3a src/CMakeFiles/picow_ble_temp_sensor.dir/P_/RaspberryPicoSDK/pico-sdk/lib/btstack/src/ble/att_dispatch.c.obj
 *fill*         0x10005d3a        0x2 
 .text.att_dispatch_register_server
                0x10005d3c       0x18 src/CMakeFiles/picow_ble_temp_sensor.dir/P_/RaspberryPicoSDK/pico-sdk/lib/btstack/src/ble/att_dispatch.c.obj
                0x10005d3c                att_dispatch_register_server
 .text.att_dispatch_server_can_send_now
                0x10005d54        0xa src/CMakeFiles/picow_ble_temp_sensor.dir/P_/RaspberryPicoSDK/pico-sdk/lib/btstack/src/ble/att_dispatch.c.obj
                0x10005d54                att_dispatch_server_can_send_now
 *fill*         0x10005d5e        0x2 
 .text.att_dispatch_server_request_can_send_now_event
                0x10005d60       0x28 src/CMakeFiles/picow_ble_temp_sensor.dir/P_/RaspberryPicoSDK/pico-sdk/lib/btstack/src/ble/att_dispatch.c.obj
                0x10005d60                att_dispatch_server_request_can_send_now_event
 .text.att_dispatch_server_mtu_exchanged
                0x10005d88       0x18 src/CMakeFiles/picow_ble_temp_sensor.dir/P_/RaspberryPicoSDK/pico-sdk/lib/btstack/src/ble/att_dispatch.c.obj
                0x10005d88                att_dispatch_server_mtu_exchanged
 .text.att_emit_can_send_now_event
                0x10005da0       0x24 src/CMakeFiles/picow_ble_temp_sensor.dir/P_/RaspberryPicoSDK/pico-sdk/lib/btstack/src/ble/att_server.c.obj
 .text.att_server_persistent_ccc_tag_for_index
                0x10005dc4        0xc src/CMakeFiles/picow_ble_temp_sensor.dir/P_/RaspberryPicoSDK/pico-sdk/lib/btstack/src/ble/att_server.c.obj
 .text.att_service_handler_for_handle
                0x10005dd0       0x34 src/CMakeFiles/picow_ble_temp_sensor.dir/P_/RaspberryPicoSDK/pico-sdk/lib/btstack/src/ble/att_server.c.obj
 .text.att_server_write_callback_for_handle
                0x10005e04       0x18 src/CMakeFiles/picow_ble_temp_sensor.dir/P_/RaspberryPicoSDK/pico-sdk/lib/btstack/src/ble/att_server.c.obj
 .text.att_server_read_callback_for_handle
                0x10005e1c       0x18 src/CMakeFiles/picow_ble_temp_sensor.dir/P_/RaspberryPicoSDK/pico-sdk/lib/btstack/src/ble/att_server.c.obj
 .text.att_server_read_callback
                0x10005e34       0x3a src/CMakeFiles/picow_ble_temp_sensor.dir/P_/RaspberryPicoSDK/pico-sdk/lib/btstack/src/ble/att_server.c.obj
 *fill*         0x10005e6e        0x2 
 .text.att_server_packet_handler_for_handle
                0x10005e70       0x18 src/CMakeFiles/picow_ble_temp_sensor.dir/P_/RaspberryPicoSDK/pico-sdk/lib/btstack/src/ble/att_server.c.obj
 .text.att_validate_prepared_write
                0x10005e88       0x64 src/CMakeFiles/picow_ble_temp_sensor.dir/P_/RaspberryPicoSDK/pico-sdk/lib/btstack/src/ble/att_server.c.obj
 .text.att_notify_write_callbacks
                0x10005eec       0x58 src/CMakeFiles/picow_ble_temp_sensor.dir/P_/RaspberryPicoSDK/pico-sdk/lib/btstack/src/ble/att_server.c.obj
 .text.att_emit_event_to_all
                0x10005f44       0x50 src/CMakeFiles/picow_ble_temp_sensor.dir/P_/RaspberryPicoSDK/pico-sdk/lib/btstack/src/ble/att_server.c.obj
 .text.att_server_persistent_ccc_write
                0x10005f94      0x1d8 src/CMakeFiles/picow_ble_temp_sensor.dir/P_/RaspberryPicoSDK/pico-sdk/lib/btstack/src/ble/att_server.c.obj
 .text.att_server_write_callback
                0x1000616c       0x8a src/CMakeFiles/picow_ble_temp_sensor.dir/P_/RaspberryPicoSDK/pico-sdk/lib/btstack/src/ble/att_server.c.obj
 *fill*         0x100061f6        0x2 
 .text.att_server_persistent_ccc_clear
                0x100061f8       0x9c src/CMakeFiles/picow_ble_temp_sensor.dir/P_/RaspberryPicoSDK/pico-sdk/lib/btstack/src/ble/att_server.c.obj
 .text.att_handle_value_indication_notify_client
                0x10006294       0x42 src/CMakeFiles/picow_ble_temp_sensor.dir/P_/RaspberryPicoSDK/pico-sdk/lib/btstack/src/ble/att_server.c.obj
 *fill*         0x100062d6        0x2 
 .text.att_server_persistent_ccc_restore
                0x100062d8       0xd4 src/CMakeFiles/picow_ble_temp_sensor.dir/P_/RaspberryPicoSDK/pico-sdk/lib/btstack/src/ble/att_server.c.obj
 .text.att_emit_disconnected_event
                0x100063ac       0x24 src/CMakeFiles/picow_ble_temp_sensor.dir/P_/RaspberryPicoSDK/pico-sdk/lib/btstack/src/ble/att_server.c.obj
 .text.att_emit_mtu_event
                0x100063d0       0x3a src/CMakeFiles/picow_ble_temp_sensor.dir/P_/RaspberryPicoSDK/pico-sdk/lib/btstack/src/ble/att_server.c.obj
 .text.att_server_process_validated_request
                0x1000640a       0xb8 src/CMakeFiles/picow_ble_temp_sensor.dir/P_/RaspberryPicoSDK/pico-sdk/lib/btstack/src/ble/att_server.c.obj
 *fill*         0x100064c2        0x2 
 .text.att_server_trigger_send_for_phase
                0x100064c4       0x64 src/CMakeFiles/picow_ble_temp_sensor.dir/P_/RaspberryPicoSDK/pico-sdk/lib/btstack/src/ble/att_server.c.obj
 .text.att_server_can_send_packet
                0x10006528       0x14 src/CMakeFiles/picow_ble_temp_sensor.dir/P_/RaspberryPicoSDK/pico-sdk/lib/btstack/src/ble/att_server.c.obj
 .text.att_server_data_ready_for_phase
                0x1000653c       0x60 src/CMakeFiles/picow_ble_temp_sensor.dir/P_/RaspberryPicoSDK/pico-sdk/lib/btstack/src/ble/att_server.c.obj
 .text.att_server_request_can_send_now
                0x1000659c        0xe src/CMakeFiles/picow_ble_temp_sensor.dir/P_/RaspberryPicoSDK/pico-sdk/lib/btstack/src/ble/att_server.c.obj
 *fill*         0x100065aa        0x2 
 .text.att_server_handle_can_send_now
                0x100065ac       0xec src/CMakeFiles/picow_ble_temp_sensor.dir/P_/RaspberryPicoSDK/pico-sdk/lib/btstack/src/ble/att_server.c.obj
 .text.att_run_for_context
                0x10006698       0x3a src/CMakeFiles/picow_ble_temp_sensor.dir/P_/RaspberryPicoSDK/pico-sdk/lib/btstack/src/ble/att_server.c.obj
 *fill*         0x100066d2        0x2 
 .text.att_server_handle_att_pdu
                0x100066d4       0xd8 src/CMakeFiles/picow_ble_temp_sensor.dir/P_/RaspberryPicoSDK/pico-sdk/lib/btstack/src/ble/att_server.c.obj
 .text.att_packet_handler
                0x100067ac       0x4e src/CMakeFiles/picow_ble_temp_sensor.dir/P_/RaspberryPicoSDK/pico-sdk/lib/btstack/src/ble/att_server.c.obj
 .text.att_emit_connected_event
                0x100067fa       0x40 src/CMakeFiles/picow_ble_temp_sensor.dir/P_/RaspberryPicoSDK/pico-sdk/lib/btstack/src/ble/att_server.c.obj
 *fill*         0x1000683a        0x2 
 .text.att_event_packet_handler
                0x1000683c      0x32c src/CMakeFiles/picow_ble_temp_sensor.dir/P_/RaspberryPicoSDK/pico-sdk/lib/btstack/src/ble/att_server.c.obj
 .text.att_server_init
                0x10006b68       0x58 src/CMakeFiles/picow_ble_temp_sensor.dir/P_/RaspberryPicoSDK/pico-sdk/lib/btstack/src/ble/att_server.c.obj
                0x10006b68                att_server_init
 .text.att_server_register_packet_handler
                0x10006bc0        0xc src/CMakeFiles/picow_ble_temp_sensor.dir/P_/RaspberryPicoSDK/pico-sdk/lib/btstack/src/ble/att_server.c.obj
                0x10006bc0                att_server_register_packet_handler
 .text.att_server_request_to_send_notification
                0x10006bcc       0x30 src/CMakeFiles/picow_ble_temp_sensor.dir/P_/RaspberryPicoSDK/pico-sdk/lib/btstack/src/ble/att_server.c.obj
                0x10006bcc                att_server_request_to_send_notification
 .text.att_server_request_can_send_now_event
                0x10006bfc       0x18 src/CMakeFiles/picow_ble_temp_sensor.dir/P_/RaspberryPicoSDK/pico-sdk/lib/btstack/src/ble/att_server.c.obj
                0x10006bfc                att_server_request_can_send_now_event
 .text.att_server_notify
                0x10006c14       0x50 src/CMakeFiles/picow_ble_temp_sensor.dir/P_/RaspberryPicoSDK/pico-sdk/lib/btstack/src/ble/att_server.c.obj
                0x10006c14                att_server_notify
 .text.le_device_db_tlv_tag_for_index
                0x10006c64        0xc src/CMakeFiles/picow_ble_temp_sensor.dir/P_/RaspberryPicoSDK/pico-sdk/lib/btstack/src/ble/le_device_db_tlv.c.obj
 .text.le_device_db_tlv_delete
                0x10006c70       0x68 src/CMakeFiles/picow_ble_temp_sensor.dir/P_/RaspberryPicoSDK/pico-sdk/lib/btstack/src/ble/le_device_db_tlv.c.obj
 .text.le_device_db_tlv_fetch
                0x10006cd8       0x74 src/CMakeFiles/picow_ble_temp_sensor.dir/P_/RaspberryPicoSDK/pico-sdk/lib/btstack/src/ble/le_device_db_tlv.c.obj
 .text.le_device_db_tlv_store
                0x10006d4c       0x70 src/CMakeFiles/picow_ble_temp_sensor.dir/P_/RaspberryPicoSDK/pico-sdk/lib/btstack/src/ble/le_device_db_tlv.c.obj
 .text.le_device_db_tlv_scan
                0x10006dbc       0x60 src/CMakeFiles/picow_ble_temp_sensor.dir/P_/RaspberryPicoSDK/pico-sdk/lib/btstack/src/ble/le_device_db_tlv.c.obj
 .text.le_device_db_init
                0x10006e1c       0x28 src/CMakeFiles/picow_ble_temp_sensor.dir/P_/RaspberryPicoSDK/pico-sdk/lib/btstack/src/ble/le_device_db_tlv.c.obj
                0x10006e1c                le_device_db_init
 .text.le_device_db_set_local_bd_addr
                0x10006e44        0x2 src/CMakeFiles/picow_ble_temp_sensor.dir/P_/RaspberryPicoSDK/pico-sdk/lib/btstack/src/ble/le_device_db_tlv.c.obj
                0x10006e44                le_device_db_set_local_bd_addr
 .text.le_device_db_max_count
                0x10006e46        0x4 src/CMakeFiles/picow_ble_temp_sensor.dir/P_/RaspberryPicoSDK/pico-sdk/lib/btstack/src/ble/le_device_db_tlv.c.obj
                0x10006e46                le_device_db_max_count
 *fill*         0x10006e4a        0x2 
 .text.le_device_db_remove
                0x10006e4c       0x60 src/CMakeFiles/picow_ble_temp_sensor.dir/P_/RaspberryPicoSDK/pico-sdk/lib/btstack/src/ble/le_device_db_tlv.c.obj
                0x10006e4c                le_device_db_remove
 .text.le_device_db_add
                0x10006eac      0x170 src/CMakeFiles/picow_ble_temp_sensor.dir/P_/RaspberryPicoSDK/pico-sdk/lib/btstack/src/ble/le_device_db_tlv.c.obj
                0x10006eac                le_device_db_add
 .text.le_device_db_info
                0x1000701c       0x4e src/CMakeFiles/picow_ble_temp_sensor.dir/P_/RaspberryPicoSDK/pico-sdk/lib/btstack/src/ble/le_device_db_tlv.c.obj
                0x1000701c                le_device_db_info
 *fill*         0x1000706a        0x2 
 .text.le_device_db_encryption_set
                0x1000706c       0xa0 src/CMakeFiles/picow_ble_temp_sensor.dir/P_/RaspberryPicoSDK/pico-sdk/lib/btstack/src/ble/le_device_db_tlv.c.obj
                0x1000706c                le_device_db_encryption_set
 .text.le_device_db_encryption_get
                0x1000710c       0xc8 src/CMakeFiles/picow_ble_temp_sensor.dir/P_/RaspberryPicoSDK/pico-sdk/lib/btstack/src/ble/le_device_db_tlv.c.obj
                0x1000710c                le_device_db_encryption_get
 .text.le_device_db_tlv_configure
                0x100071d4       0x18 src/CMakeFiles/picow_ble_temp_sensor.dir/P_/RaspberryPicoSDK/pico-sdk/lib/btstack/src/ble/le_device_db_tlv.c.obj
                0x100071d4                le_device_db_tlv_configure
 .text.sm_reset_tk
                0x100071ec       0x18 src/CMakeFiles/picow_ble_temp_sensor.dir/P_/RaspberryPicoSDK/pico-sdk/lib/btstack/src/ble/sm.c.obj
 .text.sm_truncate_key
                0x10007204       0x14 src/CMakeFiles/picow_ble_temp_sensor.dir/P_/RaspberryPicoSDK/pico-sdk/lib/btstack/src/ble/sm.c.obj
 .text.sm_er_ir_set_default
                0x10007218       0x24 src/CMakeFiles/picow_ble_temp_sensor.dir/P_/RaspberryPicoSDK/pico-sdk/lib/btstack/src/ble/sm.c.obj
 .text.sm_er_is_default
                0x1000723c       0x24 src/CMakeFiles/picow_ble_temp_sensor.dir/P_/RaspberryPicoSDK/pico-sdk/lib/btstack/src/ble/sm.c.obj
 .text.sm_ir_is_default
                0x10007260       0x24 src/CMakeFiles/picow_ble_temp_sensor.dir/P_/RaspberryPicoSDK/pico-sdk/lib/btstack/src/ble/sm.c.obj
 .text.sm_key_distribution_flags_for_set
                0x10007284       0x1e src/CMakeFiles/picow_ble_temp_sensor.dir/P_/RaspberryPicoSDK/pico-sdk/lib/btstack/src/ble/sm.c.obj
 *fill*         0x100072a2        0x2 
 .text.sm_setup_key_distribution
                0x100072a4       0x24 src/CMakeFiles/picow_ble_temp_sensor.dir/P_/RaspberryPicoSDK/pico-sdk/lib/btstack/src/ble/sm.c.obj
 .text.sm_address_resolution_idle
                0x100072c8       0x10 src/CMakeFiles/picow_ble_temp_sensor.dir/P_/RaspberryPicoSDK/pico-sdk/lib/btstack/src/ble/sm.c.obj
 .text.sm_key_distribution_all_received
                0x100072d8       0x18 src/CMakeFiles/picow_ble_temp_sensor.dir/P_/RaspberryPicoSDK/pico-sdk/lib/btstack/src/ble/sm.c.obj
 .text.sm_key_distribution_flags_for_auth_req
                0x100072f0       0x14 src/CMakeFiles/picow_ble_temp_sensor.dir/P_/RaspberryPicoSDK/pico-sdk/lib/btstack/src/ble/sm.c.obj
 .text.sm_reset_setup
                0x10007304       0x1c src/CMakeFiles/picow_ble_temp_sensor.dir/P_/RaspberryPicoSDK/pico-sdk/lib/btstack/src/ble/sm.c.obj
 .text.sm_pairing_error
                0x10007320        0x8 src/CMakeFiles/picow_ble_temp_sensor.dir/P_/RaspberryPicoSDK/pico-sdk/lib/btstack/src/ble/sm.c.obj
 .text.sm_run_oob
                0x10007328        0x4 src/CMakeFiles/picow_ble_temp_sensor.dir/P_/RaspberryPicoSDK/pico-sdk/lib/btstack/src/ble/sm.c.obj
 .text.sm_ctkd_from_le
                0x1000732c        0x4 src/CMakeFiles/picow_ble_temp_sensor.dir/P_/RaspberryPicoSDK/pico-sdk/lib/btstack/src/ble/sm.c.obj
 .text.sm_validate_stk_generation_method
                0x10007330       0x58 src/CMakeFiles/picow_ble_temp_sensor.dir/P_/RaspberryPicoSDK/pico-sdk/lib/btstack/src/ble/sm.c.obj
 .text.sm_pdu_validate_and_get_opcode
                0x10007388       0x2c src/CMakeFiles/picow_ble_temp_sensor.dir/P_/RaspberryPicoSDK/pico-sdk/lib/btstack/src/ble/sm.c.obj
 .text.sm_state_reset
                0x100073b4       0x48 src/CMakeFiles/picow_ble_temp_sensor.dir/P_/RaspberryPicoSDK/pico-sdk/lib/btstack/src/ble/sm.c.obj
 .text.gap_random_address_type_requires_updates
                0x100073fc       0x14 src/CMakeFiles/picow_ble_temp_sensor.dir/P_/RaspberryPicoSDK/pico-sdk/lib/btstack/src/ble/sm.c.obj
 .text.own_address_type
                0x10007410       0x10 src/CMakeFiles/picow_ble_temp_sensor.dir/P_/RaspberryPicoSDK/pico-sdk/lib/btstack/src/ble/sm.c.obj
 .text.sm_init_setup
                0x10007420       0x9c src/CMakeFiles/picow_ble_temp_sensor.dir/P_/RaspberryPicoSDK/pico-sdk/lib/btstack/src/ble/sm.c.obj
 .text.sm_connection_init
                0x100074bc       0x2e src/CMakeFiles/picow_ble_temp_sensor.dir/P_/RaspberryPicoSDK/pico-sdk/lib/btstack/src/ble/sm.c.obj
 *fill*         0x100074ea        0x2 
 .text.sm_timeout_stop
                0x100074ec       0x10 src/CMakeFiles/picow_ble_temp_sensor.dir/P_/RaspberryPicoSDK/pico-sdk/lib/btstack/src/ble/sm.c.obj
 .text.gap_random_address_update_stop
                0x100074fc       0x10 src/CMakeFiles/picow_ble_temp_sensor.dir/P_/RaspberryPicoSDK/pico-sdk/lib/btstack/src/ble/sm.c.obj
 .text.sm_trigger_run
                0x1000750c       0x2c src/CMakeFiles/picow_ble_temp_sensor.dir/P_/RaspberryPicoSDK/pico-sdk/lib/btstack/src/ble/sm.c.obj
 .text.log_info_hex16
                0x10007538       0x24 src/CMakeFiles/picow_ble_temp_sensor.dir/P_/RaspberryPicoSDK/pico-sdk/lib/btstack/src/ble/sm.c.obj
 .text.sm_start_calculating_ltk_from_ediv_and_rand
                0x1000755c       0x5c src/CMakeFiles/picow_ble_temp_sensor.dir/P_/RaspberryPicoSDK/pico-sdk/lib/btstack/src/ble/sm.c.obj
 .text.sm_done_for_handle
                0x100075b8       0x40 src/CMakeFiles/picow_ble_temp_sensor.dir/P_/RaspberryPicoSDK/pico-sdk/lib/btstack/src/ble/sm.c.obj
 .text.sm_validate_er_ir
                0x100075f8       0x60 src/CMakeFiles/picow_ble_temp_sensor.dir/P_/RaspberryPicoSDK/pico-sdk/lib/btstack/src/ble/sm.c.obj
 .text.gap_random_address_trigger
                0x10007658       0x3c src/CMakeFiles/picow_ble_temp_sensor.dir/P_/RaspberryPicoSDK/pico-sdk/lib/btstack/src/ble/sm.c.obj
 .text.gap_random_address_update_handler
                0x10007694       0x3c src/CMakeFiles/picow_ble_temp_sensor.dir/P_/RaspberryPicoSDK/pico-sdk/lib/btstack/src/ble/sm.c.obj
 .text.gap_random_address_update_start
                0x100076d0       0x2c src/CMakeFiles/picow_ble_temp_sensor.dir/P_/RaspberryPicoSDK/pico-sdk/lib/btstack/src/ble/sm.c.obj
 .text.sm_setup_event_base
                0x100076fc       0x24 src/CMakeFiles/picow_ble_temp_sensor.dir/P_/RaspberryPicoSDK/pico-sdk/lib/btstack/src/ble/sm.c.obj
 .text.sm_ah_r_prime
                0x10007720       0x1e src/CMakeFiles/picow_ble_temp_sensor.dir/P_/RaspberryPicoSDK/pico-sdk/lib/btstack/src/ble/sm.c.obj
 *fill*         0x1000773e        0x2 
 .text.sm_run_rau
                0x10007740       0x8c src/CMakeFiles/picow_ble_temp_sensor.dir/P_/RaspberryPicoSDK/pico-sdk/lib/btstack/src/ble/sm.c.obj
 .text.sm_c1_t3
                0x100077cc       0x5c src/CMakeFiles/picow_ble_temp_sensor.dir/P_/RaspberryPicoSDK/pico-sdk/lib/btstack/src/ble/sm.c.obj
 .text.sm_handle_encryption_result_dkg_dhk
                0x10007828       0x2c src/CMakeFiles/picow_ble_temp_sensor.dir/P_/RaspberryPicoSDK/pico-sdk/lib/btstack/src/ble/sm.c.obj
 .text.sm_handle_encryption_result_dkg_irk
                0x10007854       0x2c src/CMakeFiles/picow_ble_temp_sensor.dir/P_/RaspberryPicoSDK/pico-sdk/lib/btstack/src/ble/sm.c.obj
 .text.sm_setup_tk
                0x10007880       0xfc src/CMakeFiles/picow_ble_temp_sensor.dir/P_/RaspberryPicoSDK/pico-sdk/lib/btstack/src/ble/sm.c.obj
 .text.sm_stk_generation_init
                0x1000797c       0x88 src/CMakeFiles/picow_ble_temp_sensor.dir/P_/RaspberryPicoSDK/pico-sdk/lib/btstack/src/ble/sm.c.obj
 .text.sm_s1_r_prime
                0x10007a04       0x3c src/CMakeFiles/picow_ble_temp_sensor.dir/P_/RaspberryPicoSDK/pico-sdk/lib/btstack/src/ble/sm.c.obj
 .text.sm_handle_random_result_ir
                0x10007a40       0x90 src/CMakeFiles/picow_ble_temp_sensor.dir/P_/RaspberryPicoSDK/pico-sdk/lib/btstack/src/ble/sm.c.obj
 .text.sm_handle_random_result_er
                0x10007ad0       0xb4 src/CMakeFiles/picow_ble_temp_sensor.dir/P_/RaspberryPicoSDK/pico-sdk/lib/btstack/src/ble/sm.c.obj
 .text.sm_d1_d_prime
                0x10007b84       0x28 src/CMakeFiles/picow_ble_temp_sensor.dir/P_/RaspberryPicoSDK/pico-sdk/lib/btstack/src/ble/sm.c.obj
 .text.sm_run_dpkg
                0x10007bac       0xd4 src/CMakeFiles/picow_ble_temp_sensor.dir/P_/RaspberryPicoSDK/pico-sdk/lib/btstack/src/ble/sm.c.obj
 .text.sm_handle_encryption_result_rau
                0x10007c80       0x38 src/CMakeFiles/picow_ble_temp_sensor.dir/P_/RaspberryPicoSDK/pico-sdk/lib/btstack/src/ble/sm.c.obj
 .text.sm_handle_random_result_rau
                0x10007cb8       0x48 src/CMakeFiles/picow_ble_temp_sensor.dir/P_/RaspberryPicoSDK/pico-sdk/lib/btstack/src/ble/sm.c.obj
 .text.sm_run_activate_connection
                0x10007d00       0x88 src/CMakeFiles/picow_ble_temp_sensor.dir/P_/RaspberryPicoSDK/pico-sdk/lib/btstack/src/ble/sm.c.obj
 .text.sm_lookup_by_address
                0x10007d88       0x4c src/CMakeFiles/picow_ble_temp_sensor.dir/P_/RaspberryPicoSDK/pico-sdk/lib/btstack/src/ble/sm.c.obj
 .text.sm_is_null_key
                0x10007dd4        0xa src/CMakeFiles/picow_ble_temp_sensor.dir/P_/RaspberryPicoSDK/pico-sdk/lib/btstack/src/ble/sm.c.obj
 .text.sm_is_null_random
                0x10007dde        0xa src/CMakeFiles/picow_ble_temp_sensor.dir/P_/RaspberryPicoSDK/pico-sdk/lib/btstack/src/ble/sm.c.obj
 .text.sm_timeout_start
                0x10007de8       0x38 src/CMakeFiles/picow_ble_temp_sensor.dir/P_/RaspberryPicoSDK/pico-sdk/lib/btstack/src/ble/sm.c.obj
 .text.sm_timeout_reset
                0x10007e20       0x10 src/CMakeFiles/picow_ble_temp_sensor.dir/P_/RaspberryPicoSDK/pico-sdk/lib/btstack/src/ble/sm.c.obj
 .text.sm_c1_t1
                0x10007e30       0x6c src/CMakeFiles/picow_ble_temp_sensor.dir/P_/RaspberryPicoSDK/pico-sdk/lib/btstack/src/ble/sm.c.obj
 .text.sm_send_connectionless
                0x10007e9c       0x12 src/CMakeFiles/picow_ble_temp_sensor.dir/P_/RaspberryPicoSDK/pico-sdk/lib/btstack/src/ble/sm.c.obj
 *fill*         0x10007eae        0x2 
 .text.sm_run_send_keypress_notification
                0x10007eb0       0x70 src/CMakeFiles/picow_ble_temp_sensor.dir/P_/RaspberryPicoSDK/pico-sdk/lib/btstack/src/ble/sm.c.obj
 .text.sm_cache_ltk
                0x10007f20       0x3c src/CMakeFiles/picow_ble_temp_sensor.dir/P_/RaspberryPicoSDK/pico-sdk/lib/btstack/src/ble/sm.c.obj
 .text.sm_get_connection_for_handle
                0x10007f5c       0x10 src/CMakeFiles/picow_ble_temp_sensor.dir/P_/RaspberryPicoSDK/pico-sdk/lib/btstack/src/ble/sm.c.obj
 .text.sm_handle_random_result_ph2_random
                0x10007f6c       0x16 src/CMakeFiles/picow_ble_temp_sensor.dir/P_/RaspberryPicoSDK/pico-sdk/lib/btstack/src/ble/sm.c.obj
 *fill*         0x10007f82        0x2 
 .text.sm_handle_encryption_result_enc_ph4_y
                0x10007f84       0x8c src/CMakeFiles/picow_ble_temp_sensor.dir/P_/RaspberryPicoSDK/pico-sdk/lib/btstack/src/ble/sm.c.obj
 .text.sm_handle_encryption_result_enc_ph4_ltk
                0x10008010       0x3c src/CMakeFiles/picow_ble_temp_sensor.dir/P_/RaspberryPicoSDK/pico-sdk/lib/btstack/src/ble/sm.c.obj
 .text.sm_handle_encryption_result_enc_ph3_y
                0x1000804c       0x8c src/CMakeFiles/picow_ble_temp_sensor.dir/P_/RaspberryPicoSDK/pico-sdk/lib/btstack/src/ble/sm.c.obj
 .text.sm_handle_encryption_result_enc_ph3_ltk
                0x100080d8       0x6c src/CMakeFiles/picow_ble_temp_sensor.dir/P_/RaspberryPicoSDK/pico-sdk/lib/btstack/src/ble/sm.c.obj
 .text.sm_handle_encryption_result_enc_stk
                0x10008144       0x3c src/CMakeFiles/picow_ble_temp_sensor.dir/P_/RaspberryPicoSDK/pico-sdk/lib/btstack/src/ble/sm.c.obj
 .text.sm_handle_encryption_result_enc_c
                0x10008180       0x5c src/CMakeFiles/picow_ble_temp_sensor.dir/P_/RaspberryPicoSDK/pico-sdk/lib/btstack/src/ble/sm.c.obj
 .text.sm_handle_encryption_result_enc_d
                0x100081dc       0x54 src/CMakeFiles/picow_ble_temp_sensor.dir/P_/RaspberryPicoSDK/pico-sdk/lib/btstack/src/ble/sm.c.obj
 .text.sm_handle_encryption_result_enc_a
                0x10008230       0x5c src/CMakeFiles/picow_ble_temp_sensor.dir/P_/RaspberryPicoSDK/pico-sdk/lib/btstack/src/ble/sm.c.obj
 .text.sm_handle_encryption_result_enc_b
                0x1000828c       0x30 src/CMakeFiles/picow_ble_temp_sensor.dir/P_/RaspberryPicoSDK/pico-sdk/lib/btstack/src/ble/sm.c.obj
 .text.sm_handle_random_result_ph2_tk
                0x100082bc       0x58 src/CMakeFiles/picow_ble_temp_sensor.dir/P_/RaspberryPicoSDK/pico-sdk/lib/btstack/src/ble/sm.c.obj
 .text.sm_handle_random_result_ph3_random
                0x10008314       0x60 src/CMakeFiles/picow_ble_temp_sensor.dir/P_/RaspberryPicoSDK/pico-sdk/lib/btstack/src/ble/sm.c.obj
 .text.sm_handle_random_result_ph3_div
                0x10008374       0x38 src/CMakeFiles/picow_ble_temp_sensor.dir/P_/RaspberryPicoSDK/pico-sdk/lib/btstack/src/ble/sm.c.obj
 .text.sm_dispatch_event
                0x100083ac       0x40 src/CMakeFiles/picow_ble_temp_sensor.dir/P_/RaspberryPicoSDK/pico-sdk/lib/btstack/src/ble/sm.c.obj
 .text.sm_notify_client_index
                0x100083ec       0x60 src/CMakeFiles/picow_ble_temp_sensor.dir/P_/RaspberryPicoSDK/pico-sdk/lib/btstack/src/ble/sm.c.obj
 .text.sm_pairing_started
                0x1000844c       0x48 src/CMakeFiles/picow_ble_temp_sensor.dir/P_/RaspberryPicoSDK/pico-sdk/lib/btstack/src/ble/sm.c.obj
 .text.sm_trigger_user_response_passkey
                0x10008494       0x60 src/CMakeFiles/picow_ble_temp_sensor.dir/P_/RaspberryPicoSDK/pico-sdk/lib/btstack/src/ble/sm.c.obj
 .text.sm_trigger_user_response_basic
                0x100084f4       0x40 src/CMakeFiles/picow_ble_temp_sensor.dir/P_/RaspberryPicoSDK/pico-sdk/lib/btstack/src/ble/sm.c.obj
 .text.sm_trigger_user_response
                0x10008534       0x68 src/CMakeFiles/picow_ble_temp_sensor.dir/P_/RaspberryPicoSDK/pico-sdk/lib/btstack/src/ble/sm.c.obj
 .text.sm_notify_client_status
                0x1000859c       0x2c src/CMakeFiles/picow_ble_temp_sensor.dir/P_/RaspberryPicoSDK/pico-sdk/lib/btstack/src/ble/sm.c.obj
 .text.sm_reencryption_complete
                0x100085c8       0x4c src/CMakeFiles/picow_ble_temp_sensor.dir/P_/RaspberryPicoSDK/pico-sdk/lib/btstack/src/ble/sm.c.obj
 .text.sm_pairing_complete
                0x10008614       0x50 src/CMakeFiles/picow_ble_temp_sensor.dir/P_/RaspberryPicoSDK/pico-sdk/lib/btstack/src/ble/sm.c.obj
 .text.sm_run_basic
                0x10008664       0x94 src/CMakeFiles/picow_ble_temp_sensor.dir/P_/RaspberryPicoSDK/pico-sdk/lib/btstack/src/ble/sm.c.obj
 .text.sm_key_distribution_complete_responder
                0x100086f8       0x40 src/CMakeFiles/picow_ble_temp_sensor.dir/P_/RaspberryPicoSDK/pico-sdk/lib/btstack/src/ble/sm.c.obj
 .text.sm_notify_client_base
                0x10008738       0x24 src/CMakeFiles/picow_ble_temp_sensor.dir/P_/RaspberryPicoSDK/pico-sdk/lib/btstack/src/ble/sm.c.obj
 .text.sm_address_resolution_start_lookup
                0x1000875c       0x4c src/CMakeFiles/picow_ble_temp_sensor.dir/P_/RaspberryPicoSDK/pico-sdk/lib/btstack/src/ble/sm.c.obj
 .text.sm_reencryption_started
                0x100087a8       0x48 src/CMakeFiles/picow_ble_temp_sensor.dir/P_/RaspberryPicoSDK/pico-sdk/lib/btstack/src/ble/sm.c.obj
 .text.sm_address_resolution_handle_event
                0x100087f0      0x1b4 src/CMakeFiles/picow_ble_temp_sensor.dir/P_/RaspberryPicoSDK/pico-sdk/lib/btstack/src/ble/sm.c.obj
 .text.sm_run_csrk
                0x100089a4      0x1e8 src/CMakeFiles/picow_ble_temp_sensor.dir/P_/RaspberryPicoSDK/pico-sdk/lib/btstack/src/ble/sm.c.obj
 .text.sm_run_non_connection_logic
                0x10008b8c       0x22 src/CMakeFiles/picow_ble_temp_sensor.dir/P_/RaspberryPicoSDK/pico-sdk/lib/btstack/src/ble/sm.c.obj
 *fill*         0x10008bae        0x2 
 .text.sm_handle_encryption_result_address_resolution
                0x10008bb0       0x5c src/CMakeFiles/picow_ble_temp_sensor.dir/P_/RaspberryPicoSDK/pico-sdk/lib/btstack/src/ble/sm.c.obj
 .text.sm_remove_le_device_db_entry
                0x10008c0c        0x8 src/CMakeFiles/picow_ble_temp_sensor.dir/P_/RaspberryPicoSDK/pico-sdk/lib/btstack/src/ble/sm.c.obj
 .text.sm_key_distribution_validate_received
                0x10008c14       0x6c src/CMakeFiles/picow_ble_temp_sensor.dir/P_/RaspberryPicoSDK/pico-sdk/lib/btstack/src/ble/sm.c.obj
 .text.sm_store_bonding_information
                0x10008c80      0x224 src/CMakeFiles/picow_ble_temp_sensor.dir/P_/RaspberryPicoSDK/pico-sdk/lib/btstack/src/ble/sm.c.obj
 .text.sm_key_distribution_handle_all_received
                0x10008ea4       0x4c src/CMakeFiles/picow_ble_temp_sensor.dir/P_/RaspberryPicoSDK/pico-sdk/lib/btstack/src/ble/sm.c.obj
 .text.sm_handle_encryption_result_enc_csrk
                0x10008ef0       0x5c src/CMakeFiles/picow_ble_temp_sensor.dir/P_/RaspberryPicoSDK/pico-sdk/lib/btstack/src/ble/sm.c.obj
 .text.sm_add_event_handler
                0x10008f4c       0x10 src/CMakeFiles/picow_ble_temp_sensor.dir/P_/RaspberryPicoSDK/pico-sdk/lib/btstack/src/ble/sm.c.obj
                0x10008f4c                sm_add_event_handler
 .text.sm_init  0x10008f5c       0xa0 src/CMakeFiles/picow_ble_temp_sensor.dir/P_/RaspberryPicoSDK/pico-sdk/lib/btstack/src/ble/sm.c.obj
                0x10008f5c                sm_init
 .text.sm_request_pairing
                0x10008ffc       0xc0 src/CMakeFiles/picow_ble_temp_sensor.dir/P_/RaspberryPicoSDK/pico-sdk/lib/btstack/src/ble/sm.c.obj
                0x10008ffc                sm_request_pairing
 .text.sm_le_device_index
                0x100090bc       0x14 src/CMakeFiles/picow_ble_temp_sensor.dir/P_/RaspberryPicoSDK/pico-sdk/lib/btstack/src/ble/sm.c.obj
                0x100090bc                sm_le_device_index
 .text.gap_random_address_set_mode
                0x100090d0       0x2c src/CMakeFiles/picow_ble_temp_sensor.dir/P_/RaspberryPicoSDK/pico-sdk/lib/btstack/src/ble/sm.c.obj
                0x100090d0                gap_random_address_set_mode
 .text.gap_random_address_get_mode
                0x100090fc        0xc src/CMakeFiles/picow_ble_temp_sensor.dir/P_/RaspberryPicoSDK/pico-sdk/lib/btstack/src/ble/sm.c.obj
                0x100090fc                gap_random_address_get_mode
 .text.sm_run_distribute_keys
                0x10009108      0x17c src/CMakeFiles/picow_ble_temp_sensor.dir/P_/RaspberryPicoSDK/pico-sdk/lib/btstack/src/ble/sm.c.obj
 .text.sm_run   0x10009284      0x500 src/CMakeFiles/picow_ble_temp_sensor.dir/P_/RaspberryPicoSDK/pico-sdk/lib/btstack/src/ble/sm.c.obj
 .text.sm_pdu_handler
                0x10009784      0x248 src/CMakeFiles/picow_ble_temp_sensor.dir/P_/RaspberryPicoSDK/pico-sdk/lib/btstack/src/ble/sm.c.obj
 .text.sm_timeout_handler
                0x100099cc       0x44 src/CMakeFiles/picow_ble_temp_sensor.dir/P_/RaspberryPicoSDK/pico-sdk/lib/btstack/src/ble/sm.c.obj
 .text.sm_run_timer_handler
                0x10009a10        0x8 src/CMakeFiles/picow_ble_temp_sensor.dir/P_/RaspberryPicoSDK/pico-sdk/lib/btstack/src/ble/sm.c.obj
 .text.gap_random_address_set
                0x10009a18       0x2c src/CMakeFiles/picow_ble_temp_sensor.dir/P_/RaspberryPicoSDK/pico-sdk/lib/btstack/src/ble/sm.c.obj
                0x10009a18                gap_random_address_set
 .text.sm_event_packet_handler
                0x10009a44      0x41c src/CMakeFiles/picow_ble_temp_sensor.dir/P_/RaspberryPicoSDK/pico-sdk/lib/btstack/src/ble/sm.c.obj
 .text.gap_advertisements_set_params
                0x10009e60       0x1c src/CMakeFiles/picow_ble_temp_sensor.dir/P_/RaspberryPicoSDK/pico-sdk/lib/btstack/src/ble/sm.c.obj
                0x10009e60                gap_advertisements_set_params
 .text.gap_reconnect_security_setup_active
                0x10009e7c       0x4e src/CMakeFiles/picow_ble_temp_sensor.dir/P_/RaspberryPicoSDK/pico-sdk/lib/btstack/src/ble/sm.c.obj
                0x10009e7c                gap_reconnect_security_setup_active
 .text.default_RNG
                0x10009eca        0x4 src/CMakeFiles/picow_ble_temp_sensor.dir/P_/RaspberryPicoSDK/pico-sdk/lib/btstack/3rd-party/micro-ecc/uECC.c.obj
 .text.vli_clear
                0x10009ece       0x14 src/CMakeFiles/picow_ble_temp_sensor.dir/P_/RaspberryPicoSDK/pico-sdk/lib/btstack/3rd-party/micro-ecc/uECC.c.obj
 .text.vli_isZero
                0x10009ee2       0x1a src/CMakeFiles/picow_ble_temp_sensor.dir/P_/RaspberryPicoSDK/pico-sdk/lib/btstack/3rd-party/micro-ecc/uECC.c.obj
 .text.vli_testBit
                0x10009efc       0x12 src/CMakeFiles/picow_ble_temp_sensor.dir/P_/RaspberryPicoSDK/pico-sdk/lib/btstack/3rd-party/micro-ecc/uECC.c.obj
 .text.vli_set  0x10009f0e       0x14 src/CMakeFiles/picow_ble_temp_sensor.dir/P_/RaspberryPicoSDK/pico-sdk/lib/btstack/3rd-party/micro-ecc/uECC.c.obj
 .text.vli_cmp  0x10009f22       0x26 src/CMakeFiles/picow_ble_temp_sensor.dir/P_/RaspberryPicoSDK/pico-sdk/lib/btstack/3rd-party/micro-ecc/uECC.c.obj
 .text.vli_rshift1
                0x10009f48       0x1e src/CMakeFiles/picow_ble_temp_sensor.dir/P_/RaspberryPicoSDK/pico-sdk/lib/btstack/3rd-party/micro-ecc/uECC.c.obj
 .text.vli_add  0x10009f66       0x2a src/CMakeFiles/picow_ble_temp_sensor.dir/P_/RaspberryPicoSDK/pico-sdk/lib/btstack/3rd-party/micro-ecc/uECC.c.obj
 .text.vli_sub  0x10009f90       0x2a src/CMakeFiles/picow_ble_temp_sensor.dir/P_/RaspberryPicoSDK/pico-sdk/lib/btstack/3rd-party/micro-ecc/uECC.c.obj
 .text.muladd   0x10009fba       0x4a src/CMakeFiles/picow_ble_temp_sensor.dir/P_/RaspberryPicoSDK/pico-sdk/lib/btstack/3rd-party/micro-ecc/uECC.c.obj
 .text.vli_mult
                0x1000a004       0xa0 src/CMakeFiles/picow_ble_temp_sensor.dir/P_/RaspberryPicoSDK/pico-sdk/lib/btstack/3rd-party/micro-ecc/uECC.c.obj
 .text.vli_modAdd
                0x1000a0a4       0x26 src/CMakeFiles/picow_ble_temp_sensor.dir/P_/RaspberryPicoSDK/pico-sdk/lib/btstack/3rd-party/micro-ecc/uECC.c.obj
 .text.vli_modSub
                0x1000a0ca       0x1c src/CMakeFiles/picow_ble_temp_sensor.dir/P_/RaspberryPicoSDK/pico-sdk/lib/btstack/3rd-party/micro-ecc/uECC.c.obj
 *fill*         0x1000a0e6        0x2 
 .text.vli_mmod_fast
                0x1000a0e8      0x194 src/CMakeFiles/picow_ble_temp_sensor.dir/P_/RaspberryPicoSDK/pico-sdk/lib/btstack/3rd-party/micro-ecc/uECC.c.obj
 .text.vli_modMult_fast
                0x1000a27c       0x18 src/CMakeFiles/picow_ble_temp_sensor.dir/P_/RaspberryPicoSDK/pico-sdk/lib/btstack/3rd-party/micro-ecc/uECC.c.obj
 .text.vli_modInv
                0x1000a294      0x1a8 src/CMakeFiles/picow_ble_temp_sensor.dir/P_/RaspberryPicoSDK/pico-sdk/lib/btstack/3rd-party/micro-ecc/uECC.c.obj
 .text.EccPoint_isZero
                0x1000a43c       0x24 src/CMakeFiles/picow_ble_temp_sensor.dir/P_/RaspberryPicoSDK/pico-sdk/lib/btstack/3rd-party/micro-ecc/uECC.c.obj
 .text.EccPoint_double_jacobian
                0x1000a460      0x124 src/CMakeFiles/picow_ble_temp_sensor.dir/P_/RaspberryPicoSDK/pico-sdk/lib/btstack/3rd-party/micro-ecc/uECC.c.obj
 .text.apply_z  0x1000a584       0x34 src/CMakeFiles/picow_ble_temp_sensor.dir/P_/RaspberryPicoSDK/pico-sdk/lib/btstack/3rd-party/micro-ecc/uECC.c.obj
 .text.XYcZ_initial_double
                0x1000a5b8       0x58 src/CMakeFiles/picow_ble_temp_sensor.dir/P_/RaspberryPicoSDK/pico-sdk/lib/btstack/3rd-party/micro-ecc/uECC.c.obj
 .text.XYcZ_add
                0x1000a610       0xb8 src/CMakeFiles/picow_ble_temp_sensor.dir/P_/RaspberryPicoSDK/pico-sdk/lib/btstack/3rd-party/micro-ecc/uECC.c.obj
 .text.XYcZ_addC
                0x1000a6c8       0xfc src/CMakeFiles/picow_ble_temp_sensor.dir/P_/RaspberryPicoSDK/pico-sdk/lib/btstack/3rd-party/micro-ecc/uECC.c.obj
 .text.EccPoint_mult
                0x1000a7c4      0x134 src/CMakeFiles/picow_ble_temp_sensor.dir/P_/RaspberryPicoSDK/pico-sdk/lib/btstack/3rd-party/micro-ecc/uECC.c.obj
 .text.EccPoint_compute_public_key
                0x1000a8f8       0x7c src/CMakeFiles/picow_ble_temp_sensor.dir/P_/RaspberryPicoSDK/pico-sdk/lib/btstack/3rd-party/micro-ecc/uECC.c.obj
 .text.vli_nativeToBytes
                0x1000a974       0x2c src/CMakeFiles/picow_ble_temp_sensor.dir/P_/RaspberryPicoSDK/pico-sdk/lib/btstack/3rd-party/micro-ecc/uECC.c.obj
 .text.vli_bytesToNative
                0x1000a9a0       0x2e src/CMakeFiles/picow_ble_temp_sensor.dir/P_/RaspberryPicoSDK/pico-sdk/lib/btstack/3rd-party/micro-ecc/uECC.c.obj
 *fill*         0x1000a9ce        0x2 
 .text.uECC_set_rng
                0x1000a9d0        0xc src/CMakeFiles/picow_ble_temp_sensor.dir/P_/RaspberryPicoSDK/pico-sdk/lib/btstack/3rd-party/micro-ecc/uECC.c.obj
                0x1000a9d0                uECC_set_rng
 .text.uECC_make_key
                0x1000a9dc       0x54 src/CMakeFiles/picow_ble_temp_sensor.dir/P_/RaspberryPicoSDK/pico-sdk/lib/btstack/3rd-party/micro-ecc/uECC.c.obj
                0x1000a9dc                uECC_make_key
 .text.uECC_shared_secret
                0x1000aa30       0xb0 src/CMakeFiles/picow_ble_temp_sensor.dir/P_/RaspberryPicoSDK/pico-sdk/lib/btstack/3rd-party/micro-ecc/uECC.c.obj
                0x1000aa30                uECC_shared_secret
 .text.rijndaelSetupEncrypt
                0x1000aae0       0xd4 src/CMakeFiles/picow_ble_temp_sensor.dir/P_/RaspberryPicoSDK/pico-sdk/lib/btstack/3rd-party/rijndael/rijndael.c.obj
                0x1000aae0                rijndaelSetupEncrypt
 .text.rijndaelEncrypt
                0x1000abb4      0xa78 src/CMakeFiles/picow_ble_temp_sensor.dir/P_/RaspberryPicoSDK/pico-sdk/lib/btstack/3rd-party/rijndael/rijndael.c.obj
                0x1000abb4                rijndaelEncrypt
 .text.btstack_tlv_flash_bank_align_size
                0x1000b62c       0x16 src/CMakeFiles/picow_ble_temp_sensor.dir/P_/RaspberryPicoSDK/pico-sdk/lib/btstack/platform/embedded/btstack_tlv_flash_bank.c.obj
 .text.btstack_tlv_flash_bank_iterator_has_next
                0x1000b642        0xc src/CMakeFiles/picow_ble_temp_sensor.dir/P_/RaspberryPicoSDK/pico-sdk/lib/btstack/platform/embedded/btstack_tlv_flash_bank.c.obj
 .text.btstack_tlv_flash_bank_write
                0x1000b64e       0x80 src/CMakeFiles/picow_ble_temp_sensor.dir/P_/RaspberryPicoSDK/pico-sdk/lib/btstack/platform/embedded/btstack_tlv_flash_bank.c.obj
 *fill*         0x1000b6ce        0x2 
 .text.btstack_tlv_flash_bank_write_header
                0x1000b6d0       0x28 src/CMakeFiles/picow_ble_temp_sensor.dir/P_/RaspberryPicoSDK/pico-sdk/lib/btstack/platform/embedded/btstack_tlv_flash_bank.c.obj
 .text.btstack_tlv_flash_bank_read
                0x1000b6f8       0x7c src/CMakeFiles/picow_ble_temp_sensor.dir/P_/RaspberryPicoSDK/pico-sdk/lib/btstack/platform/embedded/btstack_tlv_flash_bank.c.obj
 .text.btstack_tlv_flash_bank_get_latest_bank
                0x1000b774       0xa4 src/CMakeFiles/picow_ble_temp_sensor.dir/P_/RaspberryPicoSDK/pico-sdk/lib/btstack/platform/embedded/btstack_tlv_flash_bank.c.obj
 .text.btstack_tlv_flash_bank_test_erased
                0x1000b818       0x90 src/CMakeFiles/picow_ble_temp_sensor.dir/P_/RaspberryPicoSDK/pico-sdk/lib/btstack/platform/embedded/btstack_tlv_flash_bank.c.obj
 .text.btstack_tlv_flash_bank_erase_bank
                0x1000b8a8       0x4c src/CMakeFiles/picow_ble_temp_sensor.dir/P_/RaspberryPicoSDK/pico-sdk/lib/btstack/platform/embedded/btstack_tlv_flash_bank.c.obj
 .text.btstack_tlv_flash_bank_iterator_fetch_tag_len
                0x1000b8f4       0x4e src/CMakeFiles/picow_ble_temp_sensor.dir/P_/RaspberryPicoSDK/pico-sdk/lib/btstack/platform/embedded/btstack_tlv_flash_bank.c.obj
 .text.btstack_tlv_flash_bank_iterator_init
                0x1000b942       0x2c src/CMakeFiles/picow_ble_temp_sensor.dir/P_/RaspberryPicoSDK/pico-sdk/lib/btstack/platform/embedded/btstack_tlv_flash_bank.c.obj
 .text.tlv_iterator_fetch_next
                0x1000b96e       0x34 src/CMakeFiles/picow_ble_temp_sensor.dir/P_/RaspberryPicoSDK/pico-sdk/lib/btstack/platform/embedded/btstack_tlv_flash_bank.c.obj
 *fill*         0x1000b9a2        0x2 
 .text.btstack_tlv_flash_bank_get_tag
                0x1000b9a4       0x8c src/CMakeFiles/picow_ble_temp_sensor.dir/P_/RaspberryPicoSDK/pico-sdk/lib/btstack/platform/embedded/btstack_tlv_flash_bank.c.obj
 .text.btstack_tlv_flash_bank_delete_tag_until_offset
                0x1000ba30       0x6c src/CMakeFiles/picow_ble_temp_sensor.dir/P_/RaspberryPicoSDK/pico-sdk/lib/btstack/platform/embedded/btstack_tlv_flash_bank.c.obj
 .text.btstack_tlv_flash_bank_delete_tag
                0x1000ba9c        0xa src/CMakeFiles/picow_ble_temp_sensor.dir/P_/RaspberryPicoSDK/pico-sdk/lib/btstack/platform/embedded/btstack_tlv_flash_bank.c.obj
 *fill*         0x1000baa6        0x2 
 .text.btstack_tlv_flash_bank_migrate
                0x1000baa8      0x114 src/CMakeFiles/picow_ble_temp_sensor.dir/P_/RaspberryPicoSDK/pico-sdk/lib/btstack/platform/embedded/btstack_tlv_flash_bank.c.obj
 .text.btstack_tlv_flash_bank_store_tag
                0x1000bbbc       0xd8 src/CMakeFiles/picow_ble_temp_sensor.dir/P_/RaspberryPicoSDK/pico-sdk/lib/btstack/platform/embedded/btstack_tlv_flash_bank.c.obj
 .text.btstack_tlv_flash_bank_init_instance
                0x1000bc94      0x10c src/CMakeFiles/picow_ble_temp_sensor.dir/P_/RaspberryPicoSDK/pico-sdk/lib/btstack/platform/embedded/btstack_tlv_flash_bank.c.obj
                0x1000bc94                btstack_tlv_flash_bank_init_instance
 .text.btstack_crypto_cmac_shift_left_by_one_bit_inplace
                0x1000bda0       0x1a src/CMakeFiles/picow_ble_temp_sensor.dir/P_/RaspberryPicoSDK/pico-sdk/lib/btstack/src/btstack_crypto.c.obj
 .text.btstack_crypto_cmac_get_byte
                0x1000bdba       0x18 src/CMakeFiles/picow_ble_temp_sensor.dir/P_/RaspberryPicoSDK/pico-sdk/lib/btstack/src/btstack_crypto.c.obj
 *fill*         0x1000bdd2        0x2 
 .text.btstack_crypto_state_reset
                0x1000bdd4       0x1c src/CMakeFiles/picow_ble_temp_sensor.dir/P_/RaspberryPicoSDK/pico-sdk/lib/btstack/src/btstack_crypto.c.obj
 .text.btstack_crypto_done
                0x1000bdf0       0x18 src/CMakeFiles/picow_ble_temp_sensor.dir/P_/RaspberryPicoSDK/pico-sdk/lib/btstack/src/btstack_crypto.c.obj
 .text.btstack_crypto_ccm_handle_aad_xn
                0x1000be08       0x18 src/CMakeFiles/picow_ble_temp_sensor.dir/P_/RaspberryPicoSDK/pico-sdk/lib/btstack/src/btstack_crypto.c.obj
 .text.btstack_crypto_ccm_handle_s0
                0x1000be20       0x1e src/CMakeFiles/picow_ble_temp_sensor.dir/P_/RaspberryPicoSDK/pico-sdk/lib/btstack/src/btstack_crypto.c.obj
 .text.btstack_crypto_cmac_calc_subkeys
                0x1000be3e       0x56 src/CMakeFiles/picow_ble_temp_sensor.dir/P_/RaspberryPicoSDK/pico-sdk/lib/btstack/src/btstack_crypto.c.obj
 .text.btstack_crypto_ccm_setup_b_0
                0x1000be94       0x3e src/CMakeFiles/picow_ble_temp_sensor.dir/P_/RaspberryPicoSDK/pico-sdk/lib/btstack/src/btstack_crypto.c.obj
 *fill*         0x1000bed2        0x2 
 .text.btstack_crypto_ccm_setup_a_i
                0x1000bed4       0x24 src/CMakeFiles/picow_ble_temp_sensor.dir/P_/RaspberryPicoSDK/pico-sdk/lib/btstack/src/btstack_crypto.c.obj
 .text.btstack_crypto_ccm_next_block
                0x1000bef8       0x50 src/CMakeFiles/picow_ble_temp_sensor.dir/P_/RaspberryPicoSDK/pico-sdk/lib/btstack/src/btstack_crypto.c.obj
 .text.btstack_crypto_ccm_handle_x1
                0x1000bf48       0x44 src/CMakeFiles/picow_ble_temp_sensor.dir/P_/RaspberryPicoSDK/pico-sdk/lib/btstack/src/btstack_crypto.c.obj
 .text.btstack_crypto_ccm_handle_sn
                0x1000bf8c       0x60 src/CMakeFiles/picow_ble_temp_sensor.dir/P_/RaspberryPicoSDK/pico-sdk/lib/btstack/src/btstack_crypto.c.obj
 .text.btstack_crypto_ccm_handle_xn
                0x1000bfec       0x38 src/CMakeFiles/picow_ble_temp_sensor.dir/P_/RaspberryPicoSDK/pico-sdk/lib/btstack/src/btstack_crypto.c.obj
 .text.sm_generate_f_rng
                0x1000c024       0x8c src/CMakeFiles/picow_ble_temp_sensor.dir/P_/RaspberryPicoSDK/pico-sdk/lib/btstack/src/btstack_crypto.c.obj
 .text.btstack_crypto_log_ec_publickey
                0x1000c0b0       0x44 src/CMakeFiles/picow_ble_temp_sensor.dir/P_/RaspberryPicoSDK/pico-sdk/lib/btstack/src/btstack_crypto.c.obj
 .text.btstack_crypto_ecc_p256_calculate_dhkey_software
                0x1000c0f4       0x40 src/CMakeFiles/picow_ble_temp_sensor.dir/P_/RaspberryPicoSDK/pico-sdk/lib/btstack/src/btstack_crypto.c.obj
 .text.btstack_crypto_ecc_p256_generate_key_software
                0x1000c134       0x40 src/CMakeFiles/picow_ble_temp_sensor.dir/P_/RaspberryPicoSDK/pico-sdk/lib/btstack/src/btstack_crypto.c.obj
 .text.btstack_aes128_calc
                0x1000c174       0x22 src/CMakeFiles/picow_ble_temp_sensor.dir/P_/RaspberryPicoSDK/pico-sdk/lib/btstack/src/btstack_crypto.c.obj
                0x1000c174                btstack_aes128_calc
 *fill*         0x1000c196        0x2 
 .text.btstack_crypto_cmac_calc
                0x1000c198      0x128 src/CMakeFiles/picow_ble_temp_sensor.dir/P_/RaspberryPicoSDK/pico-sdk/lib/btstack/src/btstack_crypto.c.obj
 .text.btstack_crypto_ccm_calc_aad_xn
                0x1000c2c0       0xc2 src/CMakeFiles/picow_ble_temp_sensor.dir/P_/RaspberryPicoSDK/pico-sdk/lib/btstack/src/btstack_crypto.c.obj
 .text.btstack_crypto_ccm_calc_x1
                0x1000c382       0x26 src/CMakeFiles/picow_ble_temp_sensor.dir/P_/RaspberryPicoSDK/pico-sdk/lib/btstack/src/btstack_crypto.c.obj
 .text.btstack_crypto_ccm_calc_s0
                0x1000c3a8       0x2c src/CMakeFiles/picow_ble_temp_sensor.dir/P_/RaspberryPicoSDK/pico-sdk/lib/btstack/src/btstack_crypto.c.obj
 .text.btstack_crypto_ccm_calc_sn
                0x1000c3d4       0x2c src/CMakeFiles/picow_ble_temp_sensor.dir/P_/RaspberryPicoSDK/pico-sdk/lib/btstack/src/btstack_crypto.c.obj
 .text.btstack_crypto_ccm_calc_xn
                0x1000c400       0x56 src/CMakeFiles/picow_ble_temp_sensor.dir/P_/RaspberryPicoSDK/pico-sdk/lib/btstack/src/btstack_crypto.c.obj
 *fill*         0x1000c456        0x2 
 .text.btstack_crypto_run
                0x1000c458      0x150 src/CMakeFiles/picow_ble_temp_sensor.dir/P_/RaspberryPicoSDK/pico-sdk/lib/btstack/src/btstack_crypto.c.obj
 .text.btstack_crypto_handle_random_data
                0x1000c5a8       0xb8 src/CMakeFiles/picow_ble_temp_sensor.dir/P_/RaspberryPicoSDK/pico-sdk/lib/btstack/src/btstack_crypto.c.obj
 .text.btstack_crypto_event_handler
                0x1000c660       0x8c src/CMakeFiles/picow_ble_temp_sensor.dir/P_/RaspberryPicoSDK/pico-sdk/lib/btstack/src/btstack_crypto.c.obj