Archive member included to satisfy reference by file (symbol)

lib/lcd/liblcd.a(LCD_Driver.c.obj)
                              src/CMakeFiles/PicoWBLEFreeRTOS.dir/main.c.obj (LCD_Init)
lib/lcd/liblcd.a(LCD_Touch.c.obj)
                              src/CMakeFiles/PicoWBLEFreeRTOS.dir/main.c.obj (TP_Adjust)
lib/lcd/liblcd.a(LCD_GUI.c.obj)
                              lib/lcd/liblcd.a(LCD_Touch.c.obj) (GUI_DrawPoint)
lib/font/libfont.a(font12.c.obj)
                              lib/lcd/liblcd.a(LCD_GUI.c.obj) (Font12)
lib/font/libfont.a(font16.c.obj)
                              lib/lcd/liblcd.a(LCD_Touch.c.obj) (Font16)
lib/font/libfont.a(font20.c.obj)
                              lib/lcd/liblcd.a(LCD_GUI.c.obj) (Font20)
lib/font/libfont.a(font24.c.obj)
                              lib/lcd/liblcd.a(LCD_Touch.c.obj) (Font24)
lib/font/libfont.a(font8.c.obj)
                              lib/lcd/liblcd.a(LCD_GUI.c.obj) (Font8)
lib/Config/libconfig.a(DEV_Config.c.obj)
                              lib/lcd/liblcd.a(LCD_Driver.c.obj) (DEV_Digital_Write)
p:/raspberrypicosdk/gcc-arm-none-eabi/bin/../lib/gcc/arm-none-eabi/10.3.1/thumb/v6-m/nofp\libgcc.a(_dvmd_tls.o)
                              src/CMakeFiles/PicoWBLEFreeRTOS.dir/P_/RaspberryPicoSDK/pico-sdk/src/rp2_common/pico_divider/divider.S.obj (__aeabi_idiv0)
p:/raspberrypicosdk/gcc-arm-none-eabi/bin/../lib/gcc/arm-none-eabi/10.3.1/../../../../arm-none-eabi/lib/thumb/v6-m/nofp\libg.a(lib_a-calloc.o)
                              src/CMakeFiles/PicoWBLEFreeRTOS.dir/P_/RaspberryPicoSDK/pico-sdk/src/rp2_common/pico_malloc/pico_malloc.c.obj (calloc)
p:/raspberrypicosdk/gcc-arm-none-eabi/bin/../lib/gcc/arm-none-eabi/10.3.1/../../../../arm-none-eabi/lib/thumb/v6-m/nofp\libg.a(lib_a-callocr.o)
                              p:/raspberrypicosdk/gcc-arm-none-eabi/bin/../lib/gcc/arm-none-eabi/10.3.1/../../../../arm-none-eabi/lib/thumb/v6-m/nofp\libg.a(lib_a-calloc.o) (_calloc_r)
p:/raspberrypicosdk/gcc-arm-none-eabi/bin/../lib/gcc/arm-none-eabi/10.3.1/../../../../arm-none-eabi/lib/thumb/v6-m/nofp\libg.a(lib_a-errno.o)
                              p:/raspberrypicosdk/gcc-arm-none-eabi/bin/../lib/gcc/arm-none-eabi/10.3.1/../../../../arm-none-eabi/lib/thumb/v6-m/nofp\libg.a(lib_a-callocr.o) (__errno)
p:/raspberrypicosdk/gcc-arm-none-eabi/bin/../lib/gcc/arm-none-eabi/10.3.1/../../../../arm-none-eabi/lib/thumb/v6-m/nofp\libg.a(lib_a-impure.o)
                              p:/raspberrypicosdk/gcc-arm-none-eabi/bin/../lib/gcc/arm-none-eabi/10.3.1/../../../../arm-none-eabi/lib/thumb/v6-m/nofp\libg.a(lib_a-calloc.o) (_impure_ptr)
p:/raspberrypicosdk/gcc-arm-none-eabi/bin/../lib/gcc/arm-none-eabi/10.3.1/../../../../arm-none-eabi/lib/thumb/v6-m/nofp\libg.a(lib_a-init.o)
                              p:/raspberrypicosdk/gcc-arm-none-eabi/bin/../lib/gcc/arm-none-eabi/10.3.1/../../../../arm-none-eabi/lib/thumb/v6-m/nofp/crt0.o (__libc_init_array)
p:/raspberrypicosdk/gcc-arm-none-eabi/bin/../lib/gcc/arm-none-eabi/10.3.1/../../../../arm-none-eabi/lib/thumb/v6-m/nofp\libg.a(lib_a-malloc.o)
                              src/CMakeFiles/PicoWBLEFreeRTOS.dir/P_/RaspberryPicoSDK/pico-sdk/src/rp2_common/pico_malloc/pico_malloc.c.obj (malloc)
p:/raspberrypicosdk/gcc-arm-none-eabi/bin/../lib/gcc/arm-none-eabi/10.3.1/../../../../arm-none-eabi/lib/thumb/v6-m/nofp\libg.a(lib_a-mallocr.o)
                              p:/raspberrypicosdk/gcc-arm-none-eabi/bin/../lib/gcc/arm-none-eabi/10.3.1/../../../../arm-none-eabi/lib/thumb/v6-m/nofp\libg.a(lib_a-callocr.o) (_malloc_r)
p:/raspberrypicosdk/gcc-arm-none-eabi/bin/../lib/gcc/arm-none-eabi/10.3.1/../../../../arm-none-eabi/lib/thumb/v6-m/nofp\libg.a(lib_a-memcmp.o)
                              src/CMakeFiles/PicoWBLEFreeRTOS.dir/P_/RaspberryPicoSDK/pico-sdk/lib/cyw43-driver/src/cyw43_ll.c.obj (memcmp)
p:/raspberrypicosdk/gcc-arm-none-eabi/bin/../lib/gcc/arm-none-eabi/10.3.1/../../../../arm-none-eabi/lib/thumb/v6-m/nofp\libg.a(lib_a-memmove.o)
                              src/CMakeFiles/PicoWBLEFreeRTOS.dir/P_/RaspberryPicoSDK/pico-sdk/lib/cyw43-driver/src/cyw43_ll.c.obj (memmove)
p:/raspberrypicosdk/gcc-arm-none-eabi/bin/../lib/gcc/arm-none-eabi/10.3.1/../../../../arm-none-eabi/lib/thumb/v6-m/nofp\libg.a(lib_a-mlock.o)
                              p:/raspberrypicosdk/gcc-arm-none-eabi/bin/../lib/gcc/arm-none-eabi/10.3.1/../../../../arm-none-eabi/lib/thumb/v6-m/nofp\libg.a(lib_a-mallocr.o) (__malloc_lock)
p:/raspberrypicosdk/gcc-arm-none-eabi/bin/../lib/gcc/arm-none-eabi/10.3.1/../../../../arm-none-eabi/lib/thumb/v6-m/nofp\libg.a(lib_a-realloc.o)
                              src/CMakeFiles/PicoWBLEFreeRTOS.dir/P_/RaspberryPicoSDK/pico-sdk/src/rp2_common/pico_malloc/pico_malloc.c.obj (realloc)
p:/raspberrypicosdk/gcc-arm-none-eabi/bin/../lib/gcc/arm-none-eabi/10.3.1/../../../../arm-none-eabi/lib/thumb/v6-m/nofp\libg.a(lib_a-reallocr.o)
[...]
Memory Configuration

Name             Origin             Length             Attributes
FLASH            0x10000000         0x00200000         xr
RAM              0x20000000         0x00040000         xrw
SCRATCH_X        0x20040000         0x00001000         xrw
SCRATCH_Y        0x20041000         0x00001000         xrw
*default*        0x00000000         0xffffffff

Linker script and memory map

LOAD p:/raspberrypicosdk/gcc-arm-none-eabi/bin/../lib/gcc/arm-none-eabi/10.3.1/thumb/v6-m/nofp/crti.o
LOAD p:/raspberrypicosdk/gcc-arm-none-eabi/bin/../lib/gcc/arm-none-eabi/10.3.1/thumb/v6-m/nofp/crtbegin.o
LOAD p:/raspberrypicosdk/gcc-arm-none-eabi/bin/../lib/gcc/arm-none-eabi/10.3.1/../../../../arm-none-eabi/lib/thumb/v6-m/nofp/crt0.o

.flash_begin    0x10000000        0x0
                0x10000000                __flash_binary_start = .

.boot2          0x10000000      0x100
                0x10000000                __boot2_start__ = .
 *(.boot2)
 .boot2         0x10000000      0x100 C:\Users\noe\AppData\Local\Temp\cccO1cwW.o
                0x10000100                __boot2_end__ = .
                0x00000001                ASSERT (((__boot2_end__ - __boot2_start__) == 0x100), ERROR: Pico second stage bootloader must be 256 bytes in size)

.text           0x10000100    0x10c70
                0x10000100                __logical_binary_start = .
 *(.vectors)
 .vectors       0x10000100       0xd4 src/CMakeFiles/PicoWBLEFreeRTOS.dir/P_/RaspberryPicoSDK/pico-sdk/src/rp2_common/pico_standard_link/crt0.S.obj
                0x10000100                __VECTOR_TABLE
                0x10000100                __vectors
                0x100001c0                isr_invalid
                0x100001c0                __default_isrs_start
                0x100001c2                isr_nmi
                0x100001c4                isr_hardfault
                0x100001c6                isr_svcall
                0x100001c8                isr_pendsv
                0x100001ca                isr_systick
                0x100001cc                isr_irq23
                0x100001cc                isr_irq18
                0x100001cc                isr_irq11
                0x100001cc                isr_irq28
                0x100001cc                isr_irq19
                0x100001cc                isr_irq0
                0x100001cc                isr_irq6
                0x100001cc                isr_irq5
                0x100001cc                isr_irq12
                0x100001cc                isr_irq22
                0x100001cc                isr_irq31
                0x100001cc                isr_irq17
                0x100001cc                isr_irq27
                0x100001cc                isr_irq30
                0x100001cc                isr_irq2
                0x100001cc                isr_irq10
                0x100001cc                isr_irq8
                0x100001cc                isr_irq24
                0x100001cc                isr_irq1
                0x100001cc                isr_irq7
                0x100001cc                isr_irq21
                0x100001cc                isr_irq20
                0x100001cc                isr_irq15
                0x100001cc                isr_irq25
                0x100001cc                isr_irq13
                0x100001cc                __unhandled_user_irq
                0x100001cc                isr_irq4
                0x100001cc                isr_irq16
                0x100001cc                isr_irq29
                0x100001cc                isr_irq26
                0x100001cc                __default_isrs_end
                0x100001cc                isr_irq3
                0x100001cc                isr_irq14
                0x100001cc                isr_irq9
                0x100001d2                unhandled_user_irq_num_in_r0
 *(.binary_info_header)
 .binary_info_header
                0x100001d4       0x14 src/CMakeFiles/PicoWBLEFreeRTOS.dir/P_/RaspberryPicoSDK/pico-sdk/src/rp2_common/pico_standard_link/crt0.S.obj
                0x100001e8                __binary_info_header_end = .
 *(.reset)
 .reset         0x100001e8       0xa0 src/CMakeFiles/PicoWBLEFreeRTOS.dir/P_/RaspberryPicoSDK/pico-sdk/src/rp2_common/pico_standard_link/crt0.S.obj
                0x100001e8                _entry_point
 .reset         0x10000288       0x30 src/CMakeFiles/PicoWBLEFreeRTOS.dir/P_/RaspberryPicoSDK/pico-sdk/src/rp2_common/pico_standard_link/binary_info.c.obj
 *(.init)
 .init          0x100002b8        0x4 p:/raspberrypicosdk/gcc-arm-none-eabi/bin/../lib/gcc/arm-none-eabi/10.3.1/thumb/v6-m/nofp/crti.o
                0x100002b8                _init
 *(EXCLUDE_FILE(*libm.a: *libc.a:*lib_a-mem*.o *libgcc.a:) .text*)
 .text          0x100002bc       0x48 p:/raspberrypicosdk/gcc-arm-none-eabi/bin/../lib/gcc/arm-none-eabi/10.3.1/thumb/v6-m/nofp/crtbegin.o
 .text.vUSB_task
                0x10000304       0x38 src/CMakeFiles/PicoWBLEFreeRTOS.dir/main.c.obj
                0x10000304                vUSB_task
 .text.vLedHB_task
                0x1000033c       0x50 src/CMakeFiles/PicoWBLEFreeRTOS.dir/main.c.obj
                0x1000033c                vLedHB_task
 .text.vBLE_client_task
                0x1000038c        0xa src/CMakeFiles/PicoWBLEFreeRTOS.dir/main.c.obj
                0x1000038c                vBLE_client_task
 *fill*         0x10000396        0x2 
 .text.vLCD_task
                0x10000398       0x60 src/CMakeFiles/PicoWBLEFreeRTOS.dir/main.c.obj
                0x10000398                vLCD_task
 .text.main     0x100003f8       0xb4 src/CMakeFiles/PicoWBLEFreeRTOS.dir/main.c.obj
                0x100003f8                main
 .text.gpio_set_function
                0x100004ac       0x30 src/CMakeFiles/PicoWBLEFreeRTOS.dir/P_/RaspberryPicoSDK/pico-sdk/src/rp2_common/hardware_gpio/gpio.c.obj
                0x100004ac                gpio_set_function
 .text.gpio_set_pulls
                0x100004dc       0x34 src/CMakeFiles/PicoWBLEFreeRTOS.dir/P_/RaspberryPicoSDK/pico-sdk/src/rp2_common/hardware_gpio/gpio.c.obj
                0x100004dc                gpio_set_pulls
 .text.gpio_set_input_hysteresis_enabled
                0x10000510       0x30 src/CMakeFiles/PicoWBLEFreeRTOS.dir/P_/RaspberryPicoSDK/pico-sdk/src/rp2_common/hardware_gpio/gpio.c.obj
                0x10000510                gpio_set_input_hysteresis_enabled
 .text.gpio_add_raw_irq_handler_with_order_priority_masked
                0x10000540       0x40 src/CMakeFiles/PicoWBLEFreeRTOS.dir/P_/RaspberryPicoSDK/pico-sdk/src/rp2_common/hardware_gpio/gpio.c.obj
                0x10000540                gpio_add_raw_irq_handler_with_order_priority_masked
 .text.gpio_remove_raw_irq_handler_masked
                0x10000580       0x48 src/CMakeFiles/PicoWBLEFreeRTOS.dir/P_/RaspberryPicoSDK/pico-sdk/src/rp2_common/hardware_gpio/gpio.c.obj
                0x10000580                gpio_remove_raw_irq_handler_masked
 .text.gpio_acknowledge_irq
                0x100005c8       0x18 src/CMakeFiles/PicoWBLEFreeRTOS.dir/P_/RaspberryPicoSDK/pico-sdk/src/rp2_common/hardware_gpio/gpio.c.obj
                0x100005c8                gpio_acknowledge_irq
 .text._gpio_set_irq_enabled
                0x100005e0       0x34 src/CMakeFiles/PicoWBLEFreeRTOS.dir/P_/RaspberryPicoSDK/pico-sdk/src/rp2_common/hardware_gpio/gpio.c.obj
 .text.gpio_set_irq_enabled
                0x10000614       0x20 src/CMakeFiles/PicoWBLEFreeRTOS.dir/P_/RaspberryPicoSDK/pico-sdk/src/rp2_common/hardware_gpio/gpio.c.obj
                0x10000614                gpio_set_irq_enabled
 .text.gpio_init
                0x10000634       0x16 src/CMakeFiles/PicoWBLEFreeRTOS.dir/P_/RaspberryPicoSDK/pico-sdk/src/rp2_common/hardware_gpio/gpio.c.obj
                0x10000634                gpio_init
 *fill*         0x1000064a        0x2 
 .text.running_on_fpga
                0x1000064c       0x14 src/CMakeFiles/PicoWBLEFreeRTOS.dir/P_/RaspberryPicoSDK/pico-sdk/src/rp2_common/pico_platform/platform.c.obj
                0x1000064c                running_on_fpga
 .text.hw_claim_lock
                0x10000660       0x18 src/CMakeFiles/PicoWBLEFreeRTOS.dir/P_/RaspberryPicoSDK/pico-sdk/src/rp2_common/hardware_claim/claim.c.obj
                0x10000660                hw_claim_lock
 .text.hw_claim_unlock
                0x10000678       0x14 src/CMakeFiles/PicoWBLEFreeRTOS.dir/P_/RaspberryPicoSDK/pico-sdk/src/rp2_common/hardware_claim/claim.c.obj
                0x10000678                hw_claim_unlock
 .text.hw_claim_or_assert
                0x1000068c       0x32 src/CMakeFiles/PicoWBLEFreeRTOS.dir/P_/RaspberryPicoSDK/pico-sdk/src/rp2_common/hardware_claim/claim.c.obj
                0x1000068c                hw_claim_or_assert
 .text.hw_claim_unused_from_range
                0x100006be       0x50 src/CMakeFiles/PicoWBLEFreeRTOS.dir/P_/RaspberryPicoSDK/pico-sdk/src/rp2_common/hardware_claim/claim.c.obj
                0x100006be                hw_claim_unused_from_range
 *fill*         0x1000070e        0x2 
 .text.hw_claim_clear
                0x10000710       0x40 src/CMakeFiles/PicoWBLEFreeRTOS.dir/P_/RaspberryPicoSDK/pico-sdk/src/rp2_common/hardware_claim/claim.c.obj
                0x10000710                hw_claim_clear
 .text.spin_locks_reset
                0x10000750       0x20 src/CMakeFiles/PicoWBLEFreeRTOS.dir/P_/RaspberryPicoSDK/pico-sdk/src/rp2_common/hardware_sync/sync.c.obj
                0x10000750                spin_locks_reset
 .text.next_striped_spin_lock_num
                0x10000770       0x1c src/CMakeFiles/PicoWBLEFreeRTOS.dir/P_/RaspberryPicoSDK/pico-sdk/src/rp2_common/hardware_sync/sync.c.obj
                0x10000770                next_striped_spin_lock_num
 .text.spin_lock_claim
                0x1000078c       0x18 src/CMakeFiles/PicoWBLEFreeRTOS.dir/P_/RaspberryPicoSDK/pico-sdk/src/rp2_common/hardware_sync/sync.c.obj
                0x1000078c                spin_lock_claim
 .text.spin_lock_claim_unused
                0x100007a4       0x20 src/CMakeFiles/PicoWBLEFreeRTOS.dir/P_/RaspberryPicoSDK/pico-sdk/src/rp2_common/hardware_sync/sync.c.obj
                0x100007a4                spin_lock_claim_unused
 .text.set_raw_irq_handler_and_unlock
                0x100007c4       0x28 src/CMakeFiles/PicoWBLEFreeRTOS.dir/P_/RaspberryPicoSDK/pico-sdk/src/rp2_common/hardware_irq/irq.c.obj
 .text.get_user_irq_claim_index
                0x100007ec        0x6 src/CMakeFiles/PicoWBLEFreeRTOS.dir/P_/RaspberryPicoSDK/pico-sdk/src/rp2_common/hardware_irq/irq.c.obj
 *fill*         0x100007f2        0x2 
 .text.make_branch
                0x100007f4       0x48 src/CMakeFiles/PicoWBLEFreeRTOS.dir/P_/RaspberryPicoSDK/pico-sdk/src/rp2_common/hardware_irq/irq.c.obj
 .text.insert_branch_and_link
                0x1000083c       0x40 src/CMakeFiles/PicoWBLEFreeRTOS.dir/P_/RaspberryPicoSDK/pico-sdk/src/rp2_common/hardware_irq/irq.c.obj
 .text.irq_is_enabled
                0x1000087c       0x18 src/CMakeFiles/PicoWBLEFreeRTOS.dir/P_/RaspberryPicoSDK/pico-sdk/src/rp2_common/hardware_irq/irq.c.obj
                0x1000087c                irq_is_enabled
 .text.irq_set_mask_enabled
                0x10000894       0x20 src/CMakeFiles/PicoWBLEFreeRTOS.dir/P_/RaspberryPicoSDK/pico-sdk/src/rp2_common/hardware_irq/irq.c.obj
                0x10000894                irq_set_mask_enabled
 .text.irq_set_enabled
                0x100008b4        0xe src/CMakeFiles/PicoWBLEFreeRTOS.dir/P_/RaspberryPicoSDK/pico-sdk/src/rp2_common/hardware_irq/irq.c.obj
                0x100008b4                irq_set_enabled
 *fill*         0x100008c2        0x2 
 .text.irq_set_pending
                0x100008c4       0x10 src/CMakeFiles/PicoWBLEFreeRTOS.dir/P_/RaspberryPicoSDK/pico-sdk/src/rp2_common/hardware_irq/irq.c.obj
                0x100008c4                irq_set_pending
 .text.irq_get_vtable_handler
                0x100008d4       0x10 src/CMakeFiles/PicoWBLEFreeRTOS.dir/P_/RaspberryPicoSDK/pico-sdk/src/rp2_common/hardware_irq/irq.c.obj
                0x100008d4                irq_get_vtable_handler
 .text.irq_has_shared_handler
                0x100008e4       0x24 src/CMakeFiles/PicoWBLEFreeRTOS.dir/P_/RaspberryPicoSDK/pico-sdk/src/rp2_common/hardware_irq/irq.c.obj
                0x100008e4                irq_has_shared_handler
 .text.irq_set_exclusive_handler
                0x10000908       0x54 src/CMakeFiles/PicoWBLEFreeRTOS.dir/P_/RaspberryPicoSDK/pico-sdk/src/rp2_common/hardware_irq/irq.c.obj
                0x10000908                irq_set_exclusive_handler
 .text.irq_add_shared_handler
                0x1000095c      0x234 src/CMakeFiles/PicoWBLEFreeRTOS.dir/P_/RaspberryPicoSDK/pico-sdk/src/rp2_common/hardware_irq/irq.c.obj
                0x1000095c                irq_add_shared_handler
 .text.irq_remove_handler
                0x10000b90      0x1ac src/CMakeFiles/PicoWBLEFreeRTOS.dir/P_/RaspberryPicoSDK/pico-sdk/src/rp2_common/hardware_irq/irq.c.obj
                0x10000b90                irq_remove_handler
 .text.irq_set_priority
                0x10000d3c       0x28 src/CMakeFiles/PicoWBLEFreeRTOS.dir/P_/RaspberryPicoSDK/pico-sdk/src/rp2_common/hardware_irq/irq.c.obj
                0x10000d3c                irq_set_priority
 .text.irq_add_tail_to_free_list
                0x10000d64       0xf0 src/CMakeFiles/PicoWBLEFreeRTOS.dir/P_/RaspberryPicoSDK/pico-sdk/src/rp2_common/hardware_irq/irq.c.obj
                0x10000d64                irq_add_tail_to_free_list
 .text.irq_init_priorities
                0x10000e54       0x1c src/CMakeFiles/PicoWBLEFreeRTOS.dir/P_/RaspberryPicoSDK/pico-sdk/src/rp2_common/hardware_irq/irq.c.obj
                0x10000e54                irq_init_priorities
 .text.user_irq_unclaim
                0x10000e70       0x14 src/CMakeFiles/PicoWBLEFreeRTOS.dir/P_/RaspberryPicoSDK/pico-sdk/src/rp2_common/hardware_irq/irq.c.obj
                0x10000e70                user_irq_unclaim
 .text.user_irq_claim_unused
                0x10000e84       0x28 src/CMakeFiles/PicoWBLEFreeRTOS.dir/P_/RaspberryPicoSDK/pico-sdk/src/rp2_common/hardware_irq/irq.c.obj
                0x10000e84                user_irq_claim_unused
 .text.sem_init
                0x10000eac       0x1e src/CMakeFiles/PicoWBLEFreeRTOS.dir/P_/RaspberryPicoSDK/pico-sdk/src/common/pico_sync/sem.c.obj
                0x10000eac                sem_init
 *fill*         0x10000eca        0x2 
 .text.lock_init
                0x10000ecc       0x10 src/CMakeFiles/PicoWBLEFreeRTOS.dir/P_/RaspberryPicoSDK/pico-sdk/src/common/pico_sync/lock_core.c.obj
                0x10000ecc                lock_init
 .text.mutex_init
                0x10000edc       0x1c src/CMakeFiles/PicoWBLEFreeRTOS.dir/P_/RaspberryPicoSDK/pico-sdk/src/common/pico_sync/mutex.c.obj
                0x10000edc                mutex_init
 .text.recursive_mutex_init
                0x10000ef8       0x20 src/CMakeFiles/PicoWBLEFreeRTOS.dir/P_/RaspberryPicoSDK/pico-sdk/src/common/pico_sync/mutex.c.obj
                0x10000ef8                recursive_mutex_init
 .text.critical_section_init_with_lock_num
                0x10000f18       0x14 src/CMakeFiles/PicoWBLEFreeRTOS.dir/P_/RaspberryPicoSDK/pico-sdk/src/common/pico_sync/critical_section.c.obj
                0x10000f18                critical_section_init_with_lock_num
 .text.critical_section_init
                0x10000f2c       0x14 src/CMakeFiles/PicoWBLEFreeRTOS.dir/P_/RaspberryPicoSDK/pico-sdk/src/common/pico_sync/critical_section.c.obj
                0x10000f2c                critical_section_init
 .text.alarm_pool_post_alloc_init
                0x10000f40       0x40 src/CMakeFiles/PicoWBLEFreeRTOS.dir/P_/RaspberryPicoSDK/pico-sdk/src/common/pico_time/time.c.obj
 .text.sleep_until_callback
                0x10000f80       0x28 src/CMakeFiles/PicoWBLEFreeRTOS.dir/P_/RaspberryPicoSDK/pico-sdk/src/common/pico_time/time.c.obj
 .text.timer_pool_entry_comparator
                0x10000fa8       0x7c src/CMakeFiles/PicoWBLEFreeRTOS.dir/P_/RaspberryPicoSDK/pico-sdk/src/common/pico_time/time.c.obj
                0x10000fa8                timer_pool_entry_comparator
 .text.ph_add_child_node
                0x10001024       0xa4 src/CMakeFiles/PicoWBLEFreeRTOS.dir/P_/RaspberryPicoSDK/pico-sdk/src/common/pico_time/time.c.obj
 .text.ph_merge_nodes
                0x100010c8       0x3e src/CMakeFiles/PicoWBLEFreeRTOS.dir/P_/RaspberryPicoSDK/pico-sdk/src/common/pico_time/time.c.obj
 *fill*         0x10001106        0x2 
 .text.add_alarm_under_lock
                0x10001108      0x174 src/CMakeFiles/PicoWBLEFreeRTOS.dir/P_/RaspberryPicoSDK/pico-sdk/src/common/pico_time/time.c.obj
 .text.alarm_pool_alarm_callback
                0x1000127c      0x33c src/CMakeFiles/PicoWBLEFreeRTOS.dir/P_/RaspberryPicoSDK/pico-sdk/src/common/pico_time/time.c.obj
 .text.alarm_pool_init_default
                0x100015b8       0x40 src/CMakeFiles/PicoWBLEFreeRTOS.dir/P_/RaspberryPicoSDK/pico-sdk/src/common/pico_time/time.c.obj
                0x100015b8                alarm_pool_init_default
 .text.alarm_pool_get_default
                0x100015f8       0x2c src/CMakeFiles/PicoWBLEFreeRTOS.dir/P_/RaspberryPicoSDK/pico-sdk/src/common/pico_time/time.c.obj
                0x100015f8                alarm_pool_get_default
 .text.alarm_pool_create_with_unused_hardware_alarm
                0x10001624       0x44 src/CMakeFiles/PicoWBLEFreeRTOS.dir/P_/RaspberryPicoSDK/pico-sdk/src/common/pico_time/time.c.obj
                0x10001624                alarm_pool_create_with_unused_hardware_alarm
 .text.alarm_pool_destroy
                0x10001668       0x78 src/CMakeFiles/PicoWBLEFreeRTOS.dir/P_/RaspberryPicoSDK/pico-sdk/src/common/pico_time/time.c.obj
                0x10001668                alarm_pool_destroy
 .text.alarm_pool_add_alarm_at
                0x100016e0      0x168 src/CMakeFiles/PicoWBLEFreeRTOS.dir/P_/RaspberryPicoSDK/pico-sdk/src/common/pico_time/time.c.obj
                0x100016e0                alarm_pool_add_alarm_at
 .text.alarm_pool_add_alarm_at_force_in_context
                0x10001848       0xa4 src/CMakeFiles/PicoWBLEFreeRTOS.dir/P_/RaspberryPicoSDK/pico-sdk/src/common/pico_time/time.c.obj
                0x10001848                alarm_pool_add_alarm_at_force_in_context
 .text.alarm_pool_cancel_alarm
                0x100018ec       0xf8 src/CMakeFiles/PicoWBLEFreeRTOS.dir/P_/RaspberryPicoSDK/pico-sdk/src/common/pico_time/time.c.obj
                0x100018ec                alarm_pool_cancel_alarm
 .text.alarm_pool_core_num
                0x100019e4        0x4 src/CMakeFiles/PicoWBLEFreeRTOS.dir/P_/RaspberryPicoSDK/pico-sdk/src/common/pico_time/time.c.obj
                0x100019e4                alarm_pool_core_num
 .text.sleep_until
                0x100019e8       0xf0 src/CMakeFiles/PicoWBLEFreeRTOS.dir/P_/RaspberryPicoSDK/pico-sdk/src/common/pico_time/time.c.obj
                0x100019e8                sleep_until
 .text.sleep_us
                0x10001ad8       0x58 src/CMakeFiles/PicoWBLEFreeRTOS.dir/P_/RaspberryPicoSDK/pico-sdk/src/common/pico_time/time.c.obj
                0x10001ad8                sleep_us
 .text.sleep_ms
                0x10001b30       0x14 src/CMakeFiles/PicoWBLEFreeRTOS.dir/P_/RaspberryPicoSDK/pico-sdk/src/common/pico_time/time.c.obj
                0x10001b30                sleep_ms
 .text.best_effort_wfe_or_timeout
                0x10001b44       0xac src/CMakeFiles/PicoWBLEFreeRTOS.dir/P_/RaspberryPicoSDK/pico-sdk/src/common/pico_time/time.c.obj
                0x10001b44                best_effort_wfe_or_timeout
 .text.hardware_alarm_irq_handler
                0x10001bf0       0x90 src/CMakeFiles/PicoWBLEFreeRTOS.dir/P_/RaspberryPicoSDK/pico-sdk/src/rp2_common/hardware_timer/timer.c.obj
 .text.hardware_alarm_claim
                0x10001c80       0x18 src/CMakeFiles/PicoWBLEFreeRTOS.dir/P_/RaspberryPicoSDK/pico-sdk/src/rp2_common/hardware_timer/timer.c.obj
                0x10001c80                hardware_alarm_claim
 .text.hardware_alarm_unclaim
                0x10001c98       0x10 src/CMakeFiles/PicoWBLEFreeRTOS.dir/P_/RaspberryPicoSDK/pico-sdk/src/rp2_common/hardware_timer/timer.c.obj
                0x10001c98                hardware_alarm_unclaim
 .text.hardware_alarm_claim_unused
                0x10001ca8       0x20 src/CMakeFiles/PicoWBLEFreeRTOS.dir/P_/RaspberryPicoSDK/pico-sdk/src/rp2_common/hardware_timer/timer.c.obj
                0x10001ca8                hardware_alarm_claim_unused
 .text.time_us_64
                0x10001cc8       0x18 src/CMakeFiles/PicoWBLEFreeRTOS.dir/P_/RaspberryPicoSDK/pico-sdk/src/rp2_common/hardware_timer/timer.c.obj
                0x10001cc8                time_us_64
 .text.busy_wait_until
                0x10001ce0       0x28 src/CMakeFiles/PicoWBLEFreeRTOS.dir/P_/RaspberryPicoSDK/pico-sdk/src/rp2_common/hardware_timer/timer.c.obj
                0x10001ce0                busy_wait_until
 .text.hardware_alarm_set_callback
                0x10001d08       0x90 src/CMakeFiles/PicoWBLEFreeRTOS.dir/P_/RaspberryPicoSDK/pico-sdk/src/rp2_common/hardware_timer/timer.c.obj
                0x10001d08                hardware_alarm_set_callback
 .text.hardware_alarm_set_target
                0x10001d98       0xe8 src/CMakeFiles/PicoWBLEFreeRTOS.dir/P_/RaspberryPicoSDK/pico-sdk/src/rp2_common/hardware_timer/timer.c.obj
                0x10001d98                hardware_alarm_set_target
 .text.hardware_alarm_cancel
                0x10001e80       0x40 src/CMakeFiles/PicoWBLEFreeRTOS.dir/P_/RaspberryPicoSDK/pico-sdk/src/rp2_common/hardware_timer/timer.c.obj
                0x10001e80                hardware_alarm_cancel
 .text.hardware_alarm_force_irq
                0x10001ec0       0x40 src/CMakeFiles/PicoWBLEFreeRTOS.dir/P_/RaspberryPicoSDK/pico-sdk/src/rp2_common/hardware_timer/timer.c.obj
                0x10001ec0                hardware_alarm_force_irq
 .text.ph_add_child_node
                0x10001f00       0xa4 src/CMakeFiles/PicoWBLEFreeRTOS.dir/P_/RaspberryPicoSDK/pico-sdk/src/common/pico_util/pheap.c.obj
 .text.ph_merge_nodes
                0x10001fa4       0x3e src/CMakeFiles/PicoWBLEFreeRTOS.dir/P_/RaspberryPicoSDK/pico-sdk/src/common/pico_util/pheap.c.obj
 *fill*         0x10001fe2        0x2 
 .text.ph_clear
                0x10001fe4       0x70 src/CMakeFiles/PicoWBLEFreeRTOS.dir/P_/RaspberryPicoSDK/pico-sdk/src/common/pico_util/pheap.c.obj
                0x10001fe4                ph_clear
 .text.ph_post_alloc_init
                0x10002054        0xe src/CMakeFiles/PicoWBLEFreeRTOS.dir/P_/RaspberryPicoSDK/pico-sdk/src/common/pico_util/pheap.c.obj
                0x10002054                ph_post_alloc_init
 .text.ph_create
                0x10002062       0x2c src/CMakeFiles/PicoWBLEFreeRTOS.dir/P_/RaspberryPicoSDK/pico-sdk/src/common/pico_util/pheap.c.obj
                0x10002062                ph_create
 .text.ph_destroy
                0x1000208e       0x12 src/CMakeFiles/PicoWBLEFreeRTOS.dir/P_/RaspberryPicoSDK/pico-sdk/src/common/pico_util/pheap.c.obj
                0x1000208e                ph_destroy
 .text.ph_merge_two_pass
                0x100020a0       0xa8 src/CMakeFiles/PicoWBLEFreeRTOS.dir/P_/RaspberryPicoSDK/pico-sdk/src/common/pico_util/pheap.c.obj
                0x100020a0                ph_merge_two_pass
 .text.ph_remove_any_head
                0x10002148      0x128 src/CMakeFiles/PicoWBLEFreeRTOS.dir/P_/RaspberryPicoSDK/pico-sdk/src/common/pico_util/pheap.c.obj
 .text.ph_remove_head
                0x10002270       0x14 src/CMakeFiles/PicoWBLEFreeRTOS.dir/P_/RaspberryPicoSDK/pico-sdk/src/common/pico_util/pheap.c.obj
                0x10002270                ph_remove_head
 .text.ph_remove_and_free_node
                0x10002284       0xf8 src/CMakeFiles/PicoWBLEFreeRTOS.dir/P_/RaspberryPicoSDK/pico-sdk/src/common/pico_util/pheap.c.obj
                0x10002284                ph_remove_and_free_node
 .text.clock_configure
                0x1000237c      0x108 src/CMakeFiles/PicoWBLEFreeRTOS.dir/P_/RaspberryPicoSDK/pico-sdk/src/rp2_common/hardware_clocks/clocks.c.obj
                0x1000237c                clock_configure
 .text.clocks_init
                0x10002484      0x100 src/CMakeFiles/PicoWBLEFreeRTOS.dir/P_/RaspberryPicoSDK/pico-sdk/src/rp2_common/hardware_clocks/clocks.c.obj
                0x10002484                clocks_init
 .text.clock_get_hz
                0x10002584        0xc src/CMakeFiles/PicoWBLEFreeRTOS.dir/P_/RaspberryPicoSDK/pico-sdk/src/rp2_common/hardware_clocks/clocks.c.obj
                0x10002584                clock_get_hz
 .text.pll_init
                0x10002590      0x120 src/CMakeFiles/PicoWBLEFreeRTOS.dir/P_/RaspberryPicoSDK/pico-sdk/src/rp2_common/hardware_pll/pll.c.obj
                0x10002590                pll_init
 .text.watchdog_start_tick
                0x100026b0       0x10 src/CMakeFiles/PicoWBLEFreeRTOS.dir/P_/RaspberryPicoSDK/pico-sdk/src/rp2_common/hardware_watchdog/watchdog.c.obj
                0x100026b0                watchdog_start_tick
 .text.watchdog_update
                0x100026c0       0x14 src/CMakeFiles/PicoWBLEFreeRTOS.dir/P_/RaspberryPicoSDK/pico-sdk/src/rp2_common/hardware_watchdog/watchdog.c.obj
                0x100026c0                watchdog_update
 .text._watchdog_enable
                0x100026d4       0x78 src/CMakeFiles/PicoWBLEFreeRTOS.dir/P_/RaspberryPicoSDK/pico-sdk/src/rp2_common/hardware_watchdog/watchdog.c.obj
                0x100026d4                _watchdog_enable
 .text.watchdog_reboot
                0x1000274c       0x48 src/CMakeFiles/PicoWBLEFreeRTOS.dir/P_/RaspberryPicoSDK/pico-sdk/src/rp2_common/hardware_watchdog/watchdog.c.obj
                0x1000274c                watchdog_reboot
 .text.xosc_init
                0x10002794       0x28 src/CMakeFiles/PicoWBLEFreeRTOS.dir/P_/RaspberryPicoSDK/pico-sdk/src/rp2_common/hardware_xosc/xosc.c.obj
                0x10002794                xosc_init
 .text._exit    0x100027bc        0x4 src/CMakeFiles/PicoWBLEFreeRTOS.dir/P_/RaspberryPicoSDK/pico-sdk/src/rp2_common/pico_runtime/runtime.c.obj
                0x100027bc                _exit
 .text._sbrk    0x100027c0       0x38 src/CMakeFiles/PicoWBLEFreeRTOS.dir/P_/RaspberryPicoSDK/pico-sdk/src/rp2_common/pico_runtime/runtime.c.obj
                0x100027c0                _sbrk
 .text.exit     0x100027f8        0x6 src/CMakeFiles/PicoWBLEFreeRTOS.dir/P_/RaspberryPicoSDK/pico-sdk/src/rp2_common/pico_runtime/runtime.c.obj
                0x100027f8                exit
 *fill*         0x100027fe        0x2 
 .text.__assert_func
                0x10002800       0x3c src/CMakeFiles/PicoWBLEFreeRTOS.dir/P_/RaspberryPicoSDK/pico-sdk/src/rp2_common/pico_runtime/runtime.c.obj
                0x10002800                __assert_func
 .text.runtime_init
                0x1000283c       0xf8 src/CMakeFiles/PicoWBLEFreeRTOS.dir/P_/RaspberryPicoSDK/pico-sdk/src/rp2_common/pico_runtime/runtime.c.obj
                0x1000283c                runtime_init
 .text.panic    0x10002934       0x30 src/CMakeFiles/PicoWBLEFreeRTOS.dir/P_/RaspberryPicoSDK/pico-sdk/src/rp2_common/pico_runtime/runtime.c.obj
                0x10002934                panic
 .text.panic_unsupported
                0x10002964        0xc src/CMakeFiles/PicoWBLEFreeRTOS.dir/P_/RaspberryPicoSDK/pico-sdk/src/rp2_common/pico_runtime/runtime.c.obj
                0x10002964                panic_unsupported
 .text._out_null
                0x10002970        0x2 src/CMakeFiles/PicoWBLEFreeRTOS.dir/P_/RaspberryPicoSDK/pico-sdk/src/rp2_common/pico_printf/printf.c.obj
 .text._out_fct
                0x10002972        0xe src/CMakeFiles/PicoWBLEFreeRTOS.dir/P_/RaspberryPicoSDK/pico-sdk/src/rp2_common/pico_printf/printf.c.obj
 .text._atoi    0x10002980       0x24 src/CMakeFiles/PicoWBLEFreeRTOS.dir/P_/RaspberryPicoSDK/pico-sdk/src/rp2_common/pico_printf/printf.c.obj
 .text._out_rev
                0x100029a4       0xae src/CMakeFiles/PicoWBLEFreeRTOS.dir/P_/RaspberryPicoSDK/pico-sdk/src/rp2_common/pico_printf/printf.c.obj
 .text._ntoa_format
                0x10002a52      0x112 src/CMakeFiles/PicoWBLEFreeRTOS.dir/P_/RaspberryPicoSDK/pico-sdk/src/rp2_common/pico_printf/printf.c.obj
 .text._ntoa_long
                0x10002b64       0xbc src/CMakeFiles/PicoWBLEFreeRTOS.dir/P_/RaspberryPicoSDK/pico-sdk/src/rp2_common/pico_printf/printf.c.obj
 .text._ntoa_long_long
                0x10002c20       0xe2 src/CMakeFiles/PicoWBLEFreeRTOS.dir/P_/RaspberryPicoSDK/pico-sdk/src/rp2_common/pico_printf/printf.c.obj
 *fill*         0x10002d02        0x2 
 .text._etoa    0x10002d04      0x414 src/CMakeFiles/PicoWBLEFreeRTOS.dir/P_/RaspberryPicoSDK/pico-sdk/src/rp2_common/pico_printf/printf.c.obj
 .text._ftoa    0x10003118      0x354 src/CMakeFiles/PicoWBLEFreeRTOS.dir/P_/RaspberryPicoSDK/pico-sdk/src/rp2_common/pico_printf/printf.c.obj
 .text._vsnprintf
                0x1000346c      0x624 src/CMakeFiles/PicoWBLEFreeRTOS.dir/P_/RaspberryPicoSDK/pico-sdk/src/rp2_common/pico_printf/printf.c.obj
 .text.vfctprintf
                0x10003a90       0x20 src/CMakeFiles/PicoWBLEFreeRTOS.dir/P_/RaspberryPicoSDK/pico-sdk/src/rp2_common/pico_printf/printf.c.obj
                0x10003a90                vfctprintf
 .text          0x10003ab0       0x10 src/CMakeFiles/PicoWBLEFreeRTOS.dir/P_/RaspberryPicoSDK/pico-sdk/src/rp2_common/pico_bit_ops/bit_ops_aeabi.S.obj
 .text.ctzsi    0x10003ac0        0xc src/CMakeFiles/PicoWBLEFreeRTOS.dir/P_/RaspberryPicoSDK/pico-sdk/src/rp2_common/pico_bit_ops/bit_ops_aeabi.S.obj
                0x10003ac0                __wrap___ctzsi2
 .text.rom_func_lookup
                0x10003acc       0x10 src/CMakeFiles/PicoWBLEFreeRTOS.dir/P_/RaspberryPicoSDK/pico-sdk/src/rp2_common/pico_bootrom/bootrom.c.obj
                0x10003acc                rom_func_lookup
 .text.rom_data_lookup
                0x10003adc       0x10 src/CMakeFiles/PicoWBLEFreeRTOS.dir/P_/RaspberryPicoSDK/pico-sdk/src/rp2_common/pico_bootrom/bootrom.c.obj
                0x10003adc                rom_data_lookup
 .text.rom_funcs_lookup
                0x10003aec       0x36 src/CMakeFiles/PicoWBLEFreeRTOS.dir/P_/RaspberryPicoSDK/pico-sdk/src/rp2_common/pico_bootrom/bootrom.c.obj
                0x10003aec                rom_funcs_lookup
 *fill*         0x10003b22        0x2 
 .text.__wrap___aeabi_idiv
                0x10003b24       0x50 src/CMakeFiles/PicoWBLEFreeRTOS.dir/P_/RaspberryPicoSDK/pico-sdk/src/rp2_common/pico_divider/divider.S.obj
                0x10003b24                __wrap___aeabi_idivmod
                0x10003b24                divmod_s32s32
                0x10003b24                div_s32s32
                0x10003b24                __wrap___aeabi_idiv
                0x10003b2c                divmod_s32s32_unsafe
                0x10003b58                divmod_s32s32_savestate
 .text.__wrap___aeabi_uidiv
                0x10003b74       0x4c src/CMakeFiles/PicoWBLEFreeRTOS.dir/P_/RaspberryPicoSDK/pico-sdk/src/rp2_common/pico_divider/divider.S.obj
                0x10003b74                __wrap___aeabi_uidiv
                0x10003b74                __wrap___aeabi_uidivmod
                0x10003b74                div_u32u32
                0x10003b74                divmod_u32u32
                0x10003b7c                divmod_u32u32_unsafe
                0x10003ba4                divmod_u32u32_savestate
 .text.__wrap___aeabi_ldiv
                0x10003bc0      0x424 src/CMakeFiles/PicoWBLEFreeRTOS.dir/P_/RaspberryPicoSDK/pico-sdk/src/rp2_common/pico_divider/divider.S.obj
                0x10003bc0                div_s64s64
                0x10003bc0                divmod_s64s64
                0x10003bc0                __wrap___aeabi_ldivmod
                0x10003bf0                divmod_u64u64
                0x10003bf0                div_u64u64
                0x10003bf0                __wrap___aeabi_uldivmod
                0x10003c00                divmod_u64u64_savestate
                0x10003c20                divmod_s64s64_unsafe
                0x10003ca8                divmod_u64u64_unsafe
 .text.__wrap___aeabi_darithmetic
                0x10003fe4       0x60 src/CMakeFiles/PicoWBLEFreeRTOS.dir/P_/RaspberryPicoSDK/pico-sdk/src/rp2_common/pico_double/double_aeabi.S.obj
                0x10003fe4                __wrap___aeabi_drsub
                0x10003fea                __wrap___aeabi_dsub
                0x10003ff4                __wrap___aeabi_dadd
                0x10003ffe                __wrap___aeabi_ddiv
                0x10004032                __wrap___aeabi_dmul
 .text.__wrap___aeabi_cdcmple
                0x10004044       0x6c src/CMakeFiles/PicoWBLEFreeRTOS.dir/P_/RaspberryPicoSDK/pico-sdk/src/rp2_common/pico_double/double_aeabi.S.obj
                0x10004044                __wrap___aeabi_cdrcmple
                0x10004054                __wrap___aeabi_cdcmpeq
                0x10004054                __wrap___aeabi_cdcmple
 .text.__wrap___aeabi_dcmplt
                0x100040b0        0xc src/CMakeFiles/PicoWBLEFreeRTOS.dir/P_/RaspberryPicoSDK/pico-sdk/src/rp2_common/pico_double/double_aeabi.S.obj
                0x100040b0                __wrap___aeabi_dcmplt
 .text.__wrap___aeabi_dcmple
                0x100040bc       0x10 src/CMakeFiles/PicoWBLEFreeRTOS.dir/P_/RaspberryPicoSDK/pico-sdk/src/rp2_common/pico_double/double_aeabi.S.obj
                0x100040bc                __wrap___aeabi_dcmple
 .text.__wrap___aeabi_dcmpge
                0x100040cc       0x10 src/CMakeFiles/PicoWBLEFreeRTOS.dir/P_/RaspberryPicoSDK/pico-sdk/src/rp2_common/pico_double/double_aeabi.S.obj
                0x100040cc                __wrap___aeabi_dcmpge
 .text.__wrap___aeabi_dcmpgt
                0x100040dc        0xa src/CMakeFiles/PicoWBLEFreeRTOS.dir/P_/RaspberryPicoSDK/pico-sdk/src/rp2_common/pico_double/double_aeabi.S.obj
                0x100040dc                __wrap___aeabi_dcmpgt
 .text.__wrap___aeabi_dcmpun
                0x100040e6       0x1c src/CMakeFiles/PicoWBLEFreeRTOS.dir/P_/RaspberryPicoSDK/pico-sdk/src/rp2_common/pico_double/double_aeabi.S.obj
                0x100040e6                __wrap___aeabi_dcmpun
 *fill*         0x10004102        0x2 
 .text.__wrap___aeabi_i2d
                0x10004104       0x38 src/CMakeFiles/PicoWBLEFreeRTOS.dir/P_/RaspberryPicoSDK/pico-sdk/src/rp2_common/pico_double/double_aeabi.S.obj
                0x10004104                __wrap___aeabi_ui2d
                0x1000410c                __wrap___aeabi_i2d
 .text.__wrap___aeabi_d2iz
                0x1000413c       0x48 src/CMakeFiles/PicoWBLEFreeRTOS.dir/P_/RaspberryPicoSDK/pico-sdk/src/rp2_common/pico_double/double_aeabi.S.obj
                0x1000413c                double2int_z
                0x1000413c                __wrap___aeabi_d2iz
 .text.__wrap___aeabi_d2uiz
                0x10004184       0x10 src/CMakeFiles/PicoWBLEFreeRTOS.dir/P_/RaspberryPicoSDK/pico-sdk/src/rp2_common/pico_double/double_aeabi.S.obj
                0x10004184                __wrap___aeabi_d2uiz
                0x10004184                double2uint
 .text.__wrap_srqt
                0x10004194       0x10 src/CMakeFiles/PicoWBLEFreeRTOS.dir/P_/RaspberryPicoSDK/pico-sdk/src/rp2_common/pico_double/double_aeabi.S.obj
                0x10004194                __wrap_sqrt
 .text.missing_double_func_shim
                0x100041a4        0xc src/CMakeFiles/PicoWBLEFreeRTOS.dir/P_/RaspberryPicoSDK/pico-sdk/src/rp2_common/pico_double/double_init_rom.c.obj
 .text.__aeabi_double_init
                0x100041b0       0xcc src/CMakeFiles/PicoWBLEFreeRTOS.dir/P_/RaspberryPicoSDK/pico-sdk/src/rp2_common/pico_double/double_init_rom.c.obj
                0x100041b0                __aeabi_double_init
 .text.double_table_shim_on_use_helper
                0x1000427c       0x34 src/CMakeFiles/PicoWBLEFreeRTOS.dir/P_/RaspberryPicoSDK/pico-sdk/src/rp2_common/pico_double/double_v1_rom_shim.S.obj
                0x1000427c                double_table_shim_on_use_helper
 .text.__aeabi_lmul
                0x100042b0       0x32 src/CMakeFiles/PicoWBLEFreeRTOS.dir/P_/RaspberryPicoSDK/pico-sdk/src/rp2_common/pico_int64_ops/pico_int64_ops_aeabi.S.obj
                0x100042b0                __wrap___aeabi_lmul
 *fill*         0x100042e2        0x2 
 .text.__wrap___aeabi_farithmetic
                0x100042e4       0x48 src/CMakeFiles/PicoWBLEFreeRTOS.dir/P_/RaspberryPicoSDK/pico-sdk/src/rp2_common/pico_float/float_aeabi.S.obj
                0x100042e4                __wrap___aeabi_frsub
                0x100042ea                __wrap___aeabi_fsub
                0x100042f0                __wrap___aeabi_fadd
                0x100042f6                __wrap___aeabi_fdiv
                0x1000431e                __wrap___aeabi_fmul
 .text.__wrap___aeabi_ui2f
                0x1000432c        0xa src/CMakeFiles/PicoWBLEFreeRTOS.dir/P_/RaspberryPicoSDK/pico-sdk/src/rp2_common/pico_float/float_aeabi.S.obj
                0x1000432c                __wrap___aeabi_ui2f
 *fill*         0x10004336        0x2 
 .text.__wrap___aeabi_i2f
                0x10004338       0x44 src/CMakeFiles/PicoWBLEFreeRTOS.dir/P_/RaspberryPicoSDK/pico-sdk/src/rp2_common/pico_float/float_aeabi.S.obj
                0x10004338                __wrap___aeabi_i2f
 .text.__wrap___aeabi_f2iz
                0x1000437c       0x4e src/CMakeFiles/PicoWBLEFreeRTOS.dir/P_/RaspberryPicoSDK/pico-sdk/src/rp2_common/pico_float/float_aeabi.S.obj
                0x1000437c                float2int_z
                0x1000437c                __wrap___aeabi_f2iz
 *fill*         0x100043ca        0x2 
 .text.float2int
                0x100043cc        0xc src/CMakeFiles/PicoWBLEFreeRTOS.dir/P_/RaspberryPicoSDK/pico-sdk/src/rp2_common/pico_float/float_aeabi.S.obj
                0x100043cc                float2int
 .text.__wrap___aeabi_f2uiz
                0x100043d8        0xc src/CMakeFiles/PicoWBLEFreeRTOS.dir/P_/RaspberryPicoSDK/pico-sdk/src/rp2_common/pico_float/float_aeabi.S.obj
                0x100043d8                __wrap___aeabi_f2uiz
 .text.__wrap___aeabi_f2d
                0x100043e4        0xc src/CMakeFiles/PicoWBLEFreeRTOS.dir/P_/RaspberryPicoSDK/pico-sdk/src/rp2_common/pico_float/float_aeabi.S.obj
                0x100043e4                __wrap___aeabi_f2d
 .text.missing_float_func_shim
                0x100043f0        0xc src/CMakeFiles/PicoWBLEFreeRTOS.dir/P_/RaspberryPicoSDK/pico-sdk/src/rp2_common/pico_float/float_init_rom.c.obj
 .text.__aeabi_float_init
                0x100043fc       0x88 src/CMakeFiles/PicoWBLEFreeRTOS.dir/P_/RaspberryPicoSDK/pico-sdk/src/rp2_common/pico_float/float_init_rom.c.obj
                0x100043fc                __aeabi_float_init
 .text.__wrap_malloc
                0x10004484       0x3c src/CMakeFiles/PicoWBLEFreeRTOS.dir/P_/RaspberryPicoSDK/pico-sdk/src/rp2_common/pico_malloc/pico_malloc.c.obj
                0x10004484                __wrap_malloc
 .text.__wrap_calloc
                0x100044c0       0x40 src/CMakeFiles/PicoWBLEFreeRTOS.dir/P_/RaspberryPicoSDK/pico-sdk/src/rp2_common/pico_malloc/pico_malloc.c.obj
                0x100044c0                __wrap_calloc
 .text.__wrap_free
                0x10004500       0x20 src/CMakeFiles/PicoWBLEFreeRTOS.dir/P_/RaspberryPicoSDK/pico-sdk/src/rp2_common/pico_malloc/pico_malloc.c.obj
                0x10004500                __wrap_free
 .text          0x10004520       0x10 src/CMakeFiles/PicoWBLEFreeRTOS.dir/P_/RaspberryPicoSDK/pico-sdk/src/rp2_common/pico_mem_ops/mem_ops_aeabi.S.obj
                0x10004520                __aeabi_mem_init
 .text.memset   0x10004530        0xc src/CMakeFiles/PicoWBLEFreeRTOS.dir/P_/RaspberryPicoSDK/pico-sdk/src/rp2_common/pico_mem_ops/mem_ops_aeabi.S.obj
                0x10004530                __wrap_memset
 .text.memcpy   0x1000453c        0xc src/CMakeFiles/PicoWBLEFreeRTOS.dir/P_/RaspberryPicoSDK/pico-sdk/src/rp2_common/pico_mem_ops/mem_ops_aeabi.S.obj
                0x1000453c                __wrap_memcpy
                0x1000453c                __wrap___aeabi_memcpy
 .text.stdio_out_chars_no_crlf
                0x10004548        0xe src/CMakeFiles/PicoWBLEFreeRTOS.dir/P_/RaspberryPicoSDK/pico-sdk/src/rp2_common/pico_stdio/stdio.c.obj
 *fill*         0x10004556        0x2 
 .text.stdio_out_chars_crlf
                0x10004558       0x80 src/CMakeFiles/PicoWBLEFreeRTOS.dir/P_/RaspberryPicoSDK/pico-sdk/src/rp2_common/pico_stdio/stdio.c.obj
 .text.stdio_stack_buffer_flush
                0x100045d8       0x44 src/CMakeFiles/PicoWBLEFreeRTOS.dir/P_/RaspberryPicoSDK/pico-sdk/src/rp2_common/pico_stdio/stdio.c.obj
 .text.stdio_buffered_printer
                0x1000461c       0x20 src/CMakeFiles/PicoWBLEFreeRTOS.dir/P_/RaspberryPicoSDK/pico-sdk/src/rp2_common/pico_stdio/stdio.c.obj
 .text.stdout_serialize_begin
                0x1000463c       0x5c src/CMakeFiles/PicoWBLEFreeRTOS.dir/P_/RaspberryPicoSDK/pico-sdk/src/rp2_common/pico_stdio/stdio.c.obj
                0x1000463c                stdout_serialize_begin
 .text.stdout_serialize_end
                0x10004698       0x10 src/CMakeFiles/PicoWBLEFreeRTOS.dir/P_/RaspberryPicoSDK/pico-sdk/src/rp2_common/pico_stdio/stdio.c.obj
                0x10004698                stdout_serialize_end
 .text.stdio_put_string
                0x100046a8       0x98 src/CMakeFiles/PicoWBLEFreeRTOS.dir/P_/RaspberryPicoSDK/pico-sdk/src/rp2_common/pico_stdio/stdio.c.obj
 .text.stdio_set_driver_enabled
                0x10004740       0x2c src/CMakeFiles/PicoWBLEFreeRTOS.dir/P_/RaspberryPicoSDK/pico-sdk/src/rp2_common/pico_stdio/stdio.c.obj
                0x10004740                stdio_set_driver_enabled
 .text.stdio_flush
                0x1000476c       0x20 src/CMakeFiles/PicoWBLEFreeRTOS.dir/P_/RaspberryPicoSDK/pico-sdk/src/rp2_common/pico_stdio/stdio.c.obj
                0x1000476c                stdio_flush
 .text.__wrap_puts
                0x1000478c       0x1e src/CMakeFiles/PicoWBLEFreeRTOS.dir/P_/RaspberryPicoSDK/pico-sdk/src/rp2_common/pico_stdio/stdio.c.obj
                0x1000478c                __wrap_puts
 *fill*         0x100047aa        0x2 
 .text.__wrap_vprintf
                0x100047ac       0x40 src/CMakeFiles/PicoWBLEFreeRTOS.dir/P_/RaspberryPicoSDK/pico-sdk/src/rp2_common/pico_stdio/stdio.c.obj
                0x100047ac                __wrap_vprintf
 .text.__wrap_printf
                0x100047ec       0x18 src/CMakeFiles/PicoWBLEFreeRTOS.dir/P_/RaspberryPicoSDK/pico-sdk/src/rp2_common/pico_stdio/stdio.c.obj
                0x100047ec                __wrap_printf
 .text.stdio_init_all
                0x10004804        0x8 src/CMakeFiles/PicoWBLEFreeRTOS.dir/P_/RaspberryPicoSDK/pico-sdk/src/rp2_common/pico_stdio/stdio.c.obj
                0x10004804                stdio_init_all
 .text.resetd_init
                0x1000480c        0x2 src/CMakeFiles/PicoWBLEFreeRTOS.dir/P_/RaspberryPicoSDK/pico-sdk/src/rp2_common/pico_stdio_usb/reset_interface.c.obj
 *fill*         0x1000480e        0x2 
 .text.resetd_reset
                0x10004810        0xc src/CMakeFiles/PicoWBLEFreeRTOS.dir/P_/RaspberryPicoSDK/pico-sdk/src/rp2_common/pico_stdio_usb/reset_interface.c.obj
 .text.resetd_open
                0x1000481c       0x34 src/CMakeFiles/PicoWBLEFreeRTOS.dir/P_/RaspberryPicoSDK/pico-sdk/src/rp2_common/pico_stdio_usb/reset_interface.c.obj
 .text.resetd_xfer_cb
                0x10004850        0x4 src/CMakeFiles/PicoWBLEFreeRTOS.dir/P_/RaspberryPicoSDK/pico-sdk/src/rp2_common/pico_stdio_usb/reset_interface.c.obj
 .text.reset_usb_boot
                0x10004854       0x18 src/CMakeFiles/PicoWBLEFreeRTOS.dir/P_/RaspberryPicoSDK/pico-sdk/src/rp2_common/pico_stdio_usb/reset_interface.c.obj
 .text.resetd_control_xfer_cb
                0x1000486c       0x5c src/CMakeFiles/PicoWBLEFreeRTOS.dir/P_/RaspberryPicoSDK/pico-sdk/src/rp2_common/pico_stdio_usb/reset_interface.c.obj
 .text.usbd_app_driver_get_cb
                0x100048c8        0xc src/CMakeFiles/PicoWBLEFreeRTOS.dir/P_/RaspberryPicoSDK/pico-sdk/src/rp2_common/pico_stdio_usb/reset_interface.c.obj
                0x100048c8                usbd_app_driver_get_cb
 .text.tud_cdc_line_coding_cb
                0x100048d4       0x28 src/CMakeFiles/PicoWBLEFreeRTOS.dir/P_/RaspberryPicoSDK/pico-sdk/src/rp2_common/pico_stdio_usb/reset_interface.c.obj
                0x100048d4                tud_cdc_line_coding_cb
 .text.stdio_usb_set_chars_available_callback
                0x100048fc       0x14 src/CMakeFiles/PicoWBLEFreeRTOS.dir/P_/RaspberryPicoSDK/pico-sdk/src/rp2_common/pico_stdio_usb/stdio_usb.c.obj
                0x100048fc                stdio_usb_set_chars_available_callback
 .text.usb_irq  0x10004910       0x10 src/CMakeFiles/PicoWBLEFreeRTOS.dir/P_/RaspberryPicoSDK/pico-sdk/src/rp2_common/pico_stdio_usb/stdio_usb.c.obj
 .text.timer_task
                0x10004920       0x5c src/CMakeFiles/PicoWBLEFreeRTOS.dir/P_/RaspberryPicoSDK/pico-sdk/src/rp2_common/pico_stdio_usb/stdio_usb.c.obj
 .text.low_priority_worker_irq
                0x1000497c       0xdc src/CMakeFiles/PicoWBLEFreeRTOS.dir/P_/RaspberryPicoSDK/pico-sdk/src/rp2_common/pico_stdio_usb/stdio_usb.c.obj
 .text.tud_cdc_rx_cb
                0x10004a58       0x20 src/CMakeFiles/PicoWBLEFreeRTOS.dir/P_/RaspberryPicoSDK/pico-sdk/src/rp2_common/pico_stdio_usb/stdio_usb.c.obj
                0x10004a58                tud_cdc_rx_cb
 .text.stdio_usb_init
                0x10004a78      0x11c src/CMakeFiles/PicoWBLEFreeRTOS.dir/P_/RaspberryPicoSDK/pico-sdk/src/rp2_common/pico_stdio_usb/stdio_usb.c.obj
                0x10004a78                stdio_usb_init
 .text.stdio_usb_connected
                0x10004b94        0xa src/CMakeFiles/PicoWBLEFreeRTOS.dir/P_/RaspberryPicoSDK/pico-sdk/src/rp2_common/pico_stdio_usb/stdio_usb.c.obj
                0x10004b94                stdio_usb_connected
 *fill*         0x10004b9e        0x2 
 .text.stdio_usb_in_chars
                0x10004ba0       0xc4 src/CMakeFiles/PicoWBLEFreeRTOS.dir/P_/RaspberryPicoSDK/pico-sdk/src/rp2_common/pico_stdio_usb/stdio_usb.c.obj
                0x10004ba0                stdio_usb_in_chars
 .text.stdio_usb_out_chars
                0x10004c64      0x114 src/CMakeFiles/PicoWBLEFreeRTOS.dir/P_/RaspberryPicoSDK/pico-sdk/src/rp2_common/pico_stdio_usb/stdio_usb.c.obj
 .text.tud_descriptor_device_cb
                0x10004d78        0x8 src/CMakeFiles/PicoWBLEFreeRTOS.dir/P_/RaspberryPicoSDK/pico-sdk/src/rp2_common/pico_stdio_usb/stdio_usb_descriptors.c.obj
                0x10004d78                tud_descriptor_device_cb
 .text.tud_descriptor_configuration_cb
                0x10004d80        0x8 src/CMakeFiles/PicoWBLEFreeRTOS.dir/P_/RaspberryPicoSDK/pico-sdk/src/rp2_common/pico_stdio_usb/stdio_usb_descriptors.c.obj
                0x10004d80                tud_descriptor_configuration_cb
 .text.tud_descriptor_string_cb
                0x10004d88       0x6c src/CMakeFiles/PicoWBLEFreeRTOS.dir/P_/RaspberryPicoSDK/pico-sdk/src/rp2_common/pico_stdio_usb/stdio_usb_descriptors.c.obj
                0x10004d88                tud_descriptor_string_cb
 .text._retrieve_unique_id_on_boot
                0x10004df4       0x10 src/CMakeFiles/PicoWBLEFreeRTOS.dir/P_/RaspberryPicoSDK/pico-sdk/src/rp2_common/pico_unique_id/unique_id.c.obj
 .text.pico_get_unique_board_id
                0x10004e04       0x10 src/CMakeFiles/PicoWBLEFreeRTOS.dir/P_/RaspberryPicoSDK/pico-sdk/src/rp2_common/pico_unique_id/unique_id.c.obj
                0x10004e04                pico_get_unique_board_id
 .text.pico_get_unique_board_id_string
                0x10004e14       0x60 src/CMakeFiles/PicoWBLEFreeRTOS.dir/P_/RaspberryPicoSDK/pico-sdk/src/rp2_common/pico_unique_id/unique_id.c.obj
                0x10004e14                pico_get_unique_board_id_string
 .text.flash_get_unique_id
                0x10004e74       0x46 src/CMakeFiles/PicoWBLEFreeRTOS.dir/P_/RaspberryPicoSDK/pico-sdk/src/rp2_common/hardware_flash/flash.c.obj
                0x10004e74                flash_get_unique_id
 *fill*         0x10004eba        0x2 
 .text.hw_endpoint_get_by_addr
                0x10004ebc       0x18 src/CMakeFiles/PicoWBLEFreeRTOS.dir/P_/RaspberryPicoSDK/pico-sdk/lib/tinyusb/src/portable/raspberrypi/rp2040/dcd_rp2040.c.obj
 .text._hw_endpoint_alloc
                0x10004ed4       0x70 src/CMakeFiles/PicoWBLEFreeRTOS.dir/P_/RaspberryPicoSDK/pico-sdk/lib/tinyusb/src/portable/raspberrypi/rp2040/dcd_rp2040.c.obj
 .text.hw_endpoint_init
                0x10004f44       0x88 src/CMakeFiles/PicoWBLEFreeRTOS.dir/P_/RaspberryPicoSDK/pico-sdk/lib/tinyusb/src/portable/raspberrypi/rp2040/dcd_rp2040.c.obj
 .text.hw_endpoint_xfer
                0x10004fcc       0x14 src/CMakeFiles/PicoWBLEFreeRTOS.dir/P_/RaspberryPicoSDK/pico-sdk/lib/tinyusb/src/portable/raspberrypi/rp2040/dcd_rp2040.c.obj
 .text.dcd_int_enable
                0x10004fe0       0x2c src/CMakeFiles/PicoWBLEFreeRTOS.dir/P_/RaspberryPicoSDK/pico-sdk/lib/tinyusb/src/portable/raspberrypi/rp2040/dcd_rp2040.c.obj
                0x10004fe0                dcd_int_enable
 .text.dcd_set_address
                0x1000500c       0x2c src/CMakeFiles/PicoWBLEFreeRTOS.dir/P_/RaspberryPicoSDK/pico-sdk/lib/tinyusb/src/portable/raspberrypi/rp2040/dcd_rp2040.c.obj
                0x1000500c                dcd_set_address
 .text.dcd_connect
                0x10005038       0x10 src/CMakeFiles/PicoWBLEFreeRTOS.dir/P_/RaspberryPicoSDK/pico-sdk/lib/tinyusb/src/portable/raspberrypi/rp2040/dcd_rp2040.c.obj
                0x10005038                dcd_connect
 .text.dcd_init
                0x10005048       0x80 src/CMakeFiles/PicoWBLEFreeRTOS.dir/P_/RaspberryPicoSDK/pico-sdk/lib/tinyusb/src/portable/raspberrypi/rp2040/dcd_rp2040.c.obj
                0x10005048                dcd_init
 .text.dcd_edpt0_status_complete
                0x100050c8       0x1c src/CMakeFiles/PicoWBLEFreeRTOS.dir/P_/RaspberryPicoSDK/pico-sdk/lib/tinyusb/src/portable/raspberrypi/rp2040/dcd_rp2040.c.obj
                0x100050c8                dcd_edpt0_status_complete
 .text.dcd_edpt_open
                0x100050e4       0x40 src/CMakeFiles/PicoWBLEFreeRTOS.dir/P_/RaspberryPicoSDK/pico-sdk/lib/tinyusb/src/portable/raspberrypi/rp2040/dcd_rp2040.c.obj
                0x100050e4                dcd_edpt_open
 .text.dcd_edpt_close_all
                0x10005124        0x8 src/CMakeFiles/PicoWBLEFreeRTOS.dir/P_/RaspberryPicoSDK/pico-sdk/lib/tinyusb/src/portable/raspberrypi/rp2040/dcd_rp2040.c.obj
                0x10005124                dcd_edpt_close_all
 .text.dcd_edpt_xfer
                0x1000512c       0x34 src/CMakeFiles/PicoWBLEFreeRTOS.dir/P_/RaspberryPicoSDK/pico-sdk/lib/tinyusb/src/portable/raspberrypi/rp2040/dcd_rp2040.c.obj
                0x1000512c                dcd_edpt_xfer
 .text.dcd_edpt_stall
                0x10005160       0x2c src/CMakeFiles/PicoWBLEFreeRTOS.dir/P_/RaspberryPicoSDK/pico-sdk/lib/tinyusb/src/portable/raspberrypi/rp2040/dcd_rp2040.c.obj
                0x10005160                dcd_edpt_stall
 .text.dcd_edpt_clear_stall
                0x1000518c       0x20 src/CMakeFiles/PicoWBLEFreeRTOS.dir/P_/RaspberryPicoSDK/pico-sdk/lib/tinyusb/src/portable/raspberrypi/rp2040/dcd_rp2040.c.obj
                0x1000518c                dcd_edpt_clear_stall
 .text.rp2040_usb_init
                0x100051ac       0x4c src/CMakeFiles/PicoWBLEFreeRTOS.dir/P_/RaspberryPicoSDK/pico-sdk/lib/tinyusb/src/portable/raspberrypi/rp2040/rp2040_usb.c.obj
                0x100051ac                rp2040_usb_init
 .text.hw_endpoint_xfer_start
                0x100051f8       0x50 src/CMakeFiles/PicoWBLEFreeRTOS.dir/P_/RaspberryPicoSDK/pico-sdk/lib/tinyusb/src/portable/raspberrypi/rp2040/rp2040_usb.c.obj
                0x100051f8                hw_endpoint_xfer_start
 .text.configuration_reset
                0x10005248       0x84 src/CMakeFiles/PicoWBLEFreeRTOS.dir/P_/RaspberryPicoSDK/pico-sdk/lib/tinyusb/src/device/usbd.c.obj
 .text.usbd_reset
                0x100052cc        0xc src/CMakeFiles/PicoWBLEFreeRTOS.dir/P_/RaspberryPicoSDK/pico-sdk/lib/tinyusb/src/device/usbd.c.obj
 .text.invoke_class_control
                0x100052d8       0x1a src/CMakeFiles/PicoWBLEFreeRTOS.dir/P_/RaspberryPicoSDK/pico-sdk/lib/tinyusb/src/device/usbd.c.obj
 *fill*         0x100052f2        0x2 
 .text.process_set_config
                0x100052f4      0x178 src/CMakeFiles/PicoWBLEFreeRTOS.dir/P_/RaspberryPicoSDK/pico-sdk/lib/tinyusb/src/device/usbd.c.obj
 .text.process_get_descriptor
                0x1000546c       0xdc src/CMakeFiles/PicoWBLEFreeRTOS.dir/P_/RaspberryPicoSDK/pico-sdk/lib/tinyusb/src/device/usbd.c.obj
 .text.tud_mounted
                0x10005548       0x10 src/CMakeFiles/PicoWBLEFreeRTOS.dir/P_/RaspberryPicoSDK/pico-sdk/lib/tinyusb/src/device/usbd.c.obj
                0x10005548                tud_mounted
 .text.tud_suspended
                0x10005558       0x10 src/CMakeFiles/PicoWBLEFreeRTOS.dir/P_/RaspberryPicoSDK/pico-sdk/lib/tinyusb/src/device/usbd.c.obj
                0x10005558                tud_suspended
 .text.tud_inited
                0x10005568       0x14 src/CMakeFiles/PicoWBLEFreeRTOS.dir/P_/RaspberryPicoSDK/pico-sdk/lib/tinyusb/src/device/usbd.c.obj
                0x10005568                tud_inited
 .text.tud_init
                0x1000557c       0xcc src/CMakeFiles/PicoWBLEFreeRTOS.dir/P_/RaspberryPicoSDK/pico-sdk/lib/tinyusb/src/device/usbd.c.obj
                0x1000557c                tud_init
 .text.usbd_defer_func
                0x10005648       0x2a src/CMakeFiles/PicoWBLEFreeRTOS.dir/P_/RaspberryPicoSDK/pico-sdk/lib/tinyusb/src/device/usbd.c.obj
                0x10005648                usbd_defer_func
 *fill*         0x10005672        0x2 
 .text.usbd_edpt_open
                0x10005674       0x34 src/CMakeFiles/PicoWBLEFreeRTOS.dir/P_/RaspberryPicoSDK/pico-sdk/lib/tinyusb/src/device/usbd.c.obj
                0x10005674                usbd_edpt_open
 .text.usbd_open_edpt_pair
                0x100056a8       0x62 src/CMakeFiles/PicoWBLEFreeRTOS.dir/P_/RaspberryPicoSDK/pico-sdk/lib/tinyusb/src/device/usbd.c.obj
                0x100056a8                usbd_open_edpt_pair
 *fill*         0x1000570a        0x2 
 .text.usbd_edpt_claim
                0x1000570c       0x28 src/CMakeFiles/PicoWBLEFreeRTOS.dir/P_/RaspberryPicoSDK/pico-sdk/lib/tinyusb/src/device/usbd.c.obj
                0x1000570c                usbd_edpt_claim
 .text.usbd_edpt_release
                0x10005734       0x28 src/CMakeFiles/PicoWBLEFreeRTOS.dir/P_/RaspberryPicoSDK/pico-sdk/lib/tinyusb/src/device/usbd.c.obj
                0x10005734                usbd_edpt_release
 .text.usbd_edpt_xfer
                0x1000575c       0x78 src/CMakeFiles/PicoWBLEFreeRTOS.dir/P_/RaspberryPicoSDK/pico-sdk/lib/tinyusb/src/device/usbd.c.obj
                0x1000575c                usbd_edpt_xfer
 .text.usbd_edpt_stall
                0x100057d4       0x48 src/CMakeFiles/PicoWBLEFreeRTOS.dir/P_/RaspberryPicoSDK/pico-sdk/lib/tinyusb/src/device/usbd.c.obj
                0x100057d4                usbd_edpt_stall
 .text.usbd_edpt_clear_stall
                0x1000581c       0x48 src/CMakeFiles/PicoWBLEFreeRTOS.dir/P_/RaspberryPicoSDK/pico-sdk/lib/tinyusb/src/device/usbd.c.obj
                0x1000581c                usbd_edpt_clear_stall
 .text.usbd_edpt_stalled
                0x10005864       0x1c src/CMakeFiles/PicoWBLEFreeRTOS.dir/P_/RaspberryPicoSDK/pico-sdk/lib/tinyusb/src/device/usbd.c.obj
                0x10005864                usbd_edpt_stalled
 .text.process_control_request
                0x10005880      0x37c src/CMakeFiles/PicoWBLEFreeRTOS.dir/P_/RaspberryPicoSDK/pico-sdk/lib/tinyusb/src/device/usbd.c.obj
 .text.tud_task_ext
                0x10005bfc      0x1b8 src/CMakeFiles/PicoWBLEFreeRTOS.dir/P_/RaspberryPicoSDK/pico-sdk/lib/tinyusb/src/device/usbd.c.obj
                0x10005bfc                tud_task_ext
 .text._data_stage_xact
                0x10005db4       0x58 src/CMakeFiles/PicoWBLEFreeRTOS.dir/P_/RaspberryPicoSDK/pico-sdk/lib/tinyusb/src/device/usbd_control.c.obj
 .text.tud_control_status
                0x10005e0c       0x38 src/CMakeFiles/PicoWBLEFreeRTOS.dir/P_/RaspberryPicoSDK/pico-sdk/lib/tinyusb/src/device/usbd_control.c.obj
                0x10005e0c                tud_control_status
 .text.tud_control_xfer
                0x10005e44       0x74 src/CMakeFiles/PicoWBLEFreeRTOS.dir/P_/RaspberryPicoSDK/pico-sdk/lib/tinyusb/src/device/usbd_control.c.obj
                0x10005e44                tud_control_xfer
 .text.usbd_control_reset
                0x10005eb8       0x14 src/CMakeFiles/PicoWBLEFreeRTOS.dir/P_/RaspberryPicoSDK/pico-sdk/lib/tinyusb/src/device/usbd_control.c.obj
                0x10005eb8                usbd_control_reset
 .text.usbd_control_set_complete_callback
                0x10005ecc        0xc src/CMakeFiles/PicoWBLEFreeRTOS.dir/P_/RaspberryPicoSDK/pico-sdk/lib/tinyusb/src/device/usbd_control.c.obj
                0x10005ecc                usbd_control_set_complete_callback
 .text.usbd_control_set_request
                0x10005ed8       0x1c src/CMakeFiles/PicoWBLEFreeRTOS.dir/P_/RaspberryPicoSDK/pico-sdk/lib/tinyusb/src/device/usbd_control.c.obj
                0x10005ed8                usbd_control_set_request
 .text.usbd_control_xfer_cb
                0x10005ef4       0xcc src/CMakeFiles/PicoWBLEFreeRTOS.dir/P_/RaspberryPicoSDK/pico-sdk/lib/tinyusb/src/device/usbd_control.c.obj
                0x10005ef4                usbd_control_xfer_cb
 .text._prep_out_transaction
                0x10005fc0       0x4a src/CMakeFiles/PicoWBLEFreeRTOS.dir/P_/RaspberryPicoSDK/pico-sdk/lib/tinyusb/src/class/cdc/cdc_device.c.obj
 *fill*         0x1000600a        0x2 
 .text.tud_cdc_n_connected
                0x1000600c       0x44 src/CMakeFiles/PicoWBLEFreeRTOS.dir/P_/RaspberryPicoSDK/pico-sdk/lib/tinyusb/src/class/cdc/cdc_device.c.obj
                0x1000600c                tud_cdc_n_connected
 .text.tud_cdc_n_available
                0x10006050       0x18 src/CMakeFiles/PicoWBLEFreeRTOS.dir/P_/RaspberryPicoSDK/pico-sdk/lib/tinyusb/src/class/cdc/cdc_device.c.obj
                0x10006050                tud_cdc_n_available
 .text.tud_cdc_n_read
                0x10006068       0x28 src/CMakeFiles/PicoWBLEFreeRTOS.dir/P_/RaspberryPicoSDK/pico-sdk/lib/tinyusb/src/class/cdc/cdc_device.c.obj
                0x10006068                tud_cdc_n_read
 .text.tud_cdc_n_write_flush
                0x10006090       0xb8 src/CMakeFiles/PicoWBLEFreeRTOS.dir/P_/RaspberryPicoSDK/pico-sdk/lib/tinyusb/src/class/cdc/cdc_device.c.obj
                0x10006090                tud_cdc_n_write_flush
 .text.tud_cdc_n_write
                0x10006148       0x38 src/CMakeFiles/PicoWBLEFreeRTOS.dir/P_/RaspberryPicoSDK/pico-sdk/lib/tinyusb/src/class/cdc/cdc_device.c.obj
                0x10006148                tud_cdc_n_write
 .text.tud_cdc_n_write_available
                0x10006180       0x1c src/CMakeFiles/PicoWBLEFreeRTOS.dir/P_/RaspberryPicoSDK/pico-sdk/lib/tinyusb/src/class/cdc/cdc_device.c.obj
                0x10006180                tud_cdc_n_write_available
 .text.cdcd_init
                0x1000619c       0xbc src/CMakeFiles/PicoWBLEFreeRTOS.dir/P_/RaspberryPicoSDK/pico-sdk/lib/tinyusb/src/class/cdc/cdc_device.c.obj
                0x1000619c                cdcd_init
 .text.cdcd_reset
                0x10006258       0x44 src/CMakeFiles/PicoWBLEFreeRTOS.dir/P_/RaspberryPicoSDK/pico-sdk/lib/tinyusb/src/class/cdc/cdc_device.c.obj
                0x10006258                cdcd_reset
 .text.cdcd_open
                0x1000629c       0xcc src/CMakeFiles/PicoWBLEFreeRTOS.dir/P_/RaspberryPicoSDK/pico-sdk/lib/tinyusb/src/class/cdc/cdc_device.c.obj
                0x1000629c                cdcd_open
 .text.cdcd_control_xfer_cb
                0x10006368      0x134 src/CMakeFiles/PicoWBLEFreeRTOS.dir/P_/RaspberryPicoSDK/pico-sdk/lib/tinyusb/src/class/cdc/cdc_device.c.obj
                0x10006368                cdcd_control_xfer_cb
 .text.cdcd_xfer_cb
                0x1000649c      0x130 src/CMakeFiles/PicoWBLEFreeRTOS.dir/P_/RaspberryPicoSDK/pico-sdk/lib/tinyusb/src/class/cdc/cdc_device.c.obj
                0x1000649c                cdcd_xfer_cb
 .text.tusb_init
                0x100065cc        0xa src/CMakeFiles/PicoWBLEFreeRTOS.dir/P_/RaspberryPicoSDK/pico-sdk/lib/tinyusb/src/tusb.c.obj
                0x100065cc                tusb_init
 .text.tusb_inited
                0x100065d6        0xe src/CMakeFiles/PicoWBLEFreeRTOS.dir/P_/RaspberryPicoSDK/pico-sdk/lib/tinyusb/src/tusb.c.obj
                0x100065d6                tusb_inited
 .text.tu_edpt_claim
                0x100065e4       0x50 src/CMakeFiles/PicoWBLEFreeRTOS.dir/P_/RaspberryPicoSDK/pico-sdk/lib/tinyusb/src/tusb.c.obj
                0x100065e4                tu_edpt_claim
 .text.tu_edpt_release
                0x10006634       0x3c src/CMakeFiles/PicoWBLEFreeRTOS.dir/P_/RaspberryPicoSDK/pico-sdk/lib/tinyusb/src/tusb.c.obj
                0x10006634                tu_edpt_release
 .text.tu_edpt_validate
                0x10006670       0x78 src/CMakeFiles/PicoWBLEFreeRTOS.dir/P_/RaspberryPicoSDK/pico-sdk/lib/tinyusb/src/tusb.c.obj
                0x10006670                tu_edpt_validate
 .text.tu_edpt_bind_driver
                0x100066e8       0x26 src/CMakeFiles/PicoWBLEFreeRTOS.dir/P_/RaspberryPicoSDK/pico-sdk/lib/tinyusb/src/tusb.c.obj
                0x100066e8                tu_edpt_bind_driver
 .text.advance_index
                0x1000670e       0x1a src/CMakeFiles/PicoWBLEFreeRTOS.dir/P_/RaspberryPicoSDK/pico-sdk/lib/tinyusb/src/common/tusb_fifo.c.obj
 .text._tu_fifo_peek
                0x10006728       0x56 src/CMakeFiles/PicoWBLEFreeRTOS.dir/P_/RaspberryPicoSDK/pico-sdk/lib/tinyusb/src/common/tusb_fifo.c.obj
 .text._ff_pull_const_addr
                0x1000677e       0x4c src/CMakeFiles/PicoWBLEFreeRTOS.dir/P_/RaspberryPicoSDK/pico-sdk/lib/tinyusb/src/common/tusb_fifo.c.obj
 .text._ff_pull_n
                0x100067ca      0x110 src/CMakeFiles/PicoWBLEFreeRTOS.dir/P_/RaspberryPicoSDK/pico-sdk/lib/tinyusb/src/common/tusb_fifo.c.obj
 .text._tu_fifo_peek_n
                0x100068da       0x6a src/CMakeFiles/PicoWBLEFreeRTOS.dir/P_/RaspberryPicoSDK/pico-sdk/lib/tinyusb/src/common/tusb_fifo.c.obj
 .text._tu_fifo_read_n
                0x10006944       0x4e src/CMakeFiles/PicoWBLEFreeRTOS.dir/P_/RaspberryPicoSDK/pico-sdk/lib/tinyusb/src/common/tusb_fifo.c.obj
 .text._ff_push_const_addr
                0x10006992       0x40 src/CMakeFiles/PicoWBLEFreeRTOS.dir/P_/RaspberryPicoSDK/pico-sdk/lib/tinyusb/src/common/tusb_fifo.c.obj
 .text._ff_push_n
                0x100069d2      0x10c src/CMakeFiles/PicoWBLEFreeRTOS.dir/P_/RaspberryPicoSDK/pico-sdk/lib/tinyusb/src/common/tusb_fifo.c.obj
 .text._tu_fifo_write_n
                0x10006ade       0xf0 src/CMakeFiles/PicoWBLEFreeRTOS.dir/P_/RaspberryPicoSDK/pico-sdk/lib/tinyusb/src/common/tusb_fifo.c.obj
 .text.tu_fifo_config
                0x10006bce       0x7c src/CMakeFiles/PicoWBLEFreeRTOS.dir/P_/RaspberryPicoSDK/pico-sdk/lib/tinyusb/src/common/tusb_fifo.c.obj
                0x10006bce                tu_fifo_config
 .text.tu_fifo_count
                0x10006c4a       0x2a src/CMakeFiles/PicoWBLEFreeRTOS.dir/P_/RaspberryPicoSDK/pico-sdk/lib/tinyusb/src/common/tusb_fifo.c.obj
                0x10006c4a                tu_fifo_count
 .text.tu_fifo_empty
                0x10006c74       0x10 src/CMakeFiles/PicoWBLEFreeRTOS.dir/P_/RaspberryPicoSDK/pico-sdk/lib/tinyusb/src/common/tusb_fifo.c.obj
                0x10006c74                tu_fifo_empty
 .text.tu_fifo_full
                0x10006c84       0x28 src/CMakeFiles/PicoWBLEFreeRTOS.dir/P_/RaspberryPicoSDK/pico-sdk/lib/tinyusb/src/common/tusb_fifo.c.obj
                0x10006c84                tu_fifo_full
 .text.tu_fifo_remaining
                0x10006cac       0x2c src/CMakeFiles/PicoWBLEFreeRTOS.dir/P_/RaspberryPicoSDK/pico-sdk/lib/tinyusb/src/common/tusb_fifo.c.obj
                0x10006cac                tu_fifo_remaining
 .text.tu_fifo_read
                0x10006cd8       0x42 src/CMakeFiles/PicoWBLEFreeRTOS.dir/P_/RaspberryPicoSDK/pico-sdk/lib/tinyusb/src/common/tusb_fifo.c.obj
                0x10006cd8                tu_fifo_read
 .text.tu_fifo_read_n
                0x10006d1a        0xa src/CMakeFiles/PicoWBLEFreeRTOS.dir/P_/RaspberryPicoSDK/pico-sdk/lib/tinyusb/src/common/tusb_fifo.c.obj
                0x10006d1a                tu_fifo_read_n
 .text.tu_fifo_write
                0x10006d24       0x64 src/CMakeFiles/PicoWBLEFreeRTOS.dir/P_/RaspberryPicoSDK/pico-sdk/lib/tinyusb/src/common/tusb_fifo.c.obj
                0x10006d24                tu_fifo_write
 .text.tu_fifo_write_n
                0x10006d88        0xa src/CMakeFiles/PicoWBLEFreeRTOS.dir/P_/RaspberryPicoSDK/pico-sdk/lib/tinyusb/src/common/tusb_fifo.c.obj
                0x10006d88                tu_fifo_write_n
 .text.tu_fifo_clear
                0x10006d92       0x3e src/CMakeFiles/PicoWBLEFreeRTOS.dir/P_/RaspberryPicoSDK/pico-sdk/lib/tinyusb/src/common/tusb_fifo.c.obj
                0x10006d92                tu_fifo_clear
 .text.tu_fifo_set_overwritable
                0x10006dd0       0x46 src/CMakeFiles/PicoWBLEFreeRTOS.dir/P_/RaspberryPicoSDK/pico-sdk/lib/tinyusb/src/common/tusb_fifo.c.obj
                0x10006dd0                tu_fifo_set_overwritable
 *fill*         0x10006e16        0x2 
 .text.cyw43_arch_set_async_context
                0x10006e18        0xc src/CMakeFiles/PicoWBLEFreeRTOS.dir/P_/RaspberryPicoSDK/pico-sdk/src/rp2_common/pico_cyw43_arch/cyw43_arch.c.obj
                0x10006e18                cyw43_arch_set_async_context
 .text.cyw43_arch_gpio_put
                0x10006e24       0x14 src/CMakeFiles/PicoWBLEFreeRTOS.dir/P_/RaspberryPicoSDK/pico-sdk/src/rp2_common/pico_cyw43_arch/cyw43_arch.c.obj
                0x10006e24                cyw43_arch_gpio_put
 .text.cyw43_arch_async_context
                0x10006e38        0xc src/CMakeFiles/PicoWBLEFreeRTOS.dir/P_/RaspberryPicoSDK/pico-sdk/src/rp2_common/pico_cyw43_arch/cyw43_arch.c.obj
                0x10006e38                cyw43_arch_async_context
 .text.cyw43_arch_init_default_async_context
                0x10006e44       0x20 src/CMakeFiles/PicoWBLEFreeRTOS.dir/P_/RaspberryPicoSDK/pico-sdk/src/rp2_common/pico_cyw43_arch/cyw43_arch_threadsafe_background.c.obj
                0x10006e44                cyw43_arch_init_default_async_context
 .text.cyw43_arch_deinit
                0x10006e64       0x28 src/CMakeFiles/PicoWBLEFreeRTOS.dir/P_/RaspberryPicoSDK/pico-sdk/src/rp2_common/pico_cyw43_arch/cyw43_arch_threadsafe_background.c.obj
                0x10006e64                cyw43_arch_deinit
 .text.cyw43_arch_init
                0x10006e8c       0x36 src/CMakeFiles/PicoWBLEFreeRTOS.dir/P_/RaspberryPicoSDK/pico-sdk/src/rp2_common/pico_cyw43_arch/cyw43_arch_threadsafe_background.c.obj
                0x10006e8c                cyw43_arch_init
 .text.cs_set   0x10006ec2       0x1c src/CMakeFiles/PicoWBLEFreeRTOS.dir/P_/RaspberryPicoSDK/pico-sdk/src/rp2_common/pico_cyw43_driver/cyw43_bus_pio_spi.c.obj
 *fill*         0x10006ede        0x2 
 .text.start_spi_comms
                0x10006ee0       0x2c src/CMakeFiles/PicoWBLEFreeRTOS.dir/P_/RaspberryPicoSDK/pico-sdk/src/rp2_common/pico_cyw43_driver/cyw43_bus_pio_spi.c.obj
 .text.ns_delay
                0x10006f0c       0x20 src/CMakeFiles/PicoWBLEFreeRTOS.dir/P_/RaspberryPicoSDK/pico-sdk/src/rp2_common/pico_cyw43_driver/cyw43_bus_pio_spi.c.obj
 .text.stop_spi_comms
                0x10006f2c       0x10 src/CMakeFiles/PicoWBLEFreeRTOS.dir/P_/RaspberryPicoSDK/pico-sdk/src/rp2_common/pico_cyw43_driver/cyw43_bus_pio_spi.c.obj
 .text.cyw43_spi_deinit
                0x10006f3c       0x74 src/CMakeFiles/PicoWBLEFreeRTOS.dir/P_/RaspberryPicoSDK/pico-sdk/src/rp2_common/pico_cyw43_driver/cyw43_bus_pio_spi.c.obj
                0x10006f3c                cyw43_spi_deinit
 .text.cyw43_spi_init
                0x10006fb0      0x284 src/CMakeFiles/PicoWBLEFreeRTOS.dir/P_/RaspberryPicoSDK/pico-sdk/src/rp2_common/pico_cyw43_driver/cyw43_bus_pio_spi.c.obj
                0x10006fb0                cyw43_spi_init
 .text.cyw43_spi_transfer
                0x10007234      0x694 src/CMakeFiles/PicoWBLEFreeRTOS.dir/P_/RaspberryPicoSDK/pico-sdk/src/rp2_common/pico_cyw43_driver/cyw43_bus_pio_spi.c.obj
                0x10007234                cyw43_spi_transfer
 .text.cyw43_spi_gpio_setup
                0x100078c8       0x3a src/CMakeFiles/PicoWBLEFreeRTOS.dir/P_/RaspberryPicoSDK/pico-sdk/src/rp2_common/pico_cyw43_driver/cyw43_bus_pio_spi.c.obj
                0x100078c8                cyw43_spi_gpio_setup
 .text.cyw43_spi_reset
                0x10007902       0x28 src/CMakeFiles/PicoWBLEFreeRTOS.dir/P_/RaspberryPicoSDK/pico-sdk/src/rp2_common/pico_cyw43_driver/cyw43_bus_pio_spi.c.obj
                0x10007902                cyw43_spi_reset
 *fill*         0x1000792a        0x2 
 .text.read_reg_u32_swap
                0x1000792c       0x68 src/CMakeFiles/PicoWBLEFreeRTOS.dir/P_/RaspberryPicoSDK/pico-sdk/src/rp2_common/pico_cyw43_driver/cyw43_bus_pio_spi.c.obj
                0x1000792c                read_reg_u32_swap
 .text.cyw43_read_reg_u32
                0x10007994       0x54 src/CMakeFiles/PicoWBLEFreeRTOS.dir/P_/RaspberryPicoSDK/pico-sdk/src/rp2_common/pico_cyw43_driver/cyw43_bus_pio_spi.c.obj
                0x10007994                cyw43_read_reg_u32
 .text.cyw43_read_reg_u16
                0x100079e8       0x54 src/CMakeFiles/PicoWBLEFreeRTOS.dir/P_/RaspberryPicoSDK/pico-sdk/src/rp2_common/pico_cyw43_driver/cyw43_bus_pio_spi.c.obj
                0x100079e8                cyw43_read_reg_u16
 .text.cyw43_read_reg_u8
                0x10007a3c       0x54 src/CMakeFiles/PicoWBLEFreeRTOS.dir/P_/RaspberryPicoSDK/pico-sdk/src/rp2_common/pico_cyw43_driver/cyw43_bus_pio_spi.c.obj
                0x10007a3c                cyw43_read_reg_u8
 .text.write_reg_u32_swap
                0x10007a90       0x34 src/CMakeFiles/PicoWBLEFreeRTOS.dir/P_/RaspberryPicoSDK/pico-sdk/src/rp2_common/pico_cyw43_driver/cyw43_bus_pio_spi.c.obj
                0x10007a90                write_reg_u32_swap
 .text.cyw43_write_reg_u32
                0x10007ac4       0x58 src/CMakeFiles/PicoWBLEFreeRTOS.dir/P_/RaspberryPicoSDK/pico-sdk/src/rp2_common/pico_cyw43_driver/cyw43_bus_pio_spi.c.obj
                0x10007ac4                cyw43_write_reg_u32
 .text.cyw43_write_reg_u16
                0x10007b1c       0x58 src/CMakeFiles/PicoWBLEFreeRTOS.dir/P_/RaspberryPicoSDK/pico-sdk/src/rp2_common/pico_cyw43_driver/cyw43_bus_pio_spi.c.obj
                0x10007b1c                cyw43_write_reg_u16
 .text.cyw43_write_reg_u8
                0x10007b74       0x58 src/CMakeFiles/PicoWBLEFreeRTOS.dir/P_/RaspberryPicoSDK/pico-sdk/src/rp2_common/pico_cyw43_driver/cyw43_bus_pio_spi.c.obj
                0x10007b74                cyw43_write_reg_u8
 .text.cyw43_read_bytes
                0x10007bcc      0x104 src/CMakeFiles/PicoWBLEFreeRTOS.dir/P_/RaspberryPicoSDK/pico-sdk/src/rp2_common/pico_cyw43_driver/cyw43_bus_pio_spi.c.obj
                0x10007bcc                cyw43_read_bytes
 .text.cyw43_write_bytes
                0x10007cd0      0x128 src/CMakeFiles/PicoWBLEFreeRTOS.dir/P_/RaspberryPicoSDK/pico-sdk/src/rp2_common/pico_cyw43_driver/cyw43_bus_pio_spi.c.obj
                0x10007cd0                cyw43_write_bytes
 .text.get_core_address
                0x10007df8       0x1c src/CMakeFiles/PicoWBLEFreeRTOS.dir/P_/RaspberryPicoSDK/pico-sdk/lib/cyw43-driver/src/cyw43_ll.c.obj
 .text.sdpcm_process_rx_packet
                0x10007e14      0x180 src/CMakeFiles/PicoWBLEFreeRTOS.dir/P_/RaspberryPicoSDK/pico-sdk/lib/cyw43-driver/src/cyw43_ll.c.obj
 .text.cyw43_ll_wifi_parse_scan_result
                0x10007f94       0x9c src/CMakeFiles/PicoWBLEFreeRTOS.dir/P_/RaspberryPicoSDK/pico-sdk/lib/cyw43-driver/src/cyw43_ll.c.obj
 .text.cyw43_ll_parse_async_event
                0x10008030       0x8e src/CMakeFiles/PicoWBLEFreeRTOS.dir/P_/RaspberryPicoSDK/pico-sdk/lib/cyw43-driver/src/cyw43_ll.c.obj
 *fill*         0x100080be        0x2 
 .text.cyw43_kso_set
                0x100080c0       0x98 src/CMakeFiles/PicoWBLEFreeRTOS.dir/P_/RaspberryPicoSDK/pico-sdk/lib/cyw43-driver/src/cyw43_ll.c.obj
 .text.cyw43_ll_bus_sleep_helper
                0x10008158        0xe src/CMakeFiles/PicoWBLEFreeRTOS.dir/P_/RaspberryPicoSDK/pico-sdk/lib/cyw43-driver/src/cyw43_ll.c.obj
 *fill*         0x10008166        0x2 
 .text.cyw43_read_reg
                0x10008168       0x48 src/CMakeFiles/PicoWBLEFreeRTOS.dir/P_/RaspberryPicoSDK/pico-sdk/lib/cyw43-driver/src/cyw43_ll.c.obj
 .text.cyw43_write_reg
                0x100081b0       0x4c src/CMakeFiles/PicoWBLEFreeRTOS.dir/P_/RaspberryPicoSDK/pico-sdk/lib/cyw43-driver/src/cyw43_ll.c.obj
 .text.cyw43_set_backplane_window
                0x100081fc       0x74 src/CMakeFiles/PicoWBLEFreeRTOS.dir/P_/RaspberryPicoSDK/pico-sdk/lib/cyw43-driver/src/cyw43_ll.c.obj
 .text.cyw43_read_backplane
                0x10008270       0x30 src/CMakeFiles/PicoWBLEFreeRTOS.dir/P_/RaspberryPicoSDK/pico-sdk/lib/cyw43-driver/src/cyw43_ll.c.obj
 .text.disable_device_core
                0x100082a0       0x3c src/CMakeFiles/PicoWBLEFreeRTOS.dir/P_/RaspberryPicoSDK/pico-sdk/lib/cyw43-driver/src/cyw43_ll.c.obj
 .text.device_core_is_up
                0x100082dc       0x4c src/CMakeFiles/PicoWBLEFreeRTOS.dir/P_/RaspberryPicoSDK/pico-sdk/lib/cyw43-driver/src/cyw43_ll.c.obj
 .text.cyw43_write_backplane
                0x10008328       0x34 src/CMakeFiles/PicoWBLEFreeRTOS.dir/P_/RaspberryPicoSDK/pico-sdk/lib/cyw43-driver/src/cyw43_ll.c.obj
 .text.reset_device_core
                0x1000835c       0x74 src/CMakeFiles/PicoWBLEFreeRTOS.dir/P_/RaspberryPicoSDK/pico-sdk/lib/cyw43-driver/src/cyw43_ll.c.obj
 .text.cyw43_download_resource
                0x100083d0      0x17c src/CMakeFiles/PicoWBLEFreeRTOS.dir/P_/RaspberryPicoSDK/pico-sdk/lib/cyw43-driver/src/cyw43_ll.c.obj
 .text.cyw43_ll_init
                0x1000854c       0x20 src/CMakeFiles/PicoWBLEFreeRTOS.dir/P_/RaspberryPicoSDK/pico-sdk/lib/cyw43-driver/src/cyw43_ll.c.obj
                0x1000854c                cyw43_ll_init
 .text.cyw43_ll_deinit
                0x1000856c        0x8 src/CMakeFiles/PicoWBLEFreeRTOS.dir/P_/RaspberryPicoSDK/pico-sdk/lib/cyw43-driver/src/cyw43_ll.c.obj
                0x1000856c                cyw43_ll_deinit
 .text.cyw43_ll_bus_sleep
                0x10008574       0x34 src/CMakeFiles/PicoWBLEFreeRTOS.dir/P_/RaspberryPicoSDK/pico-sdk/lib/cyw43-driver/src/cyw43_ll.c.obj
                0x10008574                cyw43_ll_bus_sleep
 .text.cyw43_ll_sdpcm_poll_device
                0x100085a8      0x158 src/CMakeFiles/PicoWBLEFreeRTOS.dir/P_/RaspberryPicoSDK/pico-sdk/lib/cyw43-driver/src/cyw43_ll.c.obj
 .text.cyw43_ll_process_packets
                0x10008700       0x5c src/CMakeFiles/PicoWBLEFreeRTOS.dir/P_/RaspberryPicoSDK/pico-sdk/lib/cyw43-driver/src/cyw43_ll.c.obj
                0x10008700                cyw43_ll_process_packets
 .text.cyw43_sdpcm_send_common
                0x1000875c      0x104 src/CMakeFiles/PicoWBLEFreeRTOS.dir/P_/RaspberryPicoSDK/pico-sdk/lib/cyw43-driver/src/cyw43_ll.c.obj
 .text.cyw43_send_ioctl
                0x10008860       0x56 src/CMakeFiles/PicoWBLEFreeRTOS.dir/P_/RaspberryPicoSDK/pico-sdk/lib/cyw43-driver/src/cyw43_ll.c.obj
 *fill*         0x100088b6        0x2 
 .text.cyw43_do_ioctl
                0x100088b8       0xc0 src/CMakeFiles/PicoWBLEFreeRTOS.dir/P_/RaspberryPicoSDK/pico-sdk/lib/cyw43-driver/src/cyw43_ll.c.obj
 .text.cyw43_ll_ioctl
                0x10008978       0x1e src/CMakeFiles/PicoWBLEFreeRTOS.dir/P_/RaspberryPicoSDK/pico-sdk/lib/cyw43-driver/src/cyw43_ll.c.obj
                0x10008978                cyw43_ll_ioctl
 *fill*         0x10008996        0x2 
 .text.cyw43_clm_load
                0x10008998       0xdc src/CMakeFiles/PicoWBLEFreeRTOS.dir/P_/RaspberryPicoSDK/pico-sdk/lib/cyw43-driver/src/cyw43_ll.c.obj
 .text.cyw43_write_iovar_u32
                0x10008a74       0x60 src/CMakeFiles/PicoWBLEFreeRTOS.dir/P_/RaspberryPicoSDK/pico-sdk/lib/cyw43-driver/src/cyw43_ll.c.obj
 .text.cyw43_write_iovar_n
                0x10008ad4       0x50 src/CMakeFiles/PicoWBLEFreeRTOS.dir/P_/RaspberryPicoSDK/pico-sdk/lib/cyw43-driver/src/cyw43_ll.c.obj
 .text.cyw43_set_ioctl_u32
                0x10008b24       0x30 src/CMakeFiles/PicoWBLEFreeRTOS.dir/P_/RaspberryPicoSDK/pico-sdk/lib/cyw43-driver/src/cyw43_ll.c.obj
 .text.cyw43_write_iovar_u32_u32
                0x10008b54       0x74 src/CMakeFiles/PicoWBLEFreeRTOS.dir/P_/RaspberryPicoSDK/pico-sdk/lib/cyw43-driver/src/cyw43_ll.c.obj
 .text.cyw43_ll_wifi_get_mac
                0x10008bc8       0x48 src/CMakeFiles/PicoWBLEFreeRTOS.dir/P_/RaspberryPicoSDK/pico-sdk/lib/cyw43-driver/src/cyw43_ll.c.obj
                0x10008bc8                cyw43_ll_wifi_get_mac
 .text.cyw43_ll_bus_init
                0x10008c10      0x360 src/CMakeFiles/PicoWBLEFreeRTOS.dir/P_/RaspberryPicoSDK/pico-sdk/lib/cyw43-driver/src/cyw43_ll.c.obj
                0x10008c10                cyw43_ll_bus_init
 .text.cyw43_ll_wifi_set_wpa_auth
                0x10008f70        0xe src/CMakeFiles/PicoWBLEFreeRTOS.dir/P_/RaspberryPicoSDK/pico-sdk/lib/cyw43-driver/src/cyw43_ll.c.obj
                0x10008f70                cyw43_ll_wifi_set_wpa_auth
 *fill*         0x10008f7e        0x2 
 .text.cyw43_ll_wifi_rejoin
                0x10008f80       0x20 src/CMakeFiles/PicoWBLEFreeRTOS.dir/P_/RaspberryPicoSDK/pico-sdk/lib/cyw43-driver/src/cyw43_ll.c.obj
                0x10008f80                cyw43_ll_wifi_rejoin
 .text.cyw43_ll_gpio_set
                0x10008fa0       0x30 src/CMakeFiles/PicoWBLEFreeRTOS.dir/P_/RaspberryPicoSDK/pico-sdk/lib/cyw43-driver/src/cyw43_ll.c.obj
                0x10008fa0                cyw43_ll_gpio_set
 .text.cyw43_ll_has_work
                0x10008fd0       0x12 src/CMakeFiles/PicoWBLEFreeRTOS.dir/P_/RaspberryPicoSDK/pico-sdk/lib/cyw43-driver/src/cyw43_ll.c.obj
                0x10008fd0                cyw43_ll_has_work
 *fill*         0x10008fe2        0x2 
 .text.cyw43_poll_func
                0x10008fe4       0xb0 src/CMakeFiles/PicoWBLEFreeRTOS.dir/P_/RaspberryPicoSDK/pico-sdk/lib/cyw43-driver/src/cyw43_ctrl.c.obj
 .text.cyw43_dump_async_event
                0x10009094       0x8c src/CMakeFiles/PicoWBLEFreeRTOS.dir/P_/RaspberryPicoSDK/pico-sdk/lib/cyw43-driver/src/cyw43_ctrl.c.obj
 .text.cyw43_ensure_up
                0x10009120       0xec src/CMakeFiles/PicoWBLEFreeRTOS.dir/P_/RaspberryPicoSDK/pico-sdk/lib/cyw43-driver/src/cyw43_ctrl.c.obj
 .text.cyw43_init
                0x1000920c       0x8c src/CMakeFiles/PicoWBLEFreeRTOS.dir/P_/RaspberryPicoSDK/pico-sdk/lib/cyw43-driver/src/cyw43_ctrl.c.obj
                0x1000920c                cyw43_init
 .text.cyw43_deinit
                0x10009298       0x3c src/CMakeFiles/PicoWBLEFreeRTOS.dir/P_/RaspberryPicoSDK/pico-sdk/lib/cyw43-driver/src/cyw43_ctrl.c.obj
                0x10009298                cyw43_deinit
 .text.cyw43_cb_read_host_interrupt_pin
                0x100092d4        0xe src/CMakeFiles/PicoWBLEFreeRTOS.dir/P_/RaspberryPicoSDK/pico-sdk/lib/cyw43-driver/src/cyw43_ctrl.c.obj
                0x100092d4                cyw43_cb_read_host_interrupt_pin
 *fill*         0x100092e2        0x2 
 .text.cyw43_cb_ensure_awake
                0x100092e4        0xc src/CMakeFiles/PicoWBLEFreeRTOS.dir/P_/RaspberryPicoSDK/pico-sdk/lib/cyw43-driver/src/cyw43_ctrl.c.obj
                0x100092e4                cyw43_cb_ensure_awake
 .text.cyw43_cb_process_async_event
                0x100092f0      0x1b8 src/CMakeFiles/PicoWBLEFreeRTOS.dir/P_/RaspberryPicoSDK/pico-sdk/lib/cyw43-driver/src/cyw43_ctrl.c.obj
                0x100092f0                cyw43_cb_process_async_event
 .text.cyw43_gpio_set
                0x100094a8       0x30 src/CMakeFiles/PicoWBLEFreeRTOS.dir/P_/RaspberryPicoSDK/pico-sdk/lib/cyw43-driver/src/cyw43_ctrl.c.obj
                0x100094a8                cyw43_gpio_set
 .text._pio_can_add_program_at_offset
                0x100094d8       0x3c src/CMakeFiles/PicoWBLEFreeRTOS.dir/P_/RaspberryPicoSDK/pico-sdk/src/rp2_common/hardware_pio/pio.c.obj
 .text._pio_find_offset_for_program
                0x10009514       0x7c src/CMakeFiles/PicoWBLEFreeRTOS.dir/P_/RaspberryPicoSDK/pico-sdk/src/rp2_common/hardware_pio/pio.c.obj
 .text._pio_add_program_at_offset
                0x10009590       0x78 src/CMakeFiles/PicoWBLEFreeRTOS.dir/P_/RaspberryPicoSDK/pico-sdk/src/rp2_common/hardware_pio/pio.c.obj
 .text.pio_sm_unclaim
                0x10009608       0x20 src/CMakeFiles/PicoWBLEFreeRTOS.dir/P_/RaspberryPicoSDK/pico-sdk/src/rp2_common/hardware_pio/pio.c.obj
                0x10009608                pio_sm_unclaim
 .text.pio_claim_unused_sm
                0x10009628       0x3c src/CMakeFiles/PicoWBLEFreeRTOS.dir/P_/RaspberryPicoSDK/pico-sdk/src/rp2_common/hardware_pio/pio.c.obj
                0x10009628                pio_claim_unused_sm
 .text.pio_can_add_program
                0x10009664       0x26 src/CMakeFiles/PicoWBLEFreeRTOS.dir/P_/RaspberryPicoSDK/pico-sdk/src/rp2_common/hardware_pio/pio.c.obj
                0x10009664                pio_can_add_program
 *fill*         0x1000968a        0x2 
 .text.pio_add_program
                0x1000968c       0x38 src/CMakeFiles/PicoWBLEFreeRTOS.dir/P_/RaspberryPicoSDK/pico-sdk/src/rp2_common/hardware_pio/pio.c.obj
                0x1000968c                pio_add_program
 .text.pio_remove_program
                0x100096c4       0x58 src/CMakeFiles/PicoWBLEFreeRTOS.dir/P_/RaspberryPicoSDK/pico-sdk/src/rp2_common/hardware_pio/pio.c.obj
                0x100096c4                pio_remove_program
 .text.pio_sm_set_pindirs_with_mask
                0x1000971c       0x9c src/CMakeFiles/PicoWBLEFreeRTOS.dir/P_/RaspberryPicoSDK/pico-sdk/src/rp2_common/hardware_pio/pio.c.obj
                0x1000971c                pio_sm_set_pindirs_with_mask
 .text.pio_sm_set_consecutive_pindirs
                0x100097b8       0xa4 src/CMakeFiles/PicoWBLEFreeRTOS.dir/P_/RaspberryPicoSDK/pico-sdk/src/rp2_common/hardware_pio/pio.c.obj
                0x100097b8                pio_sm_set_consecutive_pindirs
 .text.dma_channel_unclaim
                0x1000985c       0x10 src/CMakeFiles/PicoWBLEFreeRTOS.dir/P_/RaspberryPicoSDK/pico-sdk/src/rp2_common/hardware_dma/dma.c.obj
                0x1000985c                dma_channel_unclaim
 .text.dma_claim_unused_channel
                0x1000986c       0x20 src/CMakeFiles/PicoWBLEFreeRTOS.dir/P_/RaspberryPicoSDK/pico-sdk/src/rp2_common/hardware_dma/dma.c.obj
                0x1000986c                dma_claim_unused_channel
 .text.dma_channel_cleanup
                0x1000988c       0x5c src/CMakeFiles/PicoWBLEFreeRTOS.dir/P_/RaspberryPicoSDK/pico-sdk/src/rp2_common/hardware_dma/dma.c.obj
                0x1000988c                dma_channel_cleanup
 .text.exception_is_compile_time_default
                0x100098e8       0x20 src/CMakeFiles/PicoWBLEFreeRTOS.dir/P_/RaspberryPicoSDK/pico-sdk/src/rp2_common/hardware_exception/exception.c.obj
 .text.set_raw_exception_handler_and_restore_interrupts
                0x10009908       0x18 src/CMakeFiles/PicoWBLEFreeRTOS.dir/P_/RaspberryPicoSDK/pico-sdk/src/rp2_common/hardware_exception/exception.c.obj
 .text.exception_get_vtable_handler
                0x10009920       0x10 src/CMakeFiles/PicoWBLEFreeRTOS.dir/P_/RaspberryPicoSDK/pico-sdk/src/rp2_common/hardware_exception/exception.c.obj
                0x10009920                exception_get_vtable_handler
 .text.exception_set_exclusive_handler
                0x10009930       0x44 src/CMakeFiles/PicoWBLEFreeRTOS.dir/P_/RaspberryPicoSDK/pico-sdk/src/rp2_common/hardware_exception/exception.c.obj
                0x10009930                exception_set_exclusive_handler
 .text.cyw43_sleep_timeout_reached
                0x10009974       0x50 src/CMakeFiles/PicoWBLEFreeRTOS.dir/P_/RaspberryPicoSDK/pico-sdk/src/rp2_common/pico_cyw43_driver/cyw43_driver.c.obj
 .text.cyw43_set_irq_enabled
                0x100099c4        0xe src/CMakeFiles/PicoWBLEFreeRTOS.dir/P_/RaspberryPicoSDK/pico-sdk/src/rp2_common/pico_cyw43_driver/cyw43_driver.c.obj
 *fill*         0x100099d2        0x2 
 .text.cyw43_irq_init
                0x100099d4       0x50 src/CMakeFiles/PicoWBLEFreeRTOS.dir/P_/RaspberryPicoSDK/pico-sdk/src/rp2_common/pico_cyw43_driver/cyw43_driver.c.obj
                0x100099d4                cyw43_irq_init
 .text.cyw43_gpio_irq_handler
                0x10009a24       0x40 src/CMakeFiles/PicoWBLEFreeRTOS.dir/P_/RaspberryPicoSDK/pico-sdk/src/rp2_common/pico_cyw43_driver/cyw43_driver.c.obj
 .text.cyw43_irq_deinit
                0x10009a64       0x48 src/CMakeFiles/PicoWBLEFreeRTOS.dir/P_/RaspberryPicoSDK/pico-sdk/src/rp2_common/pico_cyw43_driver/cyw43_driver.c.obj
                0x10009a64                cyw43_irq_deinit
 .text.no_lwip_fail
                0x10009aac        0xc src/CMakeFiles/PicoWBLEFreeRTOS.dir/P_/RaspberryPicoSDK/pico-sdk/src/rp2_common/pico_cyw43_driver/cyw43_driver.c.obj
 .text.cyw43_do_poll
                0x10009ab8       0xc8 src/CMakeFiles/PicoWBLEFreeRTOS.dir/P_/RaspberryPicoSDK/pico-sdk/src/rp2_common/pico_cyw43_driver/cyw43_driver.c.obj
 .text.cyw43_post_poll_hook
                0x10009b80       0x38 src/CMakeFiles/PicoWBLEFreeRTOS.dir/P_/RaspberryPicoSDK/pico-sdk/src/rp2_common/pico_cyw43_driver/cyw43_driver.c.obj
                0x10009b80                cyw43_post_poll_hook
 .text.cyw43_schedule_internal_poll_dispatch
                0x10009bb8       0x3c src/CMakeFiles/PicoWBLEFreeRTOS.dir/P_/RaspberryPicoSDK/pico-sdk/src/rp2_common/pico_cyw43_driver/cyw43_driver.c.obj
                0x10009bb8                cyw43_schedule_internal_poll_dispatch
 .text.cyw43_driver_init
                0x10009bf4       0x38 src/CMakeFiles/PicoWBLEFreeRTOS.dir/P_/RaspberryPicoSDK/pico-sdk/src/rp2_common/pico_cyw43_driver/cyw43_driver.c.obj
                0x10009bf4                cyw43_driver_init
 .text.cyw43_driver_deinit
                0x10009c2c       0x64 src/CMakeFiles/PicoWBLEFreeRTOS.dir/P_/RaspberryPicoSDK/pico-sdk/src/rp2_common/pico_cyw43_driver/cyw43_driver.c.obj
                0x10009c2c                cyw43_driver_deinit
 .text.storage_read_blocks
                0x10009c90        0x6 src/CMakeFiles/PicoWBLEFreeRTOS.dir/P_/RaspberryPicoSDK/pico-sdk/src/rp2_common/pico_cyw43_driver/cyw43_driver.c.obj
                0x10009c90                storage_read_blocks
 *fill*         0x10009c96        0x2 
 .text.cyw43_hal_generate_laa_mac
                0x10009c98       0x34 src/CMakeFiles/PicoWBLEFreeRTOS.dir/P_/RaspberryPicoSDK/pico-sdk/src/rp2_common/pico_cyw43_driver/cyw43_driver.c.obj
                0x10009c98                cyw43_hal_generate_laa_mac
 .text.cyw43_thread_enter
                0x10009ccc       0x14 src/CMakeFiles/PicoWBLEFreeRTOS.dir/P_/RaspberryPicoSDK/pico-sdk/src/rp2_common/pico_cyw43_driver/cyw43_driver.c.obj
                0x10009ccc                cyw43_thread_enter
 .text.cyw43_thread_exit
                0x10009ce0       0x14 src/CMakeFiles/PicoWBLEFreeRTOS.dir/P_/RaspberryPicoSDK/pico-sdk/src/rp2_common/pico_cyw43_driver/cyw43_driver.c.obj
                0x10009ce0                cyw43_thread_exit
 .text.cyw43_thread_lock_check
                0x10009cf4       0x14 src/CMakeFiles/PicoWBLEFreeRTOS.dir/P_/RaspberryPicoSDK/pico-sdk/src/rp2_common/pico_cyw43_driver/cyw43_driver.c.obj
                0x10009cf4                cyw43_thread_lock_check
 .text.cyw43_await_background_or_timeout_us
                0x10009d08       0x60 src/CMakeFiles/PicoWBLEFreeRTOS.dir/P_/RaspberryPicoSDK/pico-sdk/src/rp2_common/pico_cyw43_driver/cyw43_driver.c.obj
                0x10009d08                cyw43_await_background_or_timeout_us
 .text.cyw43_delay_ms
                0x10009d68       0x70 src/CMakeFiles/PicoWBLEFreeRTOS.dir/P_/RaspberryPicoSDK/pico-sdk/src/rp2_common/pico_cyw43_driver/cyw43_driver.c.obj
                0x10009d68                cyw43_delay_ms
 .text.cyw43_cb_tcpip_deinit
                0x10009dd8        0x2 src/CMakeFiles/PicoWBLEFreeRTOS.dir/P_/RaspberryPicoSDK/pico-sdk/src/rp2_common/pico_cyw43_driver/cyw43_driver.c.obj
                0x10009dd8                cyw43_cb_tcpip_deinit
 .text.cyw43_cb_tcpip_set_link_up
                0x10009dda        0x6 src/CMakeFiles/PicoWBLEFreeRTOS.dir/P_/RaspberryPicoSDK/pico-sdk/src/rp2_common/pico_cyw43_driver/cyw43_driver.c.obj
                0x10009dda                cyw43_cb_tcpip_set_link_up
 .text.cyw43_cb_tcpip_set_link_down
                0x10009de0        0x6 src/CMakeFiles/PicoWBLEFreeRTOS.dir/P_/RaspberryPicoSDK/pico-sdk/src/rp2_common/pico_cyw43_driver/cyw43_driver.c.obj
                0x10009de0                cyw43_cb_tcpip_set_link_down
 .text.cyw43_cb_process_ethernet
                0x10009de6        0x6 src/CMakeFiles/PicoWBLEFreeRTOS.dir/P_/RaspberryPicoSDK/pico-sdk/src/rp2_common/pico_cyw43_driver/cyw43_driver.c.obj
                0x10009de6                cyw43_cb_process_ethernet
 .text.handle_sync_func_call
                0x10009dec       0x22 src/CMakeFiles/PicoWBLEFreeRTOS.dir/P_/RaspberryPicoSDK/pico-sdk/src/rp2_common/pico_async_context/async_context_threadsafe_background.c.obj
 .text.async_context_threadsafe_background_acquire_lock_blocking
                0x10009e0e        0xa src/CMakeFiles/PicoWBLEFreeRTOS.dir/P_/RaspberryPicoSDK/pico-sdk/src/rp2_common/pico_async_context/async_context_threadsafe_background.c.obj
 .text.async_context_threadsafe_background_lock_check
                0x10009e18       0x24 src/CMakeFiles/PicoWBLEFreeRTOS.dir/P_/RaspberryPicoSDK/pico-sdk/src/rp2_common/pico_async_context/async_context_threadsafe_background.c.obj
 .text.process_under_lock
                0x10009e3c       0xfc src/CMakeFiles/PicoWBLEFreeRTOS.dir/P_/RaspberryPicoSDK/pico-sdk/src/rp2_common/pico_async_context/async_context_threadsafe_background.c.obj
 .text.low_prio_irq_deinit
                0x10009f38       0x50 src/CMakeFiles/PicoWBLEFreeRTOS.dir/P_/RaspberryPicoSDK/pico-sdk/src/rp2_common/pico_async_context/async_context_threadsafe_background.c.obj
 .text.async_context_threadsafe_background_deinit
                0x10009f88       0x68 src/CMakeFiles/PicoWBLEFreeRTOS.dir/P_/RaspberryPicoSDK/pico-sdk/src/rp2_common/pico_async_context/async_context_threadsafe_background.c.obj
 .text.low_priority_irq_handler
                0x10009ff0       0x78 src/CMakeFiles/PicoWBLEFreeRTOS.dir/P_/RaspberryPicoSDK/pico-sdk/src/rp2_common/pico_async_context/async_context_threadsafe_background.c.obj
 .text.async_context_threadsafe_background_wait_for_work_until
                0x1000a068        0xa src/CMakeFiles/PicoWBLEFreeRTOS.dir/P_/RaspberryPicoSDK/pico-sdk/src/rp2_common/pico_async_context/async_context_threadsafe_background.c.obj
 .text.async_context_threadsafe_background_wait_until
                0x1000a072       0x1a src/CMakeFiles/PicoWBLEFreeRTOS.dir/P_/RaspberryPicoSDK/pico-sdk/src/rp2_common/pico_async_context/async_context_threadsafe_background.c.obj
 .text.low_prio_irq_init
                0x1000a08c       0x80 src/CMakeFiles/PicoWBLEFreeRTOS.dir/P_/RaspberryPicoSDK/pico-sdk/src/rp2_common/pico_async_context/async_context_threadsafe_background.c.obj
 .text.async_context_threadsafe_background_wake_up
                0x1000a10c       0x4c src/CMakeFiles/PicoWBLEFreeRTOS.dir/P_/RaspberryPicoSDK/pico-sdk/src/rp2_common/pico_async_context/async_context_threadsafe_background.c.obj
 .text.lock_release
                0x1000a158       0x42 src/CMakeFiles/PicoWBLEFreeRTOS.dir/P_/RaspberryPicoSDK/pico-sdk/src/rp2_common/pico_async_context/async_context_threadsafe_background.c.obj
 *fill*         0x1000a19a        0x2 
 .text.async_context_threadsafe_background_execute_sync
                0x1000a19c       0x84 src/CMakeFiles/PicoWBLEFreeRTOS.dir/P_/RaspberryPicoSDK/pico-sdk/src/rp2_common/pico_async_context/async_context_threadsafe_background.c.obj
                0x1000a19c                async_context_threadsafe_background_execute_sync
 .text.async_context_threadsafe_background_release_lock
                0x1000a220        0x8 src/CMakeFiles/PicoWBLEFreeRTOS.dir/P_/RaspberryPicoSDK/pico-sdk/src/rp2_common/pico_async_context/async_context_threadsafe_background.c.obj
 .text.async_context_threadsafe_background_when_pending_worker
                0x1000a228       0x20 src/CMakeFiles/PicoWBLEFreeRTOS.dir/P_/RaspberryPicoSDK/pico-sdk/src/rp2_common/pico_async_context/async_context_threadsafe_background.c.obj
 .text.async_context_threadsafe_background_add_when_pending_worker
                0x1000a248       0x20 src/CMakeFiles/PicoWBLEFreeRTOS.dir/P_/RaspberryPicoSDK/pico-sdk/src/rp2_common/pico_async_context/async_context_threadsafe_background.c.obj
 .text.async_context_threadsafe_background_remove_at_time_worker
                0x1000a268       0x20 src/CMakeFiles/PicoWBLEFreeRTOS.dir/P_/RaspberryPicoSDK/pico-sdk/src/rp2_common/pico_async_context/async_context_threadsafe_background.c.obj
 .text.async_context_threadsafe_background_add_at_time_worker
                0x1000a288       0x20 src/CMakeFiles/PicoWBLEFreeRTOS.dir/P_/RaspberryPicoSDK/pico-sdk/src/rp2_common/pico_async_context/async_context_threadsafe_background.c.obj
 .text.alarm_handler
                0x1000a2a8       0x16 src/CMakeFiles/PicoWBLEFreeRTOS.dir/P_/RaspberryPicoSDK/pico-sdk/src/rp2_common/pico_async_context/async_context_threadsafe_background.c.obj
 .text.async_context_threadsafe_background_set_work_pending
                0x1000a2be        0xc src/CMakeFiles/PicoWBLEFreeRTOS.dir/P_/RaspberryPicoSDK/pico-sdk/src/rp2_common/pico_async_context/async_context_threadsafe_background.c.obj
 .text.async_context_threadsafe_background_default_config
                0x1000a2ca        0xa src/CMakeFiles/PicoWBLEFreeRTOS.dir/P_/RaspberryPicoSDK/pico-sdk/src/rp2_common/pico_async_context/async_context_threadsafe_background.c.obj
                0x1000a2ca                async_context_threadsafe_background_default_config
 .text.async_context_threadsafe_background_init
                0x1000a2d4       0x8c src/CMakeFiles/PicoWBLEFreeRTOS.dir/P_/RaspberryPicoSDK/pico-sdk/src/rp2_common/pico_async_context/async_context_threadsafe_background.c.obj
                0x1000a2d4                async_context_threadsafe_background_init
 .text.async_context_base_add_at_time_worker
                0x1000a360       0x1c src/CMakeFiles/PicoWBLEFreeRTOS.dir/P_/RaspberryPicoSDK/pico-sdk/src/rp2_common/pico_async_context/async_context_base.c.obj
                0x1000a360                async_context_base_add_at_time_worker
 .text.async_context_base_remove_at_time_worker