Archive member included to satisfy reference by file (symbol)

lib/OLED/libOLED.a(OLED_1in3_c.c.obj)
                              src/CMakeFiles/PicoWBLEFreeRTOS.dir/main.c.obj (OLED_1in3_C_Init)
lib/GUI/libGUI.a(GUI_Paint.c.obj)
                              src/CMakeFiles/PicoWBLEFreeRTOS.dir/main.c.obj (Paint_NewImage)
lib/Fonts/libFonts.a(font16.c.obj)
                              src/CMakeFiles/PicoWBLEFreeRTOS.dir/main.c.obj (Font16)
lib/Config/libConfig.a(DEV_Config.c.obj)
                              lib/OLED/libOLED.a(OLED_1in3_c.c.obj) (DEV_Digital_Write)
p:/raspberrypicosdk/gcc-arm-none-eabi/bin/../lib/gcc/arm-none-eabi/10.3.1/thumb/v6-m/nofp\libgcc.a(_dvmd_tls.o)
                              src/CMakeFiles/PicoWBLEFreeRTOS.dir/P_/RaspberryPicoSDK/pico-sdk/src/rp2_common/pico_divider/divider.S.obj (__aeabi_idiv0)
p:/raspberrypicosdk/gcc-arm-none-eabi/bin/../lib/gcc/arm-none-eabi/10.3.1/../../../../arm-none-eabi/lib/thumb/v6-m/nofp\libg.a(lib_a-calloc.o)
                              src/CMakeFiles/PicoWBLEFreeRTOS.dir/P_/RaspberryPicoSDK/pico-sdk/src/rp2_common/pico_malloc/pico_malloc.c.obj (calloc)
p:/raspberrypicosdk/gcc-arm-none-eabi/bin/../lib/gcc/arm-none-eabi/10.3.1/../../../../arm-none-eabi/lib/thumb/v6-m/nofp\libg.a(lib_a-callocr.o)
                              p:/raspberrypicosdk/gcc-arm-none-eabi/bin/../lib/gcc/arm-none-eabi/10.3.1/../../../../arm-none-eabi/lib/thumb/v6-m/nofp\libg.a(lib_a-calloc.o) (_calloc_r)
p:/raspberrypicosdk/gcc-arm-none-eabi/bin/../lib/gcc/arm-none-eabi/10.3.1/../../../../arm-none-eabi/lib/thumb/v6-m/nofp\libg.a(lib_a-errno.o)
                              p:/raspberrypicosdk/gcc-arm-none-eabi/bin/../lib/gcc/arm-none-eabi/10.3.1/../../../../arm-none-eabi/lib/thumb/v6-m/nofp\libg.a(lib_a-callocr.o) (__errno)
p:/raspberrypicosdk/gcc-arm-none-eabi/bin/../lib/gcc/arm-none-eabi/10.3.1/../../../../arm-none-eabi/lib/thumb/v6-m/nofp\libg.a(lib_a-impure.o)
                              p:/raspberrypicosdk/gcc-arm-none-eabi/bin/../lib/gcc/arm-none-eabi/10.3.1/../../../../arm-none-eabi/lib/thumb/v6-m/nofp\libg.a(lib_a-calloc.o) (_impure_ptr)
p:/raspberrypicosdk/gcc-arm-none-eabi/bin/../lib/gcc/arm-none-eabi/10.3.1/../../../../arm-none-eabi/lib/thumb/v6-m/nofp\libg.a(lib_a-init.o)
                              p:/raspberrypicosdk/gcc-arm-none-eabi/bin/../lib/gcc/arm-none-eabi/10.3.1/../../../../arm-none-eabi/lib/thumb/v6-m/nofp/crt0.o (__libc_init_array)
p:/raspberrypicosdk/gcc-arm-none-eabi/bin/../lib/gcc/arm-none-eabi/10.3.1/../../../../arm-none-eabi/lib/thumb/v6-m/nofp\libg.a(lib_a-malloc.o)
                              src/CMakeFiles/PicoWBLEFreeRTOS.dir/P_/RaspberryPicoSDK/pico-sdk/src/rp2_common/pico_malloc/pico_malloc.c.obj (malloc)
p:/raspberrypicosdk/gcc-arm-none-eabi/bin/../lib/gcc/arm-none-eabi/10.3.1/../../../../arm-none-eabi/lib/thumb/v6-m/nofp\libg.a(lib_a-mallocr.o)
                              p:/raspberrypicosdk/gcc-arm-none-eabi/bin/../lib/gcc/arm-none-eabi/10.3.1/../../../../arm-none-eabi/lib/thumb/v6-m/nofp\libg.a(lib_a-callocr.o) (_malloc_r)
p:/raspberrypicosdk/gcc-arm-none-eabi/bin/../lib/gcc/arm-none-eabi/10.3.1/../../../../arm-none-eabi/lib/thumb/v6-m/nofp\libg.a(lib_a-memcmp.o)
                              src/CMakeFiles/PicoWBLEFreeRTOS.dir/P_/RaspberryPicoSDK/pico-sdk/lib/cyw43-driver/src/cyw43_ll.c.obj (memcmp)
p:/raspberrypicosdk/gcc-arm-none-eabi/bin/../lib/gcc/arm-none-eabi/10.3.1/../../../../arm-none-eabi/lib/thumb/v6-m/nofp\libg.a(lib_a-memmove.o)
                              src/CMakeFiles/PicoWBLEFreeRTOS.dir/P_/RaspberryPicoSDK/pico-sdk/lib/cyw43-driver/src/cyw43_ll.c.obj (memmove)
p:/raspberrypicosdk/gcc-arm-none-eabi/bin/../lib/gcc/arm-none-eabi/10.3.1/../../../../arm-none-eabi/lib/thumb/v6-m/nofp\libg.a(lib_a-mlock.o)
                              p:/raspberrypicosdk/gcc-arm-none-eabi/bin/../lib/gcc/arm-none-eabi/10.3.1/../../../../arm-none-eabi/lib/thumb/v6-m/nofp\libg.a(lib_a-mallocr.o) (__malloc_lock)
p:/raspberrypicosdk/gcc-arm-none-eabi/bin/../lib/gcc/arm-none-eabi/10.3.1/../../../../arm-none-eabi/lib/thumb/v6-m/nofp\libg.a(lib_a-realloc.o)
                              src/CMakeFiles/PicoWBLEFreeRTOS.dir/P_/RaspberryPicoSDK/pico-sdk/src/rp2_common/pico_malloc/pico_malloc.c.obj (realloc)
p:/raspberrypicosdk/gcc-arm-none-eabi/bin/../lib/gcc/arm-none-eabi/10.3.1/../../../../arm-none-eabi/lib/thumb/v6-m/nofp\libg.a(lib_a-reallocr.o)
                              p:/raspberrypicosdk/gcc-arm-none-eabi/bin/../lib/gcc/arm-none-eabi/10.3.1/../../../../arm-none-eabi/lib/thumb/v6-m/nofp\libg.a(lib_a-realloc.o) (_realloc_r)
p:/raspberrypicosdk/gcc-arm-none-eabi/bin/../lib/gcc/arm-none-eabi/10.3.1/../../../../arm-none-eabi/lib/thumb/v6-m/nofp\libg.a(lib_a-sbrkr.o)
                              p:/raspberrypicosdk/gcc-arm-none-eabi/bin/../lib/gcc/arm-none-eabi/10.3.1/../../../../arm-none-eabi/lib/thumb/v6-m/nofp\libg.a(lib_a-mallocr.o) (_sbrk_r)
[...]
Memory Configuration

Name             Origin             Length             Attributes
FLASH            0x10000000         0x00200000         xr
RAM              0x20000000         0x00040000         xrw
SCRATCH_X        0x20040000         0x00001000         xrw
SCRATCH_Y        0x20041000         0x00001000         xrw
*default*        0x00000000         0xffffffff

Linker script and memory map

LOAD p:/raspberrypicosdk/gcc-arm-none-eabi/bin/../lib/gcc/arm-none-eabi/10.3.1/thumb/v6-m/nofp/crti.o
LOAD p:/raspberrypicosdk/gcc-arm-none-eabi/bin/../lib/gcc/arm-none-eabi/10.3.1/thumb/v6-m/nofp/crtbegin.o
LOAD p:/raspberrypicosdk/gcc-arm-none-eabi/bin/../lib/gcc/arm-none-eabi/10.3.1/../../../../arm-none-eabi/lib/thumb/v6-m/nofp/crt0.o

.flash_begin    0x10000000        0x0
                0x10000000                __flash_binary_start = .

.boot2          0x10000000      0x100
                0x10000000                __boot2_start__ = .
 *(.boot2)
 .boot2         0x10000000      0x100 C:\Users\noe\AppData\Local\Temp\ccuPzCyw.o
                0x10000100                __boot2_end__ = .
                0x00000001                ASSERT (((__boot2_end__ - __boot2_start__) == 0x100), ERROR: Pico second stage bootloader must be 256 bytes in size)

.text           0x10000100     0xf9c8
                0x10000100                __logical_binary_start = .
 *(.vectors)
 .vectors       0x10000100       0xd4 src/CMakeFiles/PicoWBLEFreeRTOS.dir/P_/RaspberryPicoSDK/pico-sdk/src/rp2_common/pico_standard_link/crt0.S.obj
                0x10000100                __VECTOR_TABLE
                0x10000100                __vectors
                0x100001c0                isr_invalid
                0x100001c0                __default_isrs_start
                0x100001c2                isr_nmi
                0x100001c4                isr_hardfault
                0x100001c6                isr_svcall
                0x100001c8                isr_pendsv
                0x100001ca                isr_systick
                0x100001cc                isr_irq23
                0x100001cc                isr_irq18
                0x100001cc                isr_irq11
                0x100001cc                isr_irq28
                0x100001cc                isr_irq19
                0x100001cc                isr_irq0
                0x100001cc                isr_irq6
                0x100001cc                isr_irq5
                0x100001cc                isr_irq12
                0x100001cc                isr_irq22
                0x100001cc                isr_irq31
                0x100001cc                isr_irq17
                0x100001cc                isr_irq27
                0x100001cc                isr_irq30
                0x100001cc                isr_irq2
                0x100001cc                isr_irq10
                0x100001cc                isr_irq8
                0x100001cc                isr_irq24
                0x100001cc                isr_irq1
                0x100001cc                isr_irq7
                0x100001cc                isr_irq21
                0x100001cc                isr_irq20
                0x100001cc                isr_irq15
                0x100001cc                isr_irq25
                0x100001cc                isr_irq13
                0x100001cc                __unhandled_user_irq
                0x100001cc                isr_irq4
                0x100001cc                isr_irq16
                0x100001cc                isr_irq29
                0x100001cc                isr_irq26
                0x100001cc                __default_isrs_end
                0x100001cc                isr_irq3
                0x100001cc                isr_irq14
                0x100001cc                isr_irq9
                0x100001d2                unhandled_user_irq_num_in_r0
 *(.binary_info_header)
 .binary_info_header
                0x100001d4       0x14 src/CMakeFiles/PicoWBLEFreeRTOS.dir/P_/RaspberryPicoSDK/pico-sdk/src/rp2_common/pico_standard_link/crt0.S.obj
                0x100001e8                __binary_info_header_end = .
 *(.reset)
 .reset         0x100001e8       0xa0 src/CMakeFiles/PicoWBLEFreeRTOS.dir/P_/RaspberryPicoSDK/pico-sdk/src/rp2_common/pico_standard_link/crt0.S.obj
                0x100001e8                _entry_point
 .reset         0x10000288       0x30 src/CMakeFiles/PicoWBLEFreeRTOS.dir/P_/RaspberryPicoSDK/pico-sdk/src/rp2_common/pico_standard_link/binary_info.c.obj
 *(.init)
 .init          0x100002b8        0x4 p:/raspberrypicosdk/gcc-arm-none-eabi/bin/../lib/gcc/arm-none-eabi/10.3.1/thumb/v6-m/nofp/crti.o
                0x100002b8                _init
 *(EXCLUDE_FILE(*libm.a: *libc.a:*lib_a-mem*.o *libgcc.a:) .text*)
 .text          0x100002bc       0x48 p:/raspberrypicosdk/gcc-arm-none-eabi/bin/../lib/gcc/arm-none-eabi/10.3.1/thumb/v6-m/nofp/crtbegin.o
 .text.vUSB_task
                0x10000304       0x38 src/CMakeFiles/PicoWBLEFreeRTOS.dir/main.c.obj
                0x10000304                vUSB_task
 .text.vLedHB_task
                0x1000033c       0x50 src/CMakeFiles/PicoWBLEFreeRTOS.dir/main.c.obj
                0x1000033c                vLedHB_task
 .text.vOLED_task
                0x1000038c      0x1d0 src/CMakeFiles/PicoWBLEFreeRTOS.dir/main.c.obj
                0x1000038c                vOLED_task
 .text.main     0x1000055c       0x9c src/CMakeFiles/PicoWBLEFreeRTOS.dir/main.c.obj
                0x1000055c                main
 .text.gpio_set_function
                0x100005f8       0x30 src/CMakeFiles/PicoWBLEFreeRTOS.dir/P_/RaspberryPicoSDK/pico-sdk/src/rp2_common/hardware_gpio/gpio.c.obj
                0x100005f8                gpio_set_function
 .text.gpio_set_pulls
                0x10000628       0x34 src/CMakeFiles/PicoWBLEFreeRTOS.dir/P_/RaspberryPicoSDK/pico-sdk/src/rp2_common/hardware_gpio/gpio.c.obj
                0x10000628                gpio_set_pulls
 .text.gpio_set_input_hysteresis_enabled
                0x1000065c       0x30 src/CMakeFiles/PicoWBLEFreeRTOS.dir/P_/RaspberryPicoSDK/pico-sdk/src/rp2_common/hardware_gpio/gpio.c.obj
                0x1000065c                gpio_set_input_hysteresis_enabled
 .text.gpio_add_raw_irq_handler_with_order_priority_masked
                0x1000068c       0x40 src/CMakeFiles/PicoWBLEFreeRTOS.dir/P_/RaspberryPicoSDK/pico-sdk/src/rp2_common/hardware_gpio/gpio.c.obj
                0x1000068c                gpio_add_raw_irq_handler_with_order_priority_masked
 .text.gpio_remove_raw_irq_handler_masked
                0x100006cc       0x48 src/CMakeFiles/PicoWBLEFreeRTOS.dir/P_/RaspberryPicoSDK/pico-sdk/src/rp2_common/hardware_gpio/gpio.c.obj
                0x100006cc                gpio_remove_raw_irq_handler_masked
 .text.gpio_acknowledge_irq
                0x10000714       0x18 src/CMakeFiles/PicoWBLEFreeRTOS.dir/P_/RaspberryPicoSDK/pico-sdk/src/rp2_common/hardware_gpio/gpio.c.obj
                0x10000714                gpio_acknowledge_irq
 .text._gpio_set_irq_enabled
                0x1000072c       0x34 src/CMakeFiles/PicoWBLEFreeRTOS.dir/P_/RaspberryPicoSDK/pico-sdk/src/rp2_common/hardware_gpio/gpio.c.obj
 .text.gpio_set_irq_enabled
                0x10000760       0x20 src/CMakeFiles/PicoWBLEFreeRTOS.dir/P_/RaspberryPicoSDK/pico-sdk/src/rp2_common/hardware_gpio/gpio.c.obj
                0x10000760                gpio_set_irq_enabled
 .text.gpio_init
                0x10000780       0x16 src/CMakeFiles/PicoWBLEFreeRTOS.dir/P_/RaspberryPicoSDK/pico-sdk/src/rp2_common/hardware_gpio/gpio.c.obj
                0x10000780                gpio_init
 *fill*         0x10000796        0x2 
 .text.running_on_fpga
                0x10000798       0x14 src/CMakeFiles/PicoWBLEFreeRTOS.dir/P_/RaspberryPicoSDK/pico-sdk/src/rp2_common/pico_platform/platform.c.obj
                0x10000798                running_on_fpga
 .text.hw_claim_lock
                0x100007ac       0x18 src/CMakeFiles/PicoWBLEFreeRTOS.dir/P_/RaspberryPicoSDK/pico-sdk/src/rp2_common/hardware_claim/claim.c.obj
                0x100007ac                hw_claim_lock
 .text.hw_claim_unlock
                0x100007c4       0x14 src/CMakeFiles/PicoWBLEFreeRTOS.dir/P_/RaspberryPicoSDK/pico-sdk/src/rp2_common/hardware_claim/claim.c.obj
                0x100007c4                hw_claim_unlock
 .text.hw_claim_or_assert
                0x100007d8       0x32 src/CMakeFiles/PicoWBLEFreeRTOS.dir/P_/RaspberryPicoSDK/pico-sdk/src/rp2_common/hardware_claim/claim.c.obj
                0x100007d8                hw_claim_or_assert
 .text.hw_claim_unused_from_range
                0x1000080a       0x50 src/CMakeFiles/PicoWBLEFreeRTOS.dir/P_/RaspberryPicoSDK/pico-sdk/src/rp2_common/hardware_claim/claim.c.obj
                0x1000080a                hw_claim_unused_from_range
 *fill*         0x1000085a        0x2 
 .text.hw_claim_clear
                0x1000085c       0x40 src/CMakeFiles/PicoWBLEFreeRTOS.dir/P_/RaspberryPicoSDK/pico-sdk/src/rp2_common/hardware_claim/claim.c.obj
                0x1000085c                hw_claim_clear
 .text.spin_locks_reset
                0x1000089c       0x20 src/CMakeFiles/PicoWBLEFreeRTOS.dir/P_/RaspberryPicoSDK/pico-sdk/src/rp2_common/hardware_sync/sync.c.obj
                0x1000089c                spin_locks_reset
 .text.next_striped_spin_lock_num
                0x100008bc       0x1c src/CMakeFiles/PicoWBLEFreeRTOS.dir/P_/RaspberryPicoSDK/pico-sdk/src/rp2_common/hardware_sync/sync.c.obj
                0x100008bc                next_striped_spin_lock_num
 .text.spin_lock_claim
                0x100008d8       0x18 src/CMakeFiles/PicoWBLEFreeRTOS.dir/P_/RaspberryPicoSDK/pico-sdk/src/rp2_common/hardware_sync/sync.c.obj
                0x100008d8                spin_lock_claim
 .text.spin_lock_claim_unused
                0x100008f0       0x20 src/CMakeFiles/PicoWBLEFreeRTOS.dir/P_/RaspberryPicoSDK/pico-sdk/src/rp2_common/hardware_sync/sync.c.obj
                0x100008f0                spin_lock_claim_unused
 .text.set_raw_irq_handler_and_unlock
                0x10000910       0x28 src/CMakeFiles/PicoWBLEFreeRTOS.dir/P_/RaspberryPicoSDK/pico-sdk/src/rp2_common/hardware_irq/irq.c.obj
 .text.get_user_irq_claim_index
                0x10000938        0x6 src/CMakeFiles/PicoWBLEFreeRTOS.dir/P_/RaspberryPicoSDK/pico-sdk/src/rp2_common/hardware_irq/irq.c.obj
 *fill*         0x1000093e        0x2 
 .text.make_branch
                0x10000940       0x48 src/CMakeFiles/PicoWBLEFreeRTOS.dir/P_/RaspberryPicoSDK/pico-sdk/src/rp2_common/hardware_irq/irq.c.obj
 .text.insert_branch_and_link
                0x10000988       0x40 src/CMakeFiles/PicoWBLEFreeRTOS.dir/P_/RaspberryPicoSDK/pico-sdk/src/rp2_common/hardware_irq/irq.c.obj
 .text.irq_is_enabled
                0x100009c8       0x18 src/CMakeFiles/PicoWBLEFreeRTOS.dir/P_/RaspberryPicoSDK/pico-sdk/src/rp2_common/hardware_irq/irq.c.obj
                0x100009c8                irq_is_enabled
 .text.irq_set_mask_enabled
                0x100009e0       0x20 src/CMakeFiles/PicoWBLEFreeRTOS.dir/P_/RaspberryPicoSDK/pico-sdk/src/rp2_common/hardware_irq/irq.c.obj
                0x100009e0                irq_set_mask_enabled
 .text.irq_set_enabled
                0x10000a00        0xe src/CMakeFiles/PicoWBLEFreeRTOS.dir/P_/RaspberryPicoSDK/pico-sdk/src/rp2_common/hardware_irq/irq.c.obj
                0x10000a00                irq_set_enabled
 *fill*         0x10000a0e        0x2 
 .text.irq_set_pending
                0x10000a10       0x10 src/CMakeFiles/PicoWBLEFreeRTOS.dir/P_/RaspberryPicoSDK/pico-sdk/src/rp2_common/hardware_irq/irq.c.obj
                0x10000a10                irq_set_pending
 .text.irq_get_vtable_handler
                0x10000a20       0x10 src/CMakeFiles/PicoWBLEFreeRTOS.dir/P_/RaspberryPicoSDK/pico-sdk/src/rp2_common/hardware_irq/irq.c.obj
                0x10000a20                irq_get_vtable_handler
 .text.irq_has_shared_handler
                0x10000a30       0x24 src/CMakeFiles/PicoWBLEFreeRTOS.dir/P_/RaspberryPicoSDK/pico-sdk/src/rp2_common/hardware_irq/irq.c.obj
                0x10000a30                irq_has_shared_handler
 .text.irq_set_exclusive_handler
                0x10000a54       0x54 src/CMakeFiles/PicoWBLEFreeRTOS.dir/P_/RaspberryPicoSDK/pico-sdk/src/rp2_common/hardware_irq/irq.c.obj
                0x10000a54                irq_set_exclusive_handler
 .text.irq_add_shared_handler
                0x10000aa8      0x234 src/CMakeFiles/PicoWBLEFreeRTOS.dir/P_/RaspberryPicoSDK/pico-sdk/src/rp2_common/hardware_irq/irq.c.obj
                0x10000aa8                irq_add_shared_handler
 .text.irq_remove_handler
                0x10000cdc      0x1ac src/CMakeFiles/PicoWBLEFreeRTOS.dir/P_/RaspberryPicoSDK/pico-sdk/src/rp2_common/hardware_irq/irq.c.obj
                0x10000cdc                irq_remove_handler
 .text.irq_set_priority
                0x10000e88       0x28 src/CMakeFiles/PicoWBLEFreeRTOS.dir/P_/RaspberryPicoSDK/pico-sdk/src/rp2_common/hardware_irq/irq.c.obj
                0x10000e88                irq_set_priority
 .text.irq_add_tail_to_free_list
                0x10000eb0       0xf0 src/CMakeFiles/PicoWBLEFreeRTOS.dir/P_/RaspberryPicoSDK/pico-sdk/src/rp2_common/hardware_irq/irq.c.obj
                0x10000eb0                irq_add_tail_to_free_list
 .text.irq_init_priorities
                0x10000fa0       0x1c src/CMakeFiles/PicoWBLEFreeRTOS.dir/P_/RaspberryPicoSDK/pico-sdk/src/rp2_common/hardware_irq/irq.c.obj
                0x10000fa0                irq_init_priorities
 .text.user_irq_unclaim
                0x10000fbc       0x14 src/CMakeFiles/PicoWBLEFreeRTOS.dir/P_/RaspberryPicoSDK/pico-sdk/src/rp2_common/hardware_irq/irq.c.obj
                0x10000fbc                user_irq_unclaim
 .text.user_irq_claim_unused
                0x10000fd0       0x28 src/CMakeFiles/PicoWBLEFreeRTOS.dir/P_/RaspberryPicoSDK/pico-sdk/src/rp2_common/hardware_irq/irq.c.obj
                0x10000fd0                user_irq_claim_unused
 .text.sem_init
                0x10000ff8       0x1e src/CMakeFiles/PicoWBLEFreeRTOS.dir/P_/RaspberryPicoSDK/pico-sdk/src/common/pico_sync/sem.c.obj
                0x10000ff8                sem_init
 *fill*         0x10001016        0x2 
 .text.lock_init
                0x10001018       0x10 src/CMakeFiles/PicoWBLEFreeRTOS.dir/P_/RaspberryPicoSDK/pico-sdk/src/common/pico_sync/lock_core.c.obj
                0x10001018                lock_init
 .text.mutex_init
                0x10001028       0x1c src/CMakeFiles/PicoWBLEFreeRTOS.dir/P_/RaspberryPicoSDK/pico-sdk/src/common/pico_sync/mutex.c.obj
                0x10001028                mutex_init
 .text.recursive_mutex_init
                0x10001044       0x20 src/CMakeFiles/PicoWBLEFreeRTOS.dir/P_/RaspberryPicoSDK/pico-sdk/src/common/pico_sync/mutex.c.obj
                0x10001044                recursive_mutex_init
 .text.critical_section_init_with_lock_num
                0x10001064       0x14 src/CMakeFiles/PicoWBLEFreeRTOS.dir/P_/RaspberryPicoSDK/pico-sdk/src/common/pico_sync/critical_section.c.obj
                0x10001064                critical_section_init_with_lock_num
 .text.critical_section_init
                0x10001078       0x14 src/CMakeFiles/PicoWBLEFreeRTOS.dir/P_/RaspberryPicoSDK/pico-sdk/src/common/pico_sync/critical_section.c.obj
                0x10001078                critical_section_init
 .text.alarm_pool_post_alloc_init
                0x1000108c       0x40 src/CMakeFiles/PicoWBLEFreeRTOS.dir/P_/RaspberryPicoSDK/pico-sdk/src/common/pico_time/time.c.obj
 .text.sleep_until_callback
                0x100010cc       0x28 src/CMakeFiles/PicoWBLEFreeRTOS.dir/P_/RaspberryPicoSDK/pico-sdk/src/common/pico_time/time.c.obj
 .text.timer_pool_entry_comparator
                0x100010f4       0x7c src/CMakeFiles/PicoWBLEFreeRTOS.dir/P_/RaspberryPicoSDK/pico-sdk/src/common/pico_time/time.c.obj
                0x100010f4                timer_pool_entry_comparator
 .text.ph_add_child_node
                0x10001170       0xa4 src/CMakeFiles/PicoWBLEFreeRTOS.dir/P_/RaspberryPicoSDK/pico-sdk/src/common/pico_time/time.c.obj
 .text.ph_merge_nodes
                0x10001214       0x3e src/CMakeFiles/PicoWBLEFreeRTOS.dir/P_/RaspberryPicoSDK/pico-sdk/src/common/pico_time/time.c.obj
 *fill*         0x10001252        0x2 
 .text.add_alarm_under_lock
                0x10001254      0x174 src/CMakeFiles/PicoWBLEFreeRTOS.dir/P_/RaspberryPicoSDK/pico-sdk/src/common/pico_time/time.c.obj
 .text.alarm_pool_alarm_callback
                0x100013c8      0x33c src/CMakeFiles/PicoWBLEFreeRTOS.dir/P_/RaspberryPicoSDK/pico-sdk/src/common/pico_time/time.c.obj
 .text.alarm_pool_init_default
                0x10001704       0x40 src/CMakeFiles/PicoWBLEFreeRTOS.dir/P_/RaspberryPicoSDK/pico-sdk/src/common/pico_time/time.c.obj
                0x10001704                alarm_pool_init_default
 .text.alarm_pool_get_default
                0x10001744       0x2c src/CMakeFiles/PicoWBLEFreeRTOS.dir/P_/RaspberryPicoSDK/pico-sdk/src/common/pico_time/time.c.obj
                0x10001744                alarm_pool_get_default
 .text.alarm_pool_create_with_unused_hardware_alarm
                0x10001770       0x44 src/CMakeFiles/PicoWBLEFreeRTOS.dir/P_/RaspberryPicoSDK/pico-sdk/src/common/pico_time/time.c.obj
                0x10001770                alarm_pool_create_with_unused_hardware_alarm
 .text.alarm_pool_destroy
                0x100017b4       0x78 src/CMakeFiles/PicoWBLEFreeRTOS.dir/P_/RaspberryPicoSDK/pico-sdk/src/common/pico_time/time.c.obj
                0x100017b4                alarm_pool_destroy
 .text.alarm_pool_add_alarm_at
                0x1000182c      0x168 src/CMakeFiles/PicoWBLEFreeRTOS.dir/P_/RaspberryPicoSDK/pico-sdk/src/common/pico_time/time.c.obj
                0x1000182c                alarm_pool_add_alarm_at
 .text.alarm_pool_add_alarm_at_force_in_context
                0x10001994       0xa4 src/CMakeFiles/PicoWBLEFreeRTOS.dir/P_/RaspberryPicoSDK/pico-sdk/src/common/pico_time/time.c.obj
                0x10001994                alarm_pool_add_alarm_at_force_in_context
 .text.alarm_pool_cancel_alarm
                0x10001a38       0xf8 src/CMakeFiles/PicoWBLEFreeRTOS.dir/P_/RaspberryPicoSDK/pico-sdk/src/common/pico_time/time.c.obj
                0x10001a38                alarm_pool_cancel_alarm
 .text.alarm_pool_core_num
                0x10001b30        0x4 src/CMakeFiles/PicoWBLEFreeRTOS.dir/P_/RaspberryPicoSDK/pico-sdk/src/common/pico_time/time.c.obj
                0x10001b30                alarm_pool_core_num
 .text.sleep_until
                0x10001b34       0xf0 src/CMakeFiles/PicoWBLEFreeRTOS.dir/P_/RaspberryPicoSDK/pico-sdk/src/common/pico_time/time.c.obj
                0x10001b34                sleep_until
 .text.sleep_us
                0x10001c24       0x58 src/CMakeFiles/PicoWBLEFreeRTOS.dir/P_/RaspberryPicoSDK/pico-sdk/src/common/pico_time/time.c.obj
                0x10001c24                sleep_us
 .text.sleep_ms
                0x10001c7c       0x14 src/CMakeFiles/PicoWBLEFreeRTOS.dir/P_/RaspberryPicoSDK/pico-sdk/src/common/pico_time/time.c.obj
                0x10001c7c                sleep_ms
 .text.best_effort_wfe_or_timeout
                0x10001c90       0xac src/CMakeFiles/PicoWBLEFreeRTOS.dir/P_/RaspberryPicoSDK/pico-sdk/src/common/pico_time/time.c.obj
                0x10001c90                best_effort_wfe_or_timeout
 .text.hardware_alarm_irq_handler
                0x10001d3c       0x90 src/CMakeFiles/PicoWBLEFreeRTOS.dir/P_/RaspberryPicoSDK/pico-sdk/src/rp2_common/hardware_timer/timer.c.obj
 .text.hardware_alarm_claim
                0x10001dcc       0x18 src/CMakeFiles/PicoWBLEFreeRTOS.dir/P_/RaspberryPicoSDK/pico-sdk/src/rp2_common/hardware_timer/timer.c.obj
                0x10001dcc                hardware_alarm_claim
 .text.hardware_alarm_unclaim
                0x10001de4       0x10 src/CMakeFiles/PicoWBLEFreeRTOS.dir/P_/RaspberryPicoSDK/pico-sdk/src/rp2_common/hardware_timer/timer.c.obj
                0x10001de4                hardware_alarm_unclaim
 .text.hardware_alarm_claim_unused
                0x10001df4       0x20 src/CMakeFiles/PicoWBLEFreeRTOS.dir/P_/RaspberryPicoSDK/pico-sdk/src/rp2_common/hardware_timer/timer.c.obj
                0x10001df4                hardware_alarm_claim_unused
 .text.time_us_64
                0x10001e14       0x18 src/CMakeFiles/PicoWBLEFreeRTOS.dir/P_/RaspberryPicoSDK/pico-sdk/src/rp2_common/hardware_timer/timer.c.obj
                0x10001e14                time_us_64
 .text.busy_wait_until
                0x10001e2c       0x28 src/CMakeFiles/PicoWBLEFreeRTOS.dir/P_/RaspberryPicoSDK/pico-sdk/src/rp2_common/hardware_timer/timer.c.obj
                0x10001e2c                busy_wait_until
 .text.hardware_alarm_set_callback
                0x10001e54       0x90 src/CMakeFiles/PicoWBLEFreeRTOS.dir/P_/RaspberryPicoSDK/pico-sdk/src/rp2_common/hardware_timer/timer.c.obj
                0x10001e54                hardware_alarm_set_callback
 .text.hardware_alarm_set_target
                0x10001ee4       0xe8 src/CMakeFiles/PicoWBLEFreeRTOS.dir/P_/RaspberryPicoSDK/pico-sdk/src/rp2_common/hardware_timer/timer.c.obj
                0x10001ee4                hardware_alarm_set_target
 .text.hardware_alarm_cancel
                0x10001fcc       0x40 src/CMakeFiles/PicoWBLEFreeRTOS.dir/P_/RaspberryPicoSDK/pico-sdk/src/rp2_common/hardware_timer/timer.c.obj
                0x10001fcc                hardware_alarm_cancel
 .text.hardware_alarm_force_irq
                0x1000200c       0x40 src/CMakeFiles/PicoWBLEFreeRTOS.dir/P_/RaspberryPicoSDK/pico-sdk/src/rp2_common/hardware_timer/timer.c.obj
                0x1000200c                hardware_alarm_force_irq
 .text.ph_add_child_node
                0x1000204c       0xa4 src/CMakeFiles/PicoWBLEFreeRTOS.dir/P_/RaspberryPicoSDK/pico-sdk/src/common/pico_util/pheap.c.obj
 .text.ph_merge_nodes
                0x100020f0       0x3e src/CMakeFiles/PicoWBLEFreeRTOS.dir/P_/RaspberryPicoSDK/pico-sdk/src/common/pico_util/pheap.c.obj
 *fill*         0x1000212e        0x2 
 .text.ph_clear
                0x10002130       0x70 src/CMakeFiles/PicoWBLEFreeRTOS.dir/P_/RaspberryPicoSDK/pico-sdk/src/common/pico_util/pheap.c.obj
                0x10002130                ph_clear
 .text.ph_post_alloc_init
                0x100021a0        0xe src/CMakeFiles/PicoWBLEFreeRTOS.dir/P_/RaspberryPicoSDK/pico-sdk/src/common/pico_util/pheap.c.obj
                0x100021a0                ph_post_alloc_init
 .text.ph_create
                0x100021ae       0x2c src/CMakeFiles/PicoWBLEFreeRTOS.dir/P_/RaspberryPicoSDK/pico-sdk/src/common/pico_util/pheap.c.obj
                0x100021ae                ph_create
 .text.ph_destroy
                0x100021da       0x12 src/CMakeFiles/PicoWBLEFreeRTOS.dir/P_/RaspberryPicoSDK/pico-sdk/src/common/pico_util/pheap.c.obj
                0x100021da                ph_destroy
 .text.ph_merge_two_pass
                0x100021ec       0xa8 src/CMakeFiles/PicoWBLEFreeRTOS.dir/P_/RaspberryPicoSDK/pico-sdk/src/common/pico_util/pheap.c.obj
                0x100021ec                ph_merge_two_pass
 .text.ph_remove_any_head
                0x10002294      0x128 src/CMakeFiles/PicoWBLEFreeRTOS.dir/P_/RaspberryPicoSDK/pico-sdk/src/common/pico_util/pheap.c.obj
 .text.ph_remove_head
                0x100023bc       0x14 src/CMakeFiles/PicoWBLEFreeRTOS.dir/P_/RaspberryPicoSDK/pico-sdk/src/common/pico_util/pheap.c.obj
                0x100023bc                ph_remove_head
 .text.ph_remove_and_free_node
                0x100023d0       0xf8 src/CMakeFiles/PicoWBLEFreeRTOS.dir/P_/RaspberryPicoSDK/pico-sdk/src/common/pico_util/pheap.c.obj
                0x100023d0                ph_remove_and_free_node
 .text.clock_configure
                0x100024c8      0x108 src/CMakeFiles/PicoWBLEFreeRTOS.dir/P_/RaspberryPicoSDK/pico-sdk/src/rp2_common/hardware_clocks/clocks.c.obj
                0x100024c8                clock_configure
 .text.clocks_init
                0x100025d0      0x100 src/CMakeFiles/PicoWBLEFreeRTOS.dir/P_/RaspberryPicoSDK/pico-sdk/src/rp2_common/hardware_clocks/clocks.c.obj
                0x100025d0                clocks_init
 .text.clock_get_hz
                0x100026d0        0xc src/CMakeFiles/PicoWBLEFreeRTOS.dir/P_/RaspberryPicoSDK/pico-sdk/src/rp2_common/hardware_clocks/clocks.c.obj
                0x100026d0                clock_get_hz
 .text.pll_init
                0x100026dc      0x120 src/CMakeFiles/PicoWBLEFreeRTOS.dir/P_/RaspberryPicoSDK/pico-sdk/src/rp2_common/hardware_pll/pll.c.obj
                0x100026dc                pll_init
 .text.watchdog_start_tick
                0x100027fc       0x10 src/CMakeFiles/PicoWBLEFreeRTOS.dir/P_/RaspberryPicoSDK/pico-sdk/src/rp2_common/hardware_watchdog/watchdog.c.obj
                0x100027fc                watchdog_start_tick
 .text.watchdog_update
                0x1000280c       0x14 src/CMakeFiles/PicoWBLEFreeRTOS.dir/P_/RaspberryPicoSDK/pico-sdk/src/rp2_common/hardware_watchdog/watchdog.c.obj
                0x1000280c                watchdog_update
 .text._watchdog_enable
                0x10002820       0x78 src/CMakeFiles/PicoWBLEFreeRTOS.dir/P_/RaspberryPicoSDK/pico-sdk/src/rp2_common/hardware_watchdog/watchdog.c.obj
                0x10002820                _watchdog_enable
 .text.watchdog_reboot
                0x10002898       0x48 src/CMakeFiles/PicoWBLEFreeRTOS.dir/P_/RaspberryPicoSDK/pico-sdk/src/rp2_common/hardware_watchdog/watchdog.c.obj
                0x10002898                watchdog_reboot
 .text.xosc_init
                0x100028e0       0x28 src/CMakeFiles/PicoWBLEFreeRTOS.dir/P_/RaspberryPicoSDK/pico-sdk/src/rp2_common/hardware_xosc/xosc.c.obj
                0x100028e0                xosc_init
 .text._exit    0x10002908        0x4 src/CMakeFiles/PicoWBLEFreeRTOS.dir/P_/RaspberryPicoSDK/pico-sdk/src/rp2_common/pico_runtime/runtime.c.obj
                0x10002908                _exit
 .text._sbrk    0x1000290c       0x38 src/CMakeFiles/PicoWBLEFreeRTOS.dir/P_/RaspberryPicoSDK/pico-sdk/src/rp2_common/pico_runtime/runtime.c.obj
                0x1000290c                _sbrk
 .text.exit     0x10002944        0x6 src/CMakeFiles/PicoWBLEFreeRTOS.dir/P_/RaspberryPicoSDK/pico-sdk/src/rp2_common/pico_runtime/runtime.c.obj
                0x10002944                exit
 *fill*         0x1000294a        0x2 
 .text.__assert_func
                0x1000294c       0x3c src/CMakeFiles/PicoWBLEFreeRTOS.dir/P_/RaspberryPicoSDK/pico-sdk/src/rp2_common/pico_runtime/runtime.c.obj
                0x1000294c                __assert_func
 .text.runtime_init
                0x10002988       0xf8 src/CMakeFiles/PicoWBLEFreeRTOS.dir/P_/RaspberryPicoSDK/pico-sdk/src/rp2_common/pico_runtime/runtime.c.obj
                0x10002988                runtime_init
 .text.panic    0x10002a80       0x30 src/CMakeFiles/PicoWBLEFreeRTOS.dir/P_/RaspberryPicoSDK/pico-sdk/src/rp2_common/pico_runtime/runtime.c.obj
                0x10002a80                panic
 .text.panic_unsupported
                0x10002ab0        0xc src/CMakeFiles/PicoWBLEFreeRTOS.dir/P_/RaspberryPicoSDK/pico-sdk/src/rp2_common/pico_runtime/runtime.c.obj
                0x10002ab0                panic_unsupported
 .text._out_null
                0x10002abc        0x2 src/CMakeFiles/PicoWBLEFreeRTOS.dir/P_/RaspberryPicoSDK/pico-sdk/src/rp2_common/pico_printf/printf.c.obj
 .text._out_fct
                0x10002abe        0xe src/CMakeFiles/PicoWBLEFreeRTOS.dir/P_/RaspberryPicoSDK/pico-sdk/src/rp2_common/pico_printf/printf.c.obj
 .text._atoi    0x10002acc       0x24 src/CMakeFiles/PicoWBLEFreeRTOS.dir/P_/RaspberryPicoSDK/pico-sdk/src/rp2_common/pico_printf/printf.c.obj
 .text._out_rev
                0x10002af0       0xae src/CMakeFiles/PicoWBLEFreeRTOS.dir/P_/RaspberryPicoSDK/pico-sdk/src/rp2_common/pico_printf/printf.c.obj
 .text._ntoa_format
                0x10002b9e      0x112 src/CMakeFiles/PicoWBLEFreeRTOS.dir/P_/RaspberryPicoSDK/pico-sdk/src/rp2_common/pico_printf/printf.c.obj
 .text._ntoa_long
                0x10002cb0       0xbc src/CMakeFiles/PicoWBLEFreeRTOS.dir/P_/RaspberryPicoSDK/pico-sdk/src/rp2_common/pico_printf/printf.c.obj
 .text._ntoa_long_long
                0x10002d6c       0xe2 src/CMakeFiles/PicoWBLEFreeRTOS.dir/P_/RaspberryPicoSDK/pico-sdk/src/rp2_common/pico_printf/printf.c.obj
 *fill*         0x10002e4e        0x2 
 .text._etoa    0x10002e50      0x414 src/CMakeFiles/PicoWBLEFreeRTOS.dir/P_/RaspberryPicoSDK/pico-sdk/src/rp2_common/pico_printf/printf.c.obj
 .text._ftoa    0x10003264      0x354 src/CMakeFiles/PicoWBLEFreeRTOS.dir/P_/RaspberryPicoSDK/pico-sdk/src/rp2_common/pico_printf/printf.c.obj
 .text._vsnprintf
                0x100035b8      0x624 src/CMakeFiles/PicoWBLEFreeRTOS.dir/P_/RaspberryPicoSDK/pico-sdk/src/rp2_common/pico_printf/printf.c.obj
 .text.vfctprintf
                0x10003bdc       0x20 src/CMakeFiles/PicoWBLEFreeRTOS.dir/P_/RaspberryPicoSDK/pico-sdk/src/rp2_common/pico_printf/printf.c.obj
                0x10003bdc                vfctprintf
 .text          0x10003bfc       0x10 src/CMakeFiles/PicoWBLEFreeRTOS.dir/P_/RaspberryPicoSDK/pico-sdk/src/rp2_common/pico_bit_ops/bit_ops_aeabi.S.obj
 .text.ctzsi    0x10003c0c        0xc src/CMakeFiles/PicoWBLEFreeRTOS.dir/P_/RaspberryPicoSDK/pico-sdk/src/rp2_common/pico_bit_ops/bit_ops_aeabi.S.obj
                0x10003c0c                __wrap___ctzsi2
 .text.rom_func_lookup
                0x10003c18       0x10 src/CMakeFiles/PicoWBLEFreeRTOS.dir/P_/RaspberryPicoSDK/pico-sdk/src/rp2_common/pico_bootrom/bootrom.c.obj
                0x10003c18                rom_func_lookup
 .text.rom_data_lookup
                0x10003c28       0x10 src/CMakeFiles/PicoWBLEFreeRTOS.dir/P_/RaspberryPicoSDK/pico-sdk/src/rp2_common/pico_bootrom/bootrom.c.obj
                0x10003c28                rom_data_lookup
 .text.rom_funcs_lookup
                0x10003c38       0x36 src/CMakeFiles/PicoWBLEFreeRTOS.dir/P_/RaspberryPicoSDK/pico-sdk/src/rp2_common/pico_bootrom/bootrom.c.obj
                0x10003c38                rom_funcs_lookup
 *fill*         0x10003c6e        0x2 
 .text.__wrap___aeabi_idiv
                0x10003c70       0x50 src/CMakeFiles/PicoWBLEFreeRTOS.dir/P_/RaspberryPicoSDK/pico-sdk/src/rp2_common/pico_divider/divider.S.obj
                0x10003c70                __wrap___aeabi_idivmod
                0x10003c70                divmod_s32s32
                0x10003c70                div_s32s32
                0x10003c70                __wrap___aeabi_idiv
                0x10003c78                divmod_s32s32_unsafe
                0x10003ca4                divmod_s32s32_savestate
 .text.__wrap___aeabi_uidiv
                0x10003cc0       0x4c src/CMakeFiles/PicoWBLEFreeRTOS.dir/P_/RaspberryPicoSDK/pico-sdk/src/rp2_common/pico_divider/divider.S.obj
                0x10003cc0                __wrap___aeabi_uidiv
                0x10003cc0                __wrap___aeabi_uidivmod
                0x10003cc0                div_u32u32
                0x10003cc0                divmod_u32u32
                0x10003cc8                divmod_u32u32_unsafe
                0x10003cf0                divmod_u32u32_savestate
 .text.__wrap___aeabi_ldiv
                0x10003d0c      0x424 src/CMakeFiles/PicoWBLEFreeRTOS.dir/P_/RaspberryPicoSDK/pico-sdk/src/rp2_common/pico_divider/divider.S.obj
                0x10003d0c                div_s64s64
                0x10003d0c                divmod_s64s64
                0x10003d0c                __wrap___aeabi_ldivmod
                0x10003d3c                divmod_u64u64
                0x10003d3c                div_u64u64
                0x10003d3c                __wrap___aeabi_uldivmod
                0x10003d4c                divmod_u64u64_savestate
                0x10003d6c                divmod_s64s64_unsafe
                0x10003df4                divmod_u64u64_unsafe
 .text.__wrap___aeabi_darithmetic
                0x10004130       0x60 src/CMakeFiles/PicoWBLEFreeRTOS.dir/P_/RaspberryPicoSDK/pico-sdk/src/rp2_common/pico_double/double_aeabi.S.obj
                0x10004130                __wrap___aeabi_drsub
                0x10004136                __wrap___aeabi_dsub
                0x10004140                __wrap___aeabi_dadd
                0x1000414a                __wrap___aeabi_ddiv
                0x1000417e                __wrap___aeabi_dmul
 .text.__wrap___aeabi_cdcmple
                0x10004190       0x6c src/CMakeFiles/PicoWBLEFreeRTOS.dir/P_/RaspberryPicoSDK/pico-sdk/src/rp2_common/pico_double/double_aeabi.S.obj
                0x10004190                __wrap___aeabi_cdrcmple
                0x100041a0                __wrap___aeabi_cdcmpeq
                0x100041a0                __wrap___aeabi_cdcmple
 .text.__wrap___aeabi_dcmplt
                0x100041fc        0xc src/CMakeFiles/PicoWBLEFreeRTOS.dir/P_/RaspberryPicoSDK/pico-sdk/src/rp2_common/pico_double/double_aeabi.S.obj
                0x100041fc                __wrap___aeabi_dcmplt
 .text.__wrap___aeabi_dcmple
                0x10004208       0x10 src/CMakeFiles/PicoWBLEFreeRTOS.dir/P_/RaspberryPicoSDK/pico-sdk/src/rp2_common/pico_double/double_aeabi.S.obj
                0x10004208                __wrap___aeabi_dcmple
 .text.__wrap___aeabi_dcmpge
                0x10004218       0x10 src/CMakeFiles/PicoWBLEFreeRTOS.dir/P_/RaspberryPicoSDK/pico-sdk/src/rp2_common/pico_double/double_aeabi.S.obj
                0x10004218                __wrap___aeabi_dcmpge
 .text.__wrap___aeabi_dcmpgt
                0x10004228        0xa src/CMakeFiles/PicoWBLEFreeRTOS.dir/P_/RaspberryPicoSDK/pico-sdk/src/rp2_common/pico_double/double_aeabi.S.obj
                0x10004228                __wrap___aeabi_dcmpgt
 .text.__wrap___aeabi_dcmpun
                0x10004232       0x1c src/CMakeFiles/PicoWBLEFreeRTOS.dir/P_/RaspberryPicoSDK/pico-sdk/src/rp2_common/pico_double/double_aeabi.S.obj
                0x10004232                __wrap___aeabi_dcmpun
 *fill*         0x1000424e        0x2 
 .text.__wrap___aeabi_i2d
                0x10004250       0x38 src/CMakeFiles/PicoWBLEFreeRTOS.dir/P_/RaspberryPicoSDK/pico-sdk/src/rp2_common/pico_double/double_aeabi.S.obj
                0x10004250                __wrap___aeabi_ui2d
                0x10004258                __wrap___aeabi_i2d
 .text.__wrap___aeabi_d2iz
                0x10004288       0x48 src/CMakeFiles/PicoWBLEFreeRTOS.dir/P_/RaspberryPicoSDK/pico-sdk/src/rp2_common/pico_double/double_aeabi.S.obj
                0x10004288                double2int_z
                0x10004288                __wrap___aeabi_d2iz
 .text.__wrap___aeabi_d2uiz
                0x100042d0       0x10 src/CMakeFiles/PicoWBLEFreeRTOS.dir/P_/RaspberryPicoSDK/pico-sdk/src/rp2_common/pico_double/double_aeabi.S.obj
                0x100042d0                __wrap___aeabi_d2uiz
                0x100042d0                double2uint
 .text.missing_double_func_shim
                0x100042e0        0xc src/CMakeFiles/PicoWBLEFreeRTOS.dir/P_/RaspberryPicoSDK/pico-sdk/src/rp2_common/pico_double/double_init_rom.c.obj
 .text.__aeabi_double_init
                0x100042ec       0xcc src/CMakeFiles/PicoWBLEFreeRTOS.dir/P_/RaspberryPicoSDK/pico-sdk/src/rp2_common/pico_double/double_init_rom.c.obj
                0x100042ec                __aeabi_double_init
 .text.double_table_shim_on_use_helper
                0x100043b8       0x34 src/CMakeFiles/PicoWBLEFreeRTOS.dir/P_/RaspberryPicoSDK/pico-sdk/src/rp2_common/pico_double/double_v1_rom_shim.S.obj
                0x100043b8                double_table_shim_on_use_helper
 .text.__aeabi_lmul
                0x100043ec       0x32 src/CMakeFiles/PicoWBLEFreeRTOS.dir/P_/RaspberryPicoSDK/pico-sdk/src/rp2_common/pico_int64_ops/pico_int64_ops_aeabi.S.obj
                0x100043ec                __wrap___aeabi_lmul
 *fill*         0x1000441e        0x2 
 .text.missing_float_func_shim
                0x10004420        0xc src/CMakeFiles/PicoWBLEFreeRTOS.dir/P_/RaspberryPicoSDK/pico-sdk/src/rp2_common/pico_float/float_init_rom.c.obj
 .text.__aeabi_float_init
                0x1000442c       0x88 src/CMakeFiles/PicoWBLEFreeRTOS.dir/P_/RaspberryPicoSDK/pico-sdk/src/rp2_common/pico_float/float_init_rom.c.obj
                0x1000442c                __aeabi_float_init
 .text.__wrap_malloc
                0x100044b4       0x3c src/CMakeFiles/PicoWBLEFreeRTOS.dir/P_/RaspberryPicoSDK/pico-sdk/src/rp2_common/pico_malloc/pico_malloc.c.obj
                0x100044b4                __wrap_malloc
 .text.__wrap_calloc
                0x100044f0       0x40 src/CMakeFiles/PicoWBLEFreeRTOS.dir/P_/RaspberryPicoSDK/pico-sdk/src/rp2_common/pico_malloc/pico_malloc.c.obj
                0x100044f0                __wrap_calloc
 .text.__wrap_free
                0x10004530       0x20 src/CMakeFiles/PicoWBLEFreeRTOS.dir/P_/RaspberryPicoSDK/pico-sdk/src/rp2_common/pico_malloc/pico_malloc.c.obj
                0x10004530                __wrap_free
 .text          0x10004550       0x10 src/CMakeFiles/PicoWBLEFreeRTOS.dir/P_/RaspberryPicoSDK/pico-sdk/src/rp2_common/pico_mem_ops/mem_ops_aeabi.S.obj
                0x10004550                __aeabi_mem_init
 .text.memset   0x10004560        0xc src/CMakeFiles/PicoWBLEFreeRTOS.dir/P_/RaspberryPicoSDK/pico-sdk/src/rp2_common/pico_mem_ops/mem_ops_aeabi.S.obj
                0x10004560                __wrap_memset
 .text.memcpy   0x1000456c        0xc src/CMakeFiles/PicoWBLEFreeRTOS.dir/P_/RaspberryPicoSDK/pico-sdk/src/rp2_common/pico_mem_ops/mem_ops_aeabi.S.obj
                0x1000456c                __wrap_memcpy
                0x1000456c                __wrap___aeabi_memcpy
 .text.stdio_out_chars_no_crlf
                0x10004578        0xe src/CMakeFiles/PicoWBLEFreeRTOS.dir/P_/RaspberryPicoSDK/pico-sdk/src/rp2_common/pico_stdio/stdio.c.obj
 *fill*         0x10004586        0x2 
 .text.stdio_out_chars_crlf
                0x10004588       0x80 src/CMakeFiles/PicoWBLEFreeRTOS.dir/P_/RaspberryPicoSDK/pico-sdk/src/rp2_common/pico_stdio/stdio.c.obj
 .text.stdio_stack_buffer_flush
                0x10004608       0x44 src/CMakeFiles/PicoWBLEFreeRTOS.dir/P_/RaspberryPicoSDK/pico-sdk/src/rp2_common/pico_stdio/stdio.c.obj
 .text.stdio_buffered_printer
                0x1000464c       0x20 src/CMakeFiles/PicoWBLEFreeRTOS.dir/P_/RaspberryPicoSDK/pico-sdk/src/rp2_common/pico_stdio/stdio.c.obj
 .text.stdout_serialize_begin
                0x1000466c       0x5c src/CMakeFiles/PicoWBLEFreeRTOS.dir/P_/RaspberryPicoSDK/pico-sdk/src/rp2_common/pico_stdio/stdio.c.obj
                0x1000466c                stdout_serialize_begin
 .text.stdout_serialize_end
                0x100046c8       0x10 src/CMakeFiles/PicoWBLEFreeRTOS.dir/P_/RaspberryPicoSDK/pico-sdk/src/rp2_common/pico_stdio/stdio.c.obj
                0x100046c8                stdout_serialize_end
 .text.stdio_put_string
                0x100046d8       0x98 src/CMakeFiles/PicoWBLEFreeRTOS.dir/P_/RaspberryPicoSDK/pico-sdk/src/rp2_common/pico_stdio/stdio.c.obj
 .text.stdio_set_driver_enabled
                0x10004770       0x2c src/CMakeFiles/PicoWBLEFreeRTOS.dir/P_/RaspberryPicoSDK/pico-sdk/src/rp2_common/pico_stdio/stdio.c.obj
                0x10004770                stdio_set_driver_enabled
 .text.stdio_flush
                0x1000479c       0x20 src/CMakeFiles/PicoWBLEFreeRTOS.dir/P_/RaspberryPicoSDK/pico-sdk/src/rp2_common/pico_stdio/stdio.c.obj
                0x1000479c                stdio_flush
 .text.__wrap_puts
                0x100047bc       0x1e src/CMakeFiles/PicoWBLEFreeRTOS.dir/P_/RaspberryPicoSDK/pico-sdk/src/rp2_common/pico_stdio/stdio.c.obj
                0x100047bc                __wrap_puts
 *fill*         0x100047da        0x2 
 .text.__wrap_vprintf
                0x100047dc       0x40 src/CMakeFiles/PicoWBLEFreeRTOS.dir/P_/RaspberryPicoSDK/pico-sdk/src/rp2_common/pico_stdio/stdio.c.obj
                0x100047dc                __wrap_vprintf
 .text.__wrap_printf
                0x1000481c       0x18 src/CMakeFiles/PicoWBLEFreeRTOS.dir/P_/RaspberryPicoSDK/pico-sdk/src/rp2_common/pico_stdio/stdio.c.obj
                0x1000481c                __wrap_printf
 .text.stdio_init_all
                0x10004834        0x8 src/CMakeFiles/PicoWBLEFreeRTOS.dir/P_/RaspberryPicoSDK/pico-sdk/src/rp2_common/pico_stdio/stdio.c.obj
                0x10004834                stdio_init_all
 .text.resetd_init
                0x1000483c        0x2 src/CMakeFiles/PicoWBLEFreeRTOS.dir/P_/RaspberryPicoSDK/pico-sdk/src/rp2_common/pico_stdio_usb/reset_interface.c.obj
 *fill*         0x1000483e        0x2 
 .text.resetd_reset
                0x10004840        0xc src/CMakeFiles/PicoWBLEFreeRTOS.dir/P_/RaspberryPicoSDK/pico-sdk/src/rp2_common/pico_stdio_usb/reset_interface.c.obj
 .text.resetd_open
                0x1000484c       0x34 src/CMakeFiles/PicoWBLEFreeRTOS.dir/P_/RaspberryPicoSDK/pico-sdk/src/rp2_common/pico_stdio_usb/reset_interface.c.obj
 .text.resetd_xfer_cb
                0x10004880        0x4 src/CMakeFiles/PicoWBLEFreeRTOS.dir/P_/RaspberryPicoSDK/pico-sdk/src/rp2_common/pico_stdio_usb/reset_interface.c.obj
 .text.reset_usb_boot
                0x10004884       0x18 src/CMakeFiles/PicoWBLEFreeRTOS.dir/P_/RaspberryPicoSDK/pico-sdk/src/rp2_common/pico_stdio_usb/reset_interface.c.obj
 .text.resetd_control_xfer_cb
                0x1000489c       0x5c src/CMakeFiles/PicoWBLEFreeRTOS.dir/P_/RaspberryPicoSDK/pico-sdk/src/rp2_common/pico_stdio_usb/reset_interface.c.obj
 .text.usbd_app_driver_get_cb
                0x100048f8        0xc src/CMakeFiles/PicoWBLEFreeRTOS.dir/P_/RaspberryPicoSDK/pico-sdk/src/rp2_common/pico_stdio_usb/reset_interface.c.obj
                0x100048f8                usbd_app_driver_get_cb
 .text.tud_cdc_line_coding_cb
                0x10004904       0x28 src/CMakeFiles/PicoWBLEFreeRTOS.dir/P_/RaspberryPicoSDK/pico-sdk/src/rp2_common/pico_stdio_usb/reset_interface.c.obj
                0x10004904                tud_cdc_line_coding_cb
 .text.stdio_usb_set_chars_available_callback
                0x1000492c       0x14 src/CMakeFiles/PicoWBLEFreeRTOS.dir/P_/RaspberryPicoSDK/pico-sdk/src/rp2_common/pico_stdio_usb/stdio_usb.c.obj
                0x1000492c                stdio_usb_set_chars_available_callback
 .text.usb_irq  0x10004940       0x10 src/CMakeFiles/PicoWBLEFreeRTOS.dir/P_/RaspberryPicoSDK/pico-sdk/src/rp2_common/pico_stdio_usb/stdio_usb.c.obj
 .text.timer_task
                0x10004950       0x5c src/CMakeFiles/PicoWBLEFreeRTOS.dir/P_/RaspberryPicoSDK/pico-sdk/src/rp2_common/pico_stdio_usb/stdio_usb.c.obj
 .text.low_priority_worker_irq
                0x100049ac       0xdc src/CMakeFiles/PicoWBLEFreeRTOS.dir/P_/RaspberryPicoSDK/pico-sdk/src/rp2_common/pico_stdio_usb/stdio_usb.c.obj
 .text.tud_cdc_rx_cb
                0x10004a88       0x20 src/CMakeFiles/PicoWBLEFreeRTOS.dir/P_/RaspberryPicoSDK/pico-sdk/src/rp2_common/pico_stdio_usb/stdio_usb.c.obj
                0x10004a88                tud_cdc_rx_cb
 .text.stdio_usb_init
                0x10004aa8      0x11c src/CMakeFiles/PicoWBLEFreeRTOS.dir/P_/RaspberryPicoSDK/pico-sdk/src/rp2_common/pico_stdio_usb/stdio_usb.c.obj
                0x10004aa8                stdio_usb_init
 .text.stdio_usb_connected
                0x10004bc4        0xa src/CMakeFiles/PicoWBLEFreeRTOS.dir/P_/RaspberryPicoSDK/pico-sdk/src/rp2_common/pico_stdio_usb/stdio_usb.c.obj
                0x10004bc4                stdio_usb_connected
 *fill*         0x10004bce        0x2 
 .text.stdio_usb_in_chars
                0x10004bd0       0xc4 src/CMakeFiles/PicoWBLEFreeRTOS.dir/P_/RaspberryPicoSDK/pico-sdk/src/rp2_common/pico_stdio_usb/stdio_usb.c.obj
                0x10004bd0                stdio_usb_in_chars
 .text.stdio_usb_out_chars
                0x10004c94      0x114 src/CMakeFiles/PicoWBLEFreeRTOS.dir/P_/RaspberryPicoSDK/pico-sdk/src/rp2_common/pico_stdio_usb/stdio_usb.c.obj
 .text.tud_descriptor_device_cb
                0x10004da8        0x8 src/CMakeFiles/PicoWBLEFreeRTOS.dir/P_/RaspberryPicoSDK/pico-sdk/src/rp2_common/pico_stdio_usb/stdio_usb_descriptors.c.obj
                0x10004da8                tud_descriptor_device_cb
 .text.tud_descriptor_configuration_cb
                0x10004db0        0x8 src/CMakeFiles/PicoWBLEFreeRTOS.dir/P_/RaspberryPicoSDK/pico-sdk/src/rp2_common/pico_stdio_usb/stdio_usb_descriptors.c.obj
                0x10004db0                tud_descriptor_configuration_cb
 .text.tud_descriptor_string_cb
                0x10004db8       0x6c src/CMakeFiles/PicoWBLEFreeRTOS.dir/P_/RaspberryPicoSDK/pico-sdk/src/rp2_common/pico_stdio_usb/stdio_usb_descriptors.c.obj
                0x10004db8                tud_descriptor_string_cb
 .text._retrieve_unique_id_on_boot
                0x10004e24       0x10 src/CMakeFiles/PicoWBLEFreeRTOS.dir/P_/RaspberryPicoSDK/pico-sdk/src/rp2_common/pico_unique_id/unique_id.c.obj
 .text.pico_get_unique_board_id
                0x10004e34       0x10 src/CMakeFiles/PicoWBLEFreeRTOS.dir/P_/RaspberryPicoSDK/pico-sdk/src/rp2_common/pico_unique_id/unique_id.c.obj
                0x10004e34                pico_get_unique_board_id
 .text.pico_get_unique_board_id_string
                0x10004e44       0x60 src/CMakeFiles/PicoWBLEFreeRTOS.dir/P_/RaspberryPicoSDK/pico-sdk/src/rp2_common/pico_unique_id/unique_id.c.obj
                0x10004e44                pico_get_unique_board_id_string
 .text.flash_get_unique_id
                0x10004ea4       0x46 src/CMakeFiles/PicoWBLEFreeRTOS.dir/P_/RaspberryPicoSDK/pico-sdk/src/rp2_common/hardware_flash/flash.c.obj
                0x10004ea4                flash_get_unique_id
 *fill*         0x10004eea        0x2 
 .text.hw_endpoint_get_by_addr
                0x10004eec       0x18 src/CMakeFiles/PicoWBLEFreeRTOS.dir/P_/RaspberryPicoSDK/pico-sdk/lib/tinyusb/src/portable/raspberrypi/rp2040/dcd_rp2040.c.obj
 .text._hw_endpoint_alloc
                0x10004f04       0x70 src/CMakeFiles/PicoWBLEFreeRTOS.dir/P_/RaspberryPicoSDK/pico-sdk/lib/tinyusb/src/portable/raspberrypi/rp2040/dcd_rp2040.c.obj
 .text.hw_endpoint_init
                0x10004f74       0x88 src/CMakeFiles/PicoWBLEFreeRTOS.dir/P_/RaspberryPicoSDK/pico-sdk/lib/tinyusb/src/portable/raspberrypi/rp2040/dcd_rp2040.c.obj
 .text.hw_endpoint_xfer
                0x10004ffc       0x14 src/CMakeFiles/PicoWBLEFreeRTOS.dir/P_/RaspberryPicoSDK/pico-sdk/lib/tinyusb/src/portable/raspberrypi/rp2040/dcd_rp2040.c.obj
 .text.dcd_int_enable
                0x10005010       0x2c src/CMakeFiles/PicoWBLEFreeRTOS.dir/P_/RaspberryPicoSDK/pico-sdk/lib/tinyusb/src/portable/raspberrypi/rp2040/dcd_rp2040.c.obj
                0x10005010                dcd_int_enable
 .text.dcd_set_address
                0x1000503c       0x2c src/CMakeFiles/PicoWBLEFreeRTOS.dir/P_/RaspberryPicoSDK/pico-sdk/lib/tinyusb/src/portable/raspberrypi/rp2040/dcd_rp2040.c.obj
                0x1000503c                dcd_set_address
 .text.dcd_connect
                0x10005068       0x10 src/CMakeFiles/PicoWBLEFreeRTOS.dir/P_/RaspberryPicoSDK/pico-sdk/lib/tinyusb/src/portable/raspberrypi/rp2040/dcd_rp2040.c.obj
                0x10005068                dcd_connect
 .text.dcd_init
                0x10005078       0x80 src/CMakeFiles/PicoWBLEFreeRTOS.dir/P_/RaspberryPicoSDK/pico-sdk/lib/tinyusb/src/portable/raspberrypi/rp2040/dcd_rp2040.c.obj
                0x10005078                dcd_init
 .text.dcd_edpt0_status_complete
                0x100050f8       0x1c src/CMakeFiles/PicoWBLEFreeRTOS.dir/P_/RaspberryPicoSDK/pico-sdk/lib/tinyusb/src/portable/raspberrypi/rp2040/dcd_rp2040.c.obj
                0x100050f8                dcd_edpt0_status_complete
 .text.dcd_edpt_open
                0x10005114       0x40 src/CMakeFiles/PicoWBLEFreeRTOS.dir/P_/RaspberryPicoSDK/pico-sdk/lib/tinyusb/src/portable/raspberrypi/rp2040/dcd_rp2040.c.obj
                0x10005114                dcd_edpt_open
 .text.dcd_edpt_close_all
                0x10005154        0x8 src/CMakeFiles/PicoWBLEFreeRTOS.dir/P_/RaspberryPicoSDK/pico-sdk/lib/tinyusb/src/portable/raspberrypi/rp2040/dcd_rp2040.c.obj
                0x10005154                dcd_edpt_close_all
 .text.dcd_edpt_xfer
                0x1000515c       0x34 src/CMakeFiles/PicoWBLEFreeRTOS.dir/P_/RaspberryPicoSDK/pico-sdk/lib/tinyusb/src/portable/raspberrypi/rp2040/dcd_rp2040.c.obj
                0x1000515c                dcd_edpt_xfer
 .text.dcd_edpt_stall
                0x10005190       0x2c src/CMakeFiles/PicoWBLEFreeRTOS.dir/P_/RaspberryPicoSDK/pico-sdk/lib/tinyusb/src/portable/raspberrypi/rp2040/dcd_rp2040.c.obj
                0x10005190                dcd_edpt_stall
 .text.dcd_edpt_clear_stall
                0x100051bc       0x20 src/CMakeFiles/PicoWBLEFreeRTOS.dir/P_/RaspberryPicoSDK/pico-sdk/lib/tinyusb/src/portable/raspberrypi/rp2040/dcd_rp2040.c.obj
                0x100051bc                dcd_edpt_clear_stall
 .text.rp2040_usb_init
                0x100051dc       0x4c src/CMakeFiles/PicoWBLEFreeRTOS.dir/P_/RaspberryPicoSDK/pico-sdk/lib/tinyusb/src/portable/raspberrypi/rp2040/rp2040_usb.c.obj
                0x100051dc                rp2040_usb_init
 .text.hw_endpoint_xfer_start
                0x10005228       0x50 src/CMakeFiles/PicoWBLEFreeRTOS.dir/P_/RaspberryPicoSDK/pico-sdk/lib/tinyusb/src/portable/raspberrypi/rp2040/rp2040_usb.c.obj
                0x10005228                hw_endpoint_xfer_start
 .text.configuration_reset
                0x10005278       0x84 src/CMakeFiles/PicoWBLEFreeRTOS.dir/P_/RaspberryPicoSDK/pico-sdk/lib/tinyusb/src/device/usbd.c.obj
 .text.usbd_reset
                0x100052fc        0xc src/CMakeFiles/PicoWBLEFreeRTOS.dir/P_/RaspberryPicoSDK/pico-sdk/lib/tinyusb/src/device/usbd.c.obj
 .text.invoke_class_control
                0x10005308       0x1a src/CMakeFiles/PicoWBLEFreeRTOS.dir/P_/RaspberryPicoSDK/pico-sdk/lib/tinyusb/src/device/usbd.c.obj
 *fill*         0x10005322        0x2 
 .text.process_set_config
                0x10005324      0x178 src/CMakeFiles/PicoWBLEFreeRTOS.dir/P_/RaspberryPicoSDK/pico-sdk/lib/tinyusb/src/device/usbd.c.obj
 .text.process_get_descriptor
                0x1000549c       0xdc src/CMakeFiles/PicoWBLEFreeRTOS.dir/P_/RaspberryPicoSDK/pico-sdk/lib/tinyusb/src/device/usbd.c.obj
 .text.tud_mounted
                0x10005578       0x10 src/CMakeFiles/PicoWBLEFreeRTOS.dir/P_/RaspberryPicoSDK/pico-sdk/lib/tinyusb/src/device/usbd.c.obj
                0x10005578                tud_mounted
 .text.tud_suspended
                0x10005588       0x10 src/CMakeFiles/PicoWBLEFreeRTOS.dir/P_/RaspberryPicoSDK/pico-sdk/lib/tinyusb/src/device/usbd.c.obj
                0x10005588                tud_suspended
 .text.tud_inited
                0x10005598       0x14 src/CMakeFiles/PicoWBLEFreeRTOS.dir/P_/RaspberryPicoSDK/pico-sdk/lib/tinyusb/src/device/usbd.c.obj
                0x10005598                tud_inited
 .text.tud_init
                0x100055ac       0xcc src/CMakeFiles/PicoWBLEFreeRTOS.dir/P_/RaspberryPicoSDK/pico-sdk/lib/tinyusb/src/device/usbd.c.obj
                0x100055ac                tud_init
 .text.usbd_defer_func
                0x10005678       0x2a src/CMakeFiles/PicoWBLEFreeRTOS.dir/P_/RaspberryPicoSDK/pico-sdk/lib/tinyusb/src/device/usbd.c.obj
                0x10005678                usbd_defer_func
 *fill*         0x100056a2        0x2 
 .text.usbd_edpt_open
                0x100056a4       0x34 src/CMakeFiles/PicoWBLEFreeRTOS.dir/P_/RaspberryPicoSDK/pico-sdk/lib/tinyusb/src/device/usbd.c.obj
                0x100056a4                usbd_edpt_open
 .text.usbd_open_edpt_pair
                0x100056d8       0x62 src/CMakeFiles/PicoWBLEFreeRTOS.dir/P_/RaspberryPicoSDK/pico-sdk/lib/tinyusb/src/device/usbd.c.obj
                0x100056d8                usbd_open_edpt_pair
 *fill*         0x1000573a        0x2 
 .text.usbd_edpt_claim
                0x1000573c       0x28 src/CMakeFiles/PicoWBLEFreeRTOS.dir/P_/RaspberryPicoSDK/pico-sdk/lib/tinyusb/src/device/usbd.c.obj
                0x1000573c                usbd_edpt_claim
 .text.usbd_edpt_release
                0x10005764       0x28 src/CMakeFiles/PicoWBLEFreeRTOS.dir/P_/RaspberryPicoSDK/pico-sdk/lib/tinyusb/src/device/usbd.c.obj
                0x10005764                usbd_edpt_release
 .text.usbd_edpt_xfer
                0x1000578c       0x78 src/CMakeFiles/PicoWBLEFreeRTOS.dir/P_/RaspberryPicoSDK/pico-sdk/lib/tinyusb/src/device/usbd.c.obj
                0x1000578c                usbd_edpt_xfer
 .text.usbd_edpt_stall
                0x10005804       0x48 src/CMakeFiles/PicoWBLEFreeRTOS.dir/P_/RaspberryPicoSDK/pico-sdk/lib/tinyusb/src/device/usbd.c.obj
                0x10005804                usbd_edpt_stall
 .text.usbd_edpt_clear_stall
                0x1000584c       0x48 src/CMakeFiles/PicoWBLEFreeRTOS.dir/P_/RaspberryPicoSDK/pico-sdk/lib/tinyusb/src/device/usbd.c.obj
                0x1000584c                usbd_edpt_clear_stall
 .text.usbd_edpt_stalled
                0x10005894       0x1c src/CMakeFiles/PicoWBLEFreeRTOS.dir/P_/RaspberryPicoSDK/pico-sdk/lib/tinyusb/src/device/usbd.c.obj
                0x10005894                usbd_edpt_stalled
 .text.process_control_request
                0x100058b0      0x37c src/CMakeFiles/PicoWBLEFreeRTOS.dir/P_/RaspberryPicoSDK/pico-sdk/lib/tinyusb/src/device/usbd.c.obj
 .text.tud_task_ext
                0x10005c2c      0x1b8 src/CMakeFiles/PicoWBLEFreeRTOS.dir/P_/RaspberryPicoSDK/pico-sdk/lib/tinyusb/src/device/usbd.c.obj
                0x10005c2c                tud_task_ext
 .text._data_stage_xact
                0x10005de4       0x58 src/CMakeFiles/PicoWBLEFreeRTOS.dir/P_/RaspberryPicoSDK/pico-sdk/lib/tinyusb/src/device/usbd_control.c.obj
 .text.tud_control_status
                0x10005e3c       0x38 src/CMakeFiles/PicoWBLEFreeRTOS.dir/P_/RaspberryPicoSDK/pico-sdk/lib/tinyusb/src/device/usbd_control.c.obj
                0x10005e3c                tud_control_status
 .text.tud_control_xfer
                0x10005e74       0x74 src/CMakeFiles/PicoWBLEFreeRTOS.dir/P_/RaspberryPicoSDK/pico-sdk/lib/tinyusb/src/device/usbd_control.c.obj
                0x10005e74                tud_control_xfer
 .text.usbd_control_reset
                0x10005ee8       0x14 src/CMakeFiles/PicoWBLEFreeRTOS.dir/P_/RaspberryPicoSDK/pico-sdk/lib/tinyusb/src/device/usbd_control.c.obj
                0x10005ee8                usbd_control_reset
 .text.usbd_control_set_complete_callback
                0x10005efc        0xc src/CMakeFiles/PicoWBLEFreeRTOS.dir/P_/RaspberryPicoSDK/pico-sdk/lib/tinyusb/src/device/usbd_control.c.obj
                0x10005efc                usbd_control_set_complete_callback
 .text.usbd_control_set_request
                0x10005f08       0x1c src/CMakeFiles/PicoWBLEFreeRTOS.dir/P_/RaspberryPicoSDK/pico-sdk/lib/tinyusb/src/device/usbd_control.c.obj
                0x10005f08                usbd_control_set_request
 .text.usbd_control_xfer_cb
                0x10005f24       0xcc src/CMakeFiles/PicoWBLEFreeRTOS.dir/P_/RaspberryPicoSDK/pico-sdk/lib/tinyusb/src/device/usbd_control.c.obj
                0x10005f24                usbd_control_xfer_cb
 .text._prep_out_transaction
                0x10005ff0       0x4a src/CMakeFiles/PicoWBLEFreeRTOS.dir/P_/RaspberryPicoSDK/pico-sdk/lib/tinyusb/src/class/cdc/cdc_device.c.obj
 *fill*         0x1000603a        0x2 
 .text.tud_cdc_n_connected
                0x1000603c       0x44 src/CMakeFiles/PicoWBLEFreeRTOS.dir/P_/RaspberryPicoSDK/pico-sdk/lib/tinyusb/src/class/cdc/cdc_device.c.obj
                0x1000603c                tud_cdc_n_connected
 .text.tud_cdc_n_available
                0x10006080       0x18 src/CMakeFiles/PicoWBLEFreeRTOS.dir/P_/RaspberryPicoSDK/pico-sdk/lib/tinyusb/src/class/cdc/cdc_device.c.obj
                0x10006080                tud_cdc_n_available
 .text.tud_cdc_n_read
                0x10006098       0x28 src/CMakeFiles/PicoWBLEFreeRTOS.dir/P_/RaspberryPicoSDK/pico-sdk/lib/tinyusb/src/class/cdc/cdc_device.c.obj
                0x10006098                tud_cdc_n_read
 .text.tud_cdc_n_write_flush
                0x100060c0       0xb8 src/CMakeFiles/PicoWBLEFreeRTOS.dir/P_/RaspberryPicoSDK/pico-sdk/lib/tinyusb/src/class/cdc/cdc_device.c.obj
                0x100060c0                tud_cdc_n_write_flush
 .text.tud_cdc_n_write
                0x10006178       0x38 src/CMakeFiles/PicoWBLEFreeRTOS.dir/P_/RaspberryPicoSDK/pico-sdk/lib/tinyusb/src/class/cdc/cdc_device.c.obj
                0x10006178                tud_cdc_n_write
 .text.tud_cdc_n_write_available
                0x100061b0       0x1c src/CMakeFiles/PicoWBLEFreeRTOS.dir/P_/RaspberryPicoSDK/pico-sdk/lib/tinyusb/src/class/cdc/cdc_device.c.obj
                0x100061b0                tud_cdc_n_write_available
 .text.cdcd_init
                0x100061cc       0xbc src/CMakeFiles/PicoWBLEFreeRTOS.dir/P_/RaspberryPicoSDK/pico-sdk/lib/tinyusb/src/class/cdc/cdc_device.c.obj
                0x100061cc                cdcd_init
 .text.cdcd_reset
                0x10006288       0x44 src/CMakeFiles/PicoWBLEFreeRTOS.dir/P_/RaspberryPicoSDK/pico-sdk/lib/tinyusb/src/class/cdc/cdc_device.c.obj
                0x10006288                cdcd_reset
 .text.cdcd_open
                0x100062cc       0xcc src/CMakeFiles/PicoWBLEFreeRTOS.dir/P_/RaspberryPicoSDK/pico-sdk/lib/tinyusb/src/class/cdc/cdc_device.c.obj
                0x100062cc                cdcd_open
 .text.cdcd_control_xfer_cb
                0x10006398      0x134 src/CMakeFiles/PicoWBLEFreeRTOS.dir/P_/RaspberryPicoSDK/pico-sdk/lib/tinyusb/src/class/cdc/cdc_device.c.obj
                0x10006398                cdcd_control_xfer_cb
 .text.cdcd_xfer_cb
                0x100064cc      0x130 src/CMakeFiles/PicoWBLEFreeRTOS.dir/P_/RaspberryPicoSDK/pico-sdk/lib/tinyusb/src/class/cdc/cdc_device.c.obj
                0x100064cc                cdcd_xfer_cb
 .text.tusb_init
                0x100065fc        0xa src/CMakeFiles/PicoWBLEFreeRTOS.dir/P_/RaspberryPicoSDK/pico-sdk/lib/tinyusb/src/tusb.c.obj
                0x100065fc                tusb_init
 .text.tusb_inited
                0x10006606        0xe src/CMakeFiles/PicoWBLEFreeRTOS.dir/P_/RaspberryPicoSDK/pico-sdk/lib/tinyusb/src/tusb.c.obj
                0x10006606                tusb_inited
 .text.tu_edpt_claim
                0x10006614       0x50 src/CMakeFiles/PicoWBLEFreeRTOS.dir/P_/RaspberryPicoSDK/pico-sdk/lib/tinyusb/src/tusb.c.obj
                0x10006614                tu_edpt_claim
 .text.tu_edpt_release
                0x10006664       0x3c src/CMakeFiles/PicoWBLEFreeRTOS.dir/P_/RaspberryPicoSDK/pico-sdk/lib/tinyusb/src/tusb.c.obj
                0x10006664                tu_edpt_release
 .text.tu_edpt_validate
                0x100066a0       0x78 src/CMakeFiles/PicoWBLEFreeRTOS.dir/P_/RaspberryPicoSDK/pico-sdk/lib/tinyusb/src/tusb.c.obj
                0x100066a0                tu_edpt_validate
 .text.tu_edpt_bind_driver
                0x10006718       0x26 src/CMakeFiles/PicoWBLEFreeRTOS.dir/P_/RaspberryPicoSDK/pico-sdk/lib/tinyusb/src/tusb.c.obj
                0x10006718                tu_edpt_bind_driver
 .text.advance_index
                0x1000673e       0x1a src/CMakeFiles/PicoWBLEFreeRTOS.dir/P_/RaspberryPicoSDK/pico-sdk/lib/tinyusb/src/common/tusb_fifo.c.obj
 .text._tu_fifo_peek
                0x10006758       0x56 src/CMakeFiles/PicoWBLEFreeRTOS.dir/P_/RaspberryPicoSDK/pico-sdk/lib/tinyusb/src/common/tusb_fifo.c.obj
 .text._ff_pull_const_addr
                0x100067ae       0x4c src/CMakeFiles/PicoWBLEFreeRTOS.dir/P_/RaspberryPicoSDK/pico-sdk/lib/tinyusb/src/common/tusb_fifo.c.obj
 .text._ff_pull_n
                0x100067fa      0x110 src/CMakeFiles/PicoWBLEFreeRTOS.dir/P_/RaspberryPicoSDK/pico-sdk/lib/tinyusb/src/common/tusb_fifo.c.obj
 .text._tu_fifo_peek_n
                0x1000690a       0x6a src/CMakeFiles/PicoWBLEFreeRTOS.dir/P_/RaspberryPicoSDK/pico-sdk/lib/tinyusb/src/common/tusb_fifo.c.obj
 .text._tu_fifo_read_n
                0x10006974       0x4e src/CMakeFiles/PicoWBLEFreeRTOS.dir/P_/RaspberryPicoSDK/pico-sdk/lib/tinyusb/src/common/tusb_fifo.c.obj
 .text._ff_push_const_addr
                0x100069c2       0x40 src/CMakeFiles/PicoWBLEFreeRTOS.dir/P_/RaspberryPicoSDK/pico-sdk/lib/tinyusb/src/common/tusb_fifo.c.obj
 .text._ff_push_n
                0x10006a02      0x10c src/CMakeFiles/PicoWBLEFreeRTOS.dir/P_/RaspberryPicoSDK/pico-sdk/lib/tinyusb/src/common/tusb_fifo.c.obj
 .text._tu_fifo_write_n
                0x10006b0e       0xf0 src/CMakeFiles/PicoWBLEFreeRTOS.dir/P_/RaspberryPicoSDK/pico-sdk/lib/tinyusb/src/common/tusb_fifo.c.obj
 .text.tu_fifo_config
                0x10006bfe       0x7c src/CMakeFiles/PicoWBLEFreeRTOS.dir/P_/RaspberryPicoSDK/pico-sdk/lib/tinyusb/src/common/tusb_fifo.c.obj
                0x10006bfe                tu_fifo_config
 .text.tu_fifo_count
                0x10006c7a       0x2a src/CMakeFiles/PicoWBLEFreeRTOS.dir/P_/RaspberryPicoSDK/pico-sdk/lib/tinyusb/src/common/tusb_fifo.c.obj
                0x10006c7a                tu_fifo_count
 .text.tu_fifo_empty
                0x10006ca4       0x10 src/CMakeFiles/PicoWBLEFreeRTOS.dir/P_/RaspberryPicoSDK/pico-sdk/lib/tinyusb/src/common/tusb_fifo.c.obj
                0x10006ca4                tu_fifo_empty
 .text.tu_fifo_full
                0x10006cb4       0x28 src/CMakeFiles/PicoWBLEFreeRTOS.dir/P_/RaspberryPicoSDK/pico-sdk/lib/tinyusb/src/common/tusb_fifo.c.obj
                0x10006cb4                tu_fifo_full
 .text.tu_fifo_remaining
                0x10006cdc       0x2c src/CMakeFiles/PicoWBLEFreeRTOS.dir/P_/RaspberryPicoSDK/pico-sdk/lib/tinyusb/src/common/tusb_fifo.c.obj
                0x10006cdc                tu_fifo_remaining
 .text.tu_fifo_read
                0x10006d08       0x42 src/CMakeFiles/PicoWBLEFreeRTOS.dir/P_/RaspberryPicoSDK/pico-sdk/lib/tinyusb/src/common/tusb_fifo.c.obj
                0x10006d08                tu_fifo_read
 .text.tu_fifo_read_n
                0x10006d4a        0xa src/CMakeFiles/PicoWBLEFreeRTOS.dir/P_/RaspberryPicoSDK/pico-sdk/lib/tinyusb/src/common/tusb_fifo.c.obj
                0x10006d4a                tu_fifo_read_n
 .text.tu_fifo_write
                0x10006d54       0x64 src/CMakeFiles/PicoWBLEFreeRTOS.dir/P_/RaspberryPicoSDK/pico-sdk/lib/tinyusb/src/common/tusb_fifo.c.obj
                0x10006d54                tu_fifo_write
 .text.tu_fifo_write_n
                0x10006db8        0xa src/CMakeFiles/PicoWBLEFreeRTOS.dir/P_/RaspberryPicoSDK/pico-sdk/lib/tinyusb/src/common/tusb_fifo.c.obj
                0x10006db8                tu_fifo_write_n
 .text.tu_fifo_clear
                0x10006dc2       0x3e src/CMakeFiles/PicoWBLEFreeRTOS.dir/P_/RaspberryPicoSDK/pico-sdk/lib/tinyusb/src/common/tusb_fifo.c.obj
                0x10006dc2                tu_fifo_clear
 .text.tu_fifo_set_overwritable
                0x10006e00       0x46 src/CMakeFiles/PicoWBLEFreeRTOS.dir/P_/RaspberryPicoSDK/pico-sdk/lib/tinyusb/src/common/tusb_fifo.c.obj
                0x10006e00                tu_fifo_set_overwritable
 *fill*         0x10006e46        0x2 
 .text.cyw43_arch_set_async_context
                0x10006e48        0xc src/CMakeFiles/PicoWBLEFreeRTOS.dir/P_/RaspberryPicoSDK/pico-sdk/src/rp2_common/pico_cyw43_arch/cyw43_arch.c.obj
                0x10006e48                cyw43_arch_set_async_context
 .text.cyw43_arch_gpio_put
                0x10006e54       0x14 src/CMakeFiles/PicoWBLEFreeRTOS.dir/P_/RaspberryPicoSDK/pico-sdk/src/rp2_common/pico_cyw43_arch/cyw43_arch.c.obj
                0x10006e54                cyw43_arch_gpio_put
 .text.cyw43_arch_async_context
                0x10006e68        0xc src/CMakeFiles/PicoWBLEFreeRTOS.dir/P_/RaspberryPicoSDK/pico-sdk/src/rp2_common/pico_cyw43_arch/cyw43_arch.c.obj
                0x10006e68                cyw43_arch_async_context
 .text.cyw43_arch_init_default_async_context
                0x10006e74       0x20 src/CMakeFiles/PicoWBLEFreeRTOS.dir/P_/RaspberryPicoSDK/pico-sdk/src/rp2_common/pico_cyw43_arch/cyw43_arch_threadsafe_background.c.obj
                0x10006e74                cyw43_arch_init_default_async_context
 .text.cyw43_arch_deinit
                0x10006e94       0x28 src/CMakeFiles/PicoWBLEFreeRTOS.dir/P_/RaspberryPicoSDK/pico-sdk/src/rp2_common/pico_cyw43_arch/cyw43_arch_threadsafe_background.c.obj
                0x10006e94                cyw43_arch_deinit
 .text.cyw43_arch_init
                0x10006ebc       0x36 src/CMakeFiles/PicoWBLEFreeRTOS.dir/P_/RaspberryPicoSDK/pico-sdk/src/rp2_common/pico_cyw43_arch/cyw43_arch_threadsafe_background.c.obj
                0x10006ebc                cyw43_arch_init
 .text.cs_set   0x10006ef2       0x1c src/CMakeFiles/PicoWBLEFreeRTOS.dir/P_/RaspberryPicoSDK/pico-sdk/src/rp2_common/pico_cyw43_driver/cyw43_bus_pio_spi.c.obj
 *fill*         0x10006f0e        0x2 
 .text.start_spi_comms
                0x10006f10       0x2c src/CMakeFiles/PicoWBLEFreeRTOS.dir/P_/RaspberryPicoSDK/pico-sdk/src/rp2_common/pico_cyw43_driver/cyw43_bus_pio_spi.c.obj
 .text.ns_delay
                0x10006f3c       0x20 src/CMakeFiles/PicoWBLEFreeRTOS.dir/P_/RaspberryPicoSDK/pico-sdk/src/rp2_common/pico_cyw43_driver/cyw43_bus_pio_spi.c.obj
 .text.stop_spi_comms
                0x10006f5c       0x10 src/CMakeFiles/PicoWBLEFreeRTOS.dir/P_/RaspberryPicoSDK/pico-sdk/src/rp2_common/pico_cyw43_driver/cyw43_bus_pio_spi.c.obj
 .text.cyw43_spi_deinit
                0x10006f6c       0x74 src/CMakeFiles/PicoWBLEFreeRTOS.dir/P_/RaspberryPicoSDK/pico-sdk/src/rp2_common/pico_cyw43_driver/cyw43_bus_pio_spi.c.obj
                0x10006f6c                cyw43_spi_deinit
 .text.cyw43_spi_init
                0x10006fe0      0x284 src/CMakeFiles/PicoWBLEFreeRTOS.dir/P_/RaspberryPicoSDK/pico-sdk/src/rp2_common/pico_cyw43_driver/cyw43_bus_pio_spi.c.obj
                0x10006fe0                cyw43_spi_init
 .text.cyw43_spi_transfer
                0x10007264      0x694 src/CMakeFiles/PicoWBLEFreeRTOS.dir/P_/RaspberryPicoSDK/pico-sdk/src/rp2_common/pico_cyw43_driver/cyw43_bus_pio_spi.c.obj
                0x10007264                cyw43_spi_transfer
 .text.cyw43_spi_gpio_setup
                0x100078f8       0x3a src/CMakeFiles/PicoWBLEFreeRTOS.dir/P_/RaspberryPicoSDK/pico-sdk/src/rp2_common/pico_cyw43_driver/cyw43_bus_pio_spi.c.obj
                0x100078f8                cyw43_spi_gpio_setup
 .text.cyw43_spi_reset
                0x10007932       0x28 src/CMakeFiles/PicoWBLEFreeRTOS.dir/P_/RaspberryPicoSDK/pico-sdk/src/rp2_common/pico_cyw43_driver/cyw43_bus_pio_spi.c.obj
                0x10007932                cyw43_spi_reset
 *fill*         0x1000795a        0x2 
 .text.read_reg_u32_swap
                0x1000795c       0x68 src/CMakeFiles/PicoWBLEFreeRTOS.dir/P_/RaspberryPicoSDK/pico-sdk/src/rp2_common/pico_cyw43_driver/cyw43_bus_pio_spi.c.obj
                0x1000795c                read_reg_u32_swap
 .text.cyw43_read_reg_u32
                0x100079c4       0x54 src/CMakeFiles/PicoWBLEFreeRTOS.dir/P_/RaspberryPicoSDK/pico-sdk/src/rp2_common/pico_cyw43_driver/cyw43_bus_pio_spi.c.obj
                0x100079c4                cyw43_read_reg_u32
 .text.cyw43_read_reg_u16
                0x10007a18       0x54 src/CMakeFiles/PicoWBLEFreeRTOS.dir/P_/RaspberryPicoSDK/pico-sdk/src/rp2_common/pico_cyw43_driver/cyw43_bus_pio_spi.c.obj
                0x10007a18                cyw43_read_reg_u16
 .text.cyw43_read_reg_u8
                0x10007a6c       0x54 src/CMakeFiles/PicoWBLEFreeRTOS.dir/P_/RaspberryPicoSDK/pico-sdk/src/rp2_common/pico_cyw43_driver/cyw43_bus_pio_spi.c.obj
                0x10007a6c                cyw43_read_reg_u8
 .text.write_reg_u32_swap
                0x10007ac0       0x34 src/CMakeFiles/PicoWBLEFreeRTOS.dir/P_/RaspberryPicoSDK/pico-sdk/src/rp2_common/pico_cyw43_driver/cyw43_bus_pio_spi.c.obj
                0x10007ac0                write_reg_u32_swap
 .text.cyw43_write_reg_u32
                0x10007af4       0x58 src/CMakeFiles/PicoWBLEFreeRTOS.dir/P_/RaspberryPicoSDK/pico-sdk/src/rp2_common/pico_cyw43_driver/cyw43_bus_pio_spi.c.obj
                0x10007af4                cyw43_write_reg_u32
 .text.cyw43_write_reg_u16
                0x10007b4c       0x58 src/CMakeFiles/PicoWBLEFreeRTOS.dir/P_/RaspberryPicoSDK/pico-sdk/src/rp2_common/pico_cyw43_driver/cyw43_bus_pio_spi.c.obj
                0x10007b4c                cyw43_write_reg_u16
 .text.cyw43_write_reg_u8
                0x10007ba4       0x58 src/CMakeFiles/PicoWBLEFreeRTOS.dir/P_/RaspberryPicoSDK/pico-sdk/src/rp2_common/pico_cyw43_driver/cyw43_bus_pio_spi.c.obj
                0x10007ba4                cyw43_write_reg_u8
 .text.cyw43_read_bytes
                0x10007bfc      0x104 src/CMakeFiles/PicoWBLEFreeRTOS.dir/P_/RaspberryPicoSDK/pico-sdk/src/rp2_common/pico_cyw43_driver/cyw43_bus_pio_spi.c.obj
                0x10007bfc                cyw43_read_bytes
 .text.cyw43_write_bytes
                0x10007d00      0x128 src/CMakeFiles/PicoWBLEFreeRTOS.dir/P_/RaspberryPicoSDK/pico-sdk/src/rp2_common/pico_cyw43_driver/cyw43_bus_pio_spi.c.obj
                0x10007d00                cyw43_write_bytes
 .text.get_core_address
                0x10007e28       0x1c src/CMakeFiles/PicoWBLEFreeRTOS.dir/P_/RaspberryPicoSDK/pico-sdk/lib/cyw43-driver/src/cyw43_ll.c.obj
 .text.sdpcm_process_rx_packet
                0x10007e44      0x180 src/CMakeFiles/PicoWBLEFreeRTOS.dir/P_/RaspberryPicoSDK/pico-sdk/lib/cyw43-driver/src/cyw43_ll.c.obj
 .text.cyw43_ll_wifi_parse_scan_result
                0x10007fc4       0x9c src/CMakeFiles/PicoWBLEFreeRTOS.dir/P_/RaspberryPicoSDK/pico-sdk/lib/cyw43-driver/src/cyw43_ll.c.obj
 .text.cyw43_ll_parse_async_event
                0x10008060       0x8e src/CMakeFiles/PicoWBLEFreeRTOS.dir/P_/RaspberryPicoSDK/pico-sdk/lib/cyw43-driver/src/cyw43_ll.c.obj
 *fill*         0x100080ee        0x2 
 .text.cyw43_kso_set
                0x100080f0       0x98 src/CMakeFiles/PicoWBLEFreeRTOS.dir/P_/RaspberryPicoSDK/pico-sdk/lib/cyw43-driver/src/cyw43_ll.c.obj
 .text.cyw43_ll_bus_sleep_helper
                0x10008188        0xe src/CMakeFiles/PicoWBLEFreeRTOS.dir/P_/RaspberryPicoSDK/pico-sdk/lib/cyw43-driver/src/cyw43_ll.c.obj
 *fill*         0x10008196        0x2 
 .text.cyw43_read_reg
                0x10008198       0x48 src/CMakeFiles/PicoWBLEFreeRTOS.dir/P_/RaspberryPicoSDK/pico-sdk/lib/cyw43-driver/src/cyw43_ll.c.obj
 .text.cyw43_write_reg
                0x100081e0       0x4c src/CMakeFiles/PicoWBLEFreeRTOS.dir/P_/RaspberryPicoSDK/pico-sdk/lib/cyw43-driver/src/cyw43_ll.c.obj
 .text.cyw43_set_backplane_window
                0x1000822c       0x74 src/CMakeFiles/PicoWBLEFreeRTOS.dir/P_/RaspberryPicoSDK/pico-sdk/lib/cyw43-driver/src/cyw43_ll.c.obj
 .text.cyw43_read_backplane
                0x100082a0       0x30 src/CMakeFiles/PicoWBLEFreeRTOS.dir/P_/RaspberryPicoSDK/pico-sdk/lib/cyw43-driver/src/cyw43_ll.c.obj
 .text.disable_device_core
                0x100082d0       0x3c src/CMakeFiles/PicoWBLEFreeRTOS.dir/P_/RaspberryPicoSDK/pico-sdk/lib/cyw43-driver/src/cyw43_ll.c.obj
 .text.device_core_is_up
                0x1000830c       0x4c src/CMakeFiles/PicoWBLEFreeRTOS.dir/P_/RaspberryPicoSDK/pico-sdk/lib/cyw43-driver/src/cyw43_ll.c.obj
 .text.cyw43_write_backplane
                0x10008358       0x34 src/CMakeFiles/PicoWBLEFreeRTOS.dir/P_/RaspberryPicoSDK/pico-sdk/lib/cyw43-driver/src/cyw43_ll.c.obj
 .text.reset_device_core
                0x1000838c       0x74 src/CMakeFiles/PicoWBLEFreeRTOS.dir/P_/RaspberryPicoSDK/pico-sdk/lib/cyw43-driver/src/cyw43_ll.c.obj
 .text.cyw43_download_resource
                0x10008400      0x17c src/CMakeFiles/PicoWBLEFreeRTOS.dir/P_/RaspberryPicoSDK/pico-sdk/lib/cyw43-driver/src/cyw43_ll.c.obj
 .text.cyw43_ll_init
                0x1000857c       0x20 src/CMakeFiles/PicoWBLEFreeRTOS.dir/P_/RaspberryPicoSDK/pico-sdk/lib/cyw43-driver/src/cyw43_ll.c.obj
                0x1000857c                cyw43_ll_init
 .text.cyw43_ll_deinit
                0x1000859c        0x8 src/CMakeFiles/PicoWBLEFreeRTOS.dir/P_/RaspberryPicoSDK/pico-sdk/lib/cyw43-driver/src/cyw43_ll.c.obj
                0x1000859c                cyw43_ll_deinit
 .text.cyw43_ll_bus_sleep
                0x100085a4       0x34 src/CMakeFiles/PicoWBLEFreeRTOS.dir/P_/RaspberryPicoSDK/pico-sdk/lib/cyw43-driver/src/cyw43_ll.c.obj
                0x100085a4                cyw43_ll_bus_sleep
 .text.cyw43_ll_sdpcm_poll_device
                0x100085d8      0x158 src/CMakeFiles/PicoWBLEFreeRTOS.dir/P_/RaspberryPicoSDK/pico-sdk/lib/cyw43-driver/src/cyw43_ll.c.obj
 .text.cyw43_ll_process_packets
                0x10008730       0x5c src/CMakeFiles/PicoWBLEFreeRTOS.dir/P_/RaspberryPicoSDK/pico-sdk/lib/cyw43-driver/src/cyw43_ll.c.obj
                0x10008730                cyw43_ll_process_packets
 .text.cyw43_sdpcm_send_common
                0x1000878c      0x104 src/CMakeFiles/PicoWBLEFreeRTOS.dir/P_/RaspberryPicoSDK/pico-sdk/lib/cyw43-driver/src/cyw43_ll.c.obj
 .text.cyw43_send_ioctl
                0x10008890       0x56 src/CMakeFiles/PicoWBLEFreeRTOS.dir/P_/RaspberryPicoSDK/pico-sdk/lib/cyw43-driver/src/cyw43_ll.c.obj
 *fill*         0x100088e6        0x2 
 .text.cyw43_do_ioctl
                0x100088e8       0xc0 src/CMakeFiles/PicoWBLEFreeRTOS.dir/P_/RaspberryPicoSDK/pico-sdk/lib/cyw43-driver/src/cyw43_ll.c.obj
 .text.cyw43_ll_ioctl
                0x100089a8       0x1e src/CMakeFiles/PicoWBLEFreeRTOS.dir/P_/RaspberryPicoSDK/pico-sdk/lib/cyw43-driver/src/cyw43_ll.c.obj
                0x100089a8                cyw43_ll_ioctl
 *fill*         0x100089c6        0x2 
 .text.cyw43_clm_load
                0x100089c8       0xdc src/CMakeFiles/PicoWBLEFreeRTOS.dir/P_/RaspberryPicoSDK/pico-sdk/lib/cyw43-driver/src/cyw43_ll.c.obj
 .text.cyw43_write_iovar_u32
                0x10008aa4       0x60 src/CMakeFiles/PicoWBLEFreeRTOS.dir/P_/RaspberryPicoSDK/pico-sdk/lib/cyw43-driver/src/cyw43_ll.c.obj
 .text.cyw43_write_iovar_n
                0x10008b04       0x50 src/CMakeFiles/PicoWBLEFreeRTOS.dir/P_/RaspberryPicoSDK/pico-sdk/lib/cyw43-driver/src/cyw43_ll.c.obj
 .text.cyw43_set_ioctl_u32
                0x10008b54       0x30 src/CMakeFiles/PicoWBLEFreeRTOS.dir/P_/RaspberryPicoSDK/pico-sdk/lib/cyw43-driver/src/cyw43_ll.c.obj
 .text.cyw43_write_iovar_u32_u32
                0x10008b84       0x74 src/CMakeFiles/PicoWBLEFreeRTOS.dir/P_/RaspberryPicoSDK/pico-sdk/lib/cyw43-driver/src/cyw43_ll.c.obj
 .text.cyw43_ll_wifi_get_mac
                0x10008bf8       0x48 src/CMakeFiles/PicoWBLEFreeRTOS.dir/P_/RaspberryPicoSDK/pico-sdk/lib/cyw43-driver/src/cyw43_ll.c.obj
                0x10008bf8                cyw43_ll_wifi_get_mac
 .text.cyw43_ll_bus_init
                0x10008c40      0x360 src/CMakeFiles/PicoWBLEFreeRTOS.dir/P_/RaspberryPicoSDK/pico-sdk/lib/cyw43-driver/src/cyw43_ll.c.obj
                0x10008c40                cyw43_ll_bus_init
 .text.cyw43_ll_wifi_set_wpa_auth
                0x10008fa0        0xe src/CMakeFiles/PicoWBLEFreeRTOS.dir/P_/RaspberryPicoSDK/pico-sdk/lib/cyw43-driver/src/cyw43_ll.c.obj
                0x10008fa0                cyw43_ll_wifi_set_wpa_auth
 *fill*         0x10008fae        0x2 
 .text.cyw43_ll_wifi_rejoin
                0x10008fb0       0x20 src/CMakeFiles/PicoWBLEFreeRTOS.dir/P_/RaspberryPicoSDK/pico-sdk/lib/cyw43-driver/src/cyw43_ll.c.obj
                0x10008fb0                cyw43_ll_wifi_rejoin
 .text.cyw43_ll_gpio_set
                0x10008fd0       0x30 src/CMakeFiles/PicoWBLEFreeRTOS.dir/P_/RaspberryPicoSDK/pico-sdk/lib/cyw43-driver/src/cyw43_ll.c.obj
                0x10008fd0                cyw43_ll_gpio_set
 .text.cyw43_ll_has_work
                0x10009000       0x12 src/CMakeFiles/PicoWBLEFreeRTOS.dir/P_/RaspberryPicoSDK/pico-sdk/lib/cyw43-driver/src/cyw43_ll.c.obj
                0x10009000                cyw43_ll_has_work
 *fill*         0x10009012        0x2 
 .text.cyw43_poll_func
                0x10009014       0xb0 src/CMakeFiles/PicoWBLEFreeRTOS.dir/P_/RaspberryPicoSDK/pico-sdk/lib/cyw43-driver/src/cyw43_ctrl.c.obj
 .text.cyw43_dump_async_event
                0x100090c4       0x8c src/CMakeFiles/PicoWBLEFreeRTOS.dir/P_/RaspberryPicoSDK/pico-sdk/lib/cyw43-driver/src/cyw43_ctrl.c.obj
 .text.cyw43_ensure_up
                0x10009150       0xec src/CMakeFiles/PicoWBLEFreeRTOS.dir/P_/RaspberryPicoSDK/pico-sdk/lib/cyw43-driver/src/cyw43_ctrl.c.obj
 .text.cyw43_init
                0x1000923c       0x8c src/CMakeFiles/PicoWBLEFreeRTOS.dir/P_/RaspberryPicoSDK/pico-sdk/lib/cyw43-driver/src/cyw43_ctrl.c.obj
                0x1000923c                cyw43_init
 .text.cyw43_deinit
                0x100092c8       0x3c src/CMakeFiles/PicoWBLEFreeRTOS.dir/P_/RaspberryPicoSDK/pico-sdk/lib/cyw43-driver/src/cyw43_ctrl.c.obj
                0x100092c8                cyw43_deinit
 .text.cyw43_cb_read_host_interrupt_pin
                0x10009304        0xe src/CMakeFiles/PicoWBLEFreeRTOS.dir/P_/RaspberryPicoSDK/pico-sdk/lib/cyw43-driver/src/cyw43_ctrl.c.obj
                0x10009304                cyw43_cb_read_host_interrupt_pin
 *fill*         0x10009312        0x2 
 .text.cyw43_cb_ensure_awake
                0x10009314        0xc src/CMakeFiles/PicoWBLEFreeRTOS.dir/P_/RaspberryPicoSDK/pico-sdk/lib/cyw43-driver/src/cyw43_ctrl.c.obj
                0x10009314                cyw43_cb_ensure_awake
 .text.cyw43_cb_process_async_event
                0x10009320      0x1b8 src/CMakeFiles/PicoWBLEFreeRTOS.dir/P_/RaspberryPicoSDK/pico-sdk/lib/cyw43-driver/src/cyw43_ctrl.c.obj
                0x10009320                cyw43_cb_process_async_event
 .text.cyw43_gpio_set
                0x100094d8       0x30 src/CMakeFiles/PicoWBLEFreeRTOS.dir/P_/RaspberryPicoSDK/pico-sdk/lib/cyw43-driver/src/cyw43_ctrl.c.obj
                0x100094d8                cyw43_gpio_set
 .text._pio_can_add_program_at_offset
                0x10009508       0x3c src/CMakeFiles/PicoWBLEFreeRTOS.dir/P_/RaspberryPicoSDK/pico-sdk/src/rp2_common/hardware_pio/pio.c.obj
 .text._pio_find_offset_for_program
                0x10009544       0x7c src/CMakeFiles/PicoWBLEFreeRTOS.dir/P_/RaspberryPicoSDK/pico-sdk/src/rp2_common/hardware_pio/pio.c.obj
 .text._pio_add_program_at_offset
                0x100095c0       0x78 src/CMakeFiles/PicoWBLEFreeRTOS.dir/P_/RaspberryPicoSDK/pico-sdk/src/rp2_common/hardware_pio/pio.c.obj
 .text.pio_sm_unclaim
                0x10009638       0x20 src/CMakeFiles/PicoWBLEFreeRTOS.dir/P_/RaspberryPicoSDK/pico-sdk/src/rp2_common/hardware_pio/pio.c.obj
                0x10009638                pio_sm_unclaim
 .text.pio_claim_unused_sm
                0x10009658       0x3c src/CMakeFiles/PicoWBLEFreeRTOS.dir/P_/RaspberryPicoSDK/pico-sdk/src/rp2_common/hardware_pio/pio.c.obj
                0x10009658                pio_claim_unused_sm
 .text.pio_can_add_program
                0x10009694       0x26 src/CMakeFiles/PicoWBLEFreeRTOS.dir/P_/RaspberryPicoSDK/pico-sdk/src/rp2_common/hardware_pio/pio.c.obj
                0x10009694                pio_can_add_program
 *fill*         0x100096ba        0x2 
 .text.pio_add_program
                0x100096bc       0x38 src/CMakeFiles/PicoWBLEFreeRTOS.dir/P_/RaspberryPicoSDK/pico-sdk/src/rp2_common/hardware_pio/pio.c.obj
                0x100096bc                pio_add_program
 .text.pio_remove_program
                0x100096f4       0x58 src/CMakeFiles/PicoWBLEFreeRTOS.dir/P_/RaspberryPicoSDK/pico-sdk/src/rp2_common/hardware_pio/pio.c.obj
                0x100096f4                pio_remove_program
 .text.pio_sm_set_pindirs_with_mask
                0x1000974c       0x9c src/CMakeFiles/PicoWBLEFreeRTOS.dir/P_/RaspberryPicoSDK/pico-sdk/src/rp2_common/hardware_pio/pio.c.obj
                0x1000974c                pio_sm_set_pindirs_with_mask
 .text.pio_sm_set_consecutive_pindirs
                0x100097e8       0xa4 src/CMakeFiles/PicoWBLEFreeRTOS.dir/P_/RaspberryPicoSDK/pico-sdk/src/rp2_common/hardware_pio/pio.c.obj
                0x100097e8                pio_sm_set_consecutive_pindirs
 .text.dma_channel_unclaim
                0x1000988c       0x10 src/CMakeFiles/PicoWBLEFreeRTOS.dir/P_/RaspberryPicoSDK/pico-sdk/src/rp2_common/hardware_dma/dma.c.obj
                0x1000988c                dma_channel_unclaim
 .text.dma_claim_unused_channel
                0x1000989c       0x20 src/CMakeFiles/PicoWBLEFreeRTOS.dir/P_/RaspberryPicoSDK/pico-sdk/src/rp2_common/hardware_dma/dma.c.obj
                0x1000989c                dma_claim_unused_channel
 .text.dma_channel_cleanup
                0x100098bc       0x5c src/CMakeFiles/PicoWBLEFreeRTOS.dir/P_/RaspberryPicoSDK/pico-sdk/src/rp2_common/hardware_dma/dma.c.obj
                0x100098bc                dma_channel_cleanup
 .text.exception_is_compile_time_default
                0x10009918       0x20 src/CMakeFiles/PicoWBLEFreeRTOS.dir/P_/RaspberryPicoSDK/pico-sdk/src/rp2_common/hardware_exception/exception.c.obj
 .text.set_raw_exception_handler_and_restore_interrupts
                0x10009938       0x18 src/CMakeFiles/PicoWBLEFreeRTOS.dir/P_/RaspberryPicoSDK/pico-sdk/src/rp2_common/hardware_exception/exception.c.obj
 .text.exception_get_vtable_handler
                0x10009950       0x10 src/CMakeFiles/PicoWBLEFreeRTOS.dir/P_/RaspberryPicoSDK/pico-sdk/src/rp2_common/hardware_exception/exception.c.obj
                0x10009950                exception_get_vtable_handler
 .text.exception_set_exclusive_handler
                0x10009960       0x44 src/CMakeFiles/PicoWBLEFreeRTOS.dir/P_/RaspberryPicoSDK/pico-sdk/src/rp2_common/hardware_exception/exception.c.obj
                0x10009960                exception_set_exclusive_handler
 .text.cyw43_sleep_timeout_reached
                0x100099a4       0x50 src/CMakeFiles/PicoWBLEFreeRTOS.dir/P_/RaspberryPicoSDK/pico-sdk/src/rp2_common/pico_cyw43_driver/cyw43_driver.c.obj
 .text.cyw43_set_irq_enabled
                0x100099f4        0xe src/CMakeFiles/PicoWBLEFreeRTOS.dir/P_/RaspberryPicoSDK/pico-sdk/src/rp2_common/pico_cyw43_driver/cyw43_driver.c.obj
 *fill*         0x10009a02        0x2 
 .text.cyw43_irq_init
                0x10009a04       0x50 src/CMakeFiles/PicoWBLEFreeRTOS.dir/P_/RaspberryPicoSDK/pico-sdk/src/rp2_common/pico_cyw43_driver/cyw43_driver.c.obj
                0x10009a04                cyw43_irq_init
 .text.cyw43_gpio_irq_handler
                0x10009a54       0x40 src/CMakeFiles/PicoWBLEFreeRTOS.dir/P_/RaspberryPicoSDK/pico-sdk/src/rp2_common/pico_cyw43_driver/cyw43_driver.c.obj
 .text.cyw43_irq_deinit
                0x10009a94       0x48 src/CMakeFiles/PicoWBLEFreeRTOS.dir/P_/RaspberryPicoSDK/pico-sdk/src/rp2_common/pico_cyw43_driver/cyw43_driver.c.obj
                0x10009a94                cyw43_irq_deinit
 .text.no_lwip_fail
                0x10009adc        0xc src/CMakeFiles/PicoWBLEFreeRTOS.dir/P_/RaspberryPicoSDK/pico-sdk/src/rp2_common/pico_cyw43_driver/cyw43_driver.c.obj
 .text.cyw43_do_poll
                0x10009ae8       0xc8 src/CMakeFiles/PicoWBLEFreeRTOS.dir/P_/RaspberryPicoSDK/pico-sdk/src/rp2_common/pico_cyw43_driver/cyw43_driver.c.obj
 .text.cyw43_post_poll_hook
                0x10009bb0       0x38 src/CMakeFiles/PicoWBLEFreeRTOS.dir/P_/RaspberryPicoSDK/pico-sdk/src/rp2_common/pico_cyw43_driver/cyw43_driver.c.obj
                0x10009bb0                cyw43_post_poll_hook
 .text.cyw43_schedule_internal_poll_dispatch
                0x10009be8       0x3c src/CMakeFiles/PicoWBLEFreeRTOS.dir/P_/RaspberryPicoSDK/pico-sdk/src/rp2_common/pico_cyw43_driver/cyw43_driver.c.obj
                0x10009be8                cyw43_schedule_internal_poll_dispatch
 .text.cyw43_driver_init
                0x10009c24       0x38 src/CMakeFiles/PicoWBLEFreeRTOS.dir/P_/RaspberryPicoSDK/pico-sdk/src/rp2_common/pico_cyw43_driver/cyw43_driver.c.obj
                0x10009c24                cyw43_driver_init
 .text.cyw43_driver_deinit
                0x10009c5c       0x64 src/CMakeFiles/PicoWBLEFreeRTOS.dir/P_/RaspberryPicoSDK/pico-sdk/src/rp2_common/pico_cyw43_driver/cyw43_driver.c.obj
                0x10009c5c                cyw43_driver_deinit
 .text.storage_read_blocks
                0x10009cc0        0x6 src/CMakeFiles/PicoWBLEFreeRTOS.dir/P_/RaspberryPicoSDK/pico-sdk/src/rp2_common/pico_cyw43_driver/cyw43_driver.c.obj
                0x10009cc0                storage_read_blocks
 *fill*         0x10009cc6        0x2 
 .text.cyw43_hal_generate_laa_mac
                0x10009cc8       0x34 src/CMakeFiles/PicoWBLEFreeRTOS.dir/P_/RaspberryPicoSDK/pico-sdk/src/rp2_common/pico_cyw43_driver/cyw43_driver.c.obj
                0x10009cc8                cyw43_hal_generate_laa_mac
 .text.cyw43_thread_enter
                0x10009cfc       0x14 src/CMakeFiles/PicoWBLEFreeRTOS.dir/P_/RaspberryPicoSDK/pico-sdk/src/rp2_common/pico_cyw43_driver/cyw43_driver.c.obj
                0x10009cfc                cyw43_thread_enter
 .text.cyw43_thread_exit
                0x10009d10       0x14 src/CMakeFiles/PicoWBLEFreeRTOS.dir/P_/RaspberryPicoSDK/pico-sdk/src/rp2_common/pico_cyw43_driver/cyw43_driver.c.obj
                0x10009d10                cyw43_thread_exit
 .text.cyw43_thread_lock_check
                0x10009d24       0x14 src/CMakeFiles/PicoWBLEFreeRTOS.dir/P_/RaspberryPicoSDK/pico-sdk/src/rp2_common/pico_cyw43_driver/cyw43_driver.c.obj
                0x10009d24                cyw43_thread_lock_check
 .text.cyw43_await_background_or_timeout_us
                0x10009d38       0x60 src/CMakeFiles/PicoWBLEFreeRTOS.dir/P_/RaspberryPicoSDK/pico-sdk/src/rp2_common/pico_cyw43_driver/cyw43_driver.c.obj
                0x10009d38                cyw43_await_background_or_timeout_us
 .text.cyw43_delay_ms
                0x10009d98       0x70 src/CMakeFiles/PicoWBLEFreeRTOS.dir/P_/RaspberryPicoSDK/pico-sdk/src/rp2_common/pico_cyw43_driver/cyw43_driver.c.obj
                0x10009d98                cyw43_delay_ms
 .text.cyw43_cb_tcpip_deinit
                0x10009e08        0x2 src/CMakeFiles/PicoWBLEFreeRTOS.dir/P_/RaspberryPicoSDK/pico-sdk/src/rp2_common/pico_cyw43_driver/cyw43_driver.c.obj
                0x10009e08                cyw43_cb_tcpip_deinit
 .text.cyw43_cb_tcpip_set_link_up
                0x10009e0a        0x6 src/CMakeFiles/PicoWBLEFreeRTOS.dir/P_/RaspberryPicoSDK/pico-sdk/src/rp2_common/pico_cyw43_driver/cyw43_driver.c.obj
                0x10009e0a                cyw43_cb_tcpip_set_link_up
 .text.cyw43_cb_tcpip_set_link_down
                0x10009e10        0x6 src/CMakeFiles/PicoWBLEFreeRTOS.dir/P_/RaspberryPicoSDK/pico-sdk/src/rp2_common/pico_cyw43_driver/cyw43_driver.c.obj
                0x10009e10                cyw43_cb_tcpip_set_link_down
 .text.cyw43_cb_process_ethernet
                0x10009e16        0x6 src/CMakeFiles/PicoWBLEFreeRTOS.dir/P_/RaspberryPicoSDK/pico-sdk/src/rp2_common/pico_cyw43_driver/cyw43_driver.c.obj
                0x10009e16                cyw43_cb_process_ethernet
 .text.handle_sync_func_call
                0x10009e1c       0x22 src/CMakeFiles/PicoWBLEFreeRTOS.dir/P_/RaspberryPicoSDK/pico-sdk/src/rp2_common/pico_async_context/async_context_threadsafe_background.c.obj
 .text.async_context_threadsafe_background_acquire_lock_blocking
                0x10009e3e        0xa src/CMakeFiles/PicoWBLEFreeRTOS.dir/P_/RaspberryPicoSDK/pico-sdk/src/rp2_common/pico_async_context/async_context_threadsafe_background.c.obj
 .text.async_context_threadsafe_background_lock_check
                0x10009e48       0x24 src/CMakeFiles/PicoWBLEFreeRTOS.dir/P_/RaspberryPicoSDK/pico-sdk/src/rp2_common/pico_async_context/async_context_threadsafe_background.c.obj
 .text.process_under_lock
                0x10009e6c       0xfc src/CMakeFiles/PicoWBLEFreeRTOS.dir/P_/RaspberryPicoSDK/pico-sdk/src/rp2_common/pico_async_context/async_context_threadsafe_background.c.obj
 .text.low_prio_irq_deinit
                0x10009f68       0x50 src/CMakeFiles/PicoWBLEFreeRTOS.dir/P_/RaspberryPicoSDK/pico-sdk/src/rp2_common/pico_async_context/async_context_threadsafe_background.c.obj
 .text.async_context_threadsafe_background_deinit
                0x10009fb8       0x68 src/CMakeFiles/PicoWBLEFreeRTOS.dir/P_/RaspberryPicoSDK/pico-sdk/src/rp2_common/pico_async_context/async_context_threadsafe_background.c.obj
 .text.low_priority_irq_handler
                0x1000a020       0x78 src/CMakeFiles/PicoWBLEFreeRTOS.dir/P_/RaspberryPicoSDK/pico-sdk/src/rp2_common/pico_async_context/async_context_threadsafe_background.c.obj
 .text.async_context_threadsafe_background_wait_for_work_until
                0x1000a098        0xa src/CMakeFiles/PicoWBLEFreeRTOS.dir/P_/RaspberryPicoSDK/pico-sdk/src/rp2_common/pico_async_context/async_context_threadsafe_background.c.obj
 .text.async_context_threadsafe_background_wait_until
                0x1000a0a2       0x1a src/CMakeFiles/PicoWBLEFreeRTOS.dir/P_/RaspberryPicoSDK/pico-sdk/src/rp2_common/pico_async_context/async_context_threadsafe_background.c.obj
 .text.low_prio_irq_init
                0x1000a0bc       0x80 src/CMakeFiles/PicoWBLEFreeRTOS.dir/P_/RaspberryPicoSDK/pico-sdk/src/rp2_common/pico_async_context/async_context_threadsafe_background.c.obj
 .text.async_context_threadsafe_background_wake_up
                0x1000a13c       0x4c src/CMakeFiles/PicoWBLEFreeRTOS.dir/P_/RaspberryPicoSDK/pico-sdk/src/rp2_common/pico_async_context/async_context_threadsafe_background.c.obj
 .text.lock_release
                0x1000a188       0x42 src/CMakeFiles/PicoWBLEFreeRTOS.dir/P_/RaspberryPicoSDK/pico-sdk/src/rp2_common/pico_async_context/async_context_threadsafe_background.c.obj
 *fill*         0x1000a1ca        0x2 
 .text.async_context_threadsafe_background_execute_sync
                0x1000a1cc       0x84 src/CMakeFiles/PicoWBLEFreeRTOS.dir/P_/RaspberryPicoSDK/pico-sdk/src/rp2_common/pico_async_context/async_context_threadsafe_background.c.obj
                0x1000a1cc                async_context_threadsafe_background_execute_sync
 .text.async_context_threadsafe_background_release_lock
                0x1000a250        0x8 src/CMakeFiles/PicoWBLEFreeRTOS.dir/P_/RaspberryPicoSDK/pico-sdk/src/rp2_common/pico_async_context/async_context_threadsafe_background.c.obj
 .text.async_context_threadsafe_background_when_pending_worker
                0x1000a258       0x20 src/CMakeFiles/PicoWBLEFreeRTOS.dir/P_/RaspberryPicoSDK/pico-sdk/src/rp2_common/pico_async_context/async_context_threadsafe_background.c.obj
 .text.async_context_threadsafe_background_add_when_pending_worker
                0x1000a278       0x20 src/CMakeFiles/PicoWBLEFreeRTOS.dir/P_/RaspberryPicoSDK/pico-sdk/src/rp2_common/pico_async_context/async_context_threadsafe_background.c.obj
 .text.async_context_threadsafe_background_remove_at_time_worker
                0x1000a298       0x20 src/CMakeFiles/PicoWBLEFreeRTOS.dir/P_/RaspberryPicoSDK/pico-sdk/src/rp2_common/pico_async_context/async_context_threadsafe_background.c.obj
 .text.async_context_threadsafe_background_add_at_time_worker
                0x1000a2b8       0x20 src/CMakeFiles/PicoWBLEFreeRTOS.dir/P_/RaspberryPicoSDK/pico-sdk/src/rp2_common/pico_async_context/async_context_threadsafe_background.c.obj
 .text.alarm_handler
                0x1000a2d8       0x16 src/CMakeFiles/PicoWBLEFreeRTOS.dir/P_/RaspberryPicoSDK/pico-sdk/src/rp2_common/pico_async_context/async_context_threadsafe_background.c.obj
 .text.async_context_threadsafe_background_set_work_pending
                0x1000a2ee        0xc src/CMakeFiles/PicoWBLEFreeRTOS.dir/P_/RaspberryPicoSDK/pico-sdk/src/rp2_common/pico_async_context/async_context_threadsafe_background.c.obj
 .text.async_context_threadsafe_background_default_config
                0x1000a2fa        0xa src/CMakeFiles/PicoWBLEFreeRTOS.dir/P_/RaspberryPicoSDK/pico-sdk/src/rp2_common/pico_async_context/async_context_threadsafe_background.c.obj
                0x1000a2fa                async_context_threadsafe_background_default_config
 .text.async_context_threadsafe_background_init
                0x1000a304       0x8c src/CMakeFiles/PicoWBLEFreeRTOS.dir/P_/RaspberryPicoSDK/pico-sdk/src/rp2_common/pico_async_context/async_context_threadsafe_background.c.obj
                0x1000a304                async_context_threadsafe_background_init
 .text.async_context_base_add_at_time_worker
                0x1000a390       0x1c src/CMakeFiles/PicoWBLEFreeRTOS.dir/P_/RaspberryPicoSDK/pico-sdk/src/rp2_common/pico_async_context/async_context_base.c.obj
                0x1000a390                async_context_base_add_at_time_worker
 .text.async_context_base_remove_at_time_worker
                0x1000a3ac       0x1c src/CMakeFiles/PicoWBLEFreeRTOS.dir/P_/RaspberryPicoSDK/pico-sdk/src/rp2_common/pico_async_context/async_context_base.c.obj
                0x1000a3ac                async_context_base_remove_at_time_worker
 .text.async_context_base_add_when_pending_worker
                0x1000a3c8       0x1c src/CMakeFiles/PicoWBLEFreeRTOS.dir/P_/RaspberryPicoSDK/pico-sdk/src/rp2_common/pico_async_context/async_context_base.c.obj
                0x1000a3c8                async_context_base_add_when_pending_worker
 .text.async_context_base_remove_when_pending_worker
                0x1000a3e4       0x1c src/CMakeFiles/PicoWBLEFreeRTOS.dir/P_/RaspberryPicoSDK/pico-sdk/src/rp2_common/pico_async_context/async_context_base.c.obj
                0x1000a3e4                async_context_base_remove_when_pending_worker
 .text.async_context_base_remove_ready_at_time_worker
                0x1000a400       0x94 src/CMakeFiles/PicoWBLEFreeRTOS.dir/P_/RaspberryPicoSDK/pico-sdk/src/rp2_common/pico_async_context/async_context_base.c.obj
                0x1000a400                async_context_base_remove_ready_at_time_worker
 .text.async_context_base_refresh_next_timeout
                0x1000a494       0x4c src/CMakeFiles/PicoWBLEFreeRTOS.dir/P_/RaspberryPicoSDK/pico-sdk/src/rp2_common/pico_async_context/async_context_base.c.obj
                0x1000a494                async_context_base_refresh_next_timeout
 .text.async_context_base_execute_once
                0x1000a4e0       0x48 src/CMakeFiles/PicoWBLEFreeRTOS.dir/P_/RaspberryPicoSDK/pico-sdk/src/rp2_common/pico_async_context/async_context_base.c.obj
                0x1000a4e0                async_context_base_execute_once
 .text.async_context_base_needs_servicing
                0x1000a528       0x6c src/CMakeFiles/PicoWBLEFreeRTOS.dir/P_/RaspberryPicoSDK/pico-sdk/src/rp2_common/pico_async_context/async_context_base.c.obj
                0x1000a528                async_context_base_needs_servicing
 .text.core1_trampoline
                0x1000a594        0x2 src/CMakeFiles/PicoWBLEFreeRTOS.dir/P_/RaspberryPicoSDK/pico-sdk/src/rp2_common/pico_multicore/multicore.c.obj
 .text.core1_wrapper
                0x1000a596        0xc src/CMakeFiles/PicoWBLEFreeRTOS.dir/P_/RaspberryPicoSDK/pico-sdk/src/rp2_common/pico_multicore/multicore.c.obj
                0x1000a596                core1_wrapper
 .text.multicore_fifo_push_blocking